<html>
<body>
<pre>
<h1>µVision Build Log</h1>
<h2>Tool Versions:</h2>
IDE-Version: ¦ÌVision V5.15
Copyright (C) 2015 ARM Ltd and ARM Germany GmbH. All rights reserved.
License Information: RE SGF, FGF, LIC=YA3AR-KG3G9-VEZHA-152PN-H1EV6-CWPQ6
 
Tool Versions:
Toolchain:       MDK-ARM Standard  Version: 5.15.0
Toolchain Path:  C:\Keil_v5\ARM\ARMCC\Bin
C Compiler:      Armcc.exe V5.05 update 2 (build 169)
Assembler:       Armasm.exe V5.05 update 2 (build 169)
Linker/Locator:  ArmLink.exe V5.05 update 2 (build 169)
Library Manager: ArmAr.exe V5.05 update 2 (build 169)
Hex Converter:   FromElf.exe V5.05 update 2 (build 169)
CPU DLL:         SARMCM3.DLL V5.15.0
Dialog DLL:      DARMSTM.DLL V1.65.0.0
Target DLL:      Segger\JL2CM3.dll V2.99.15.0
Dialog DLL:      TARMSTM.DLL V1.64.0.0
 
<h2>Project:</h2>
D:\future\Sceince\DRAGON\ANO\ANO\FLY\User\Project.uvprojx
Project File Date:  05/24/2016

<h2>Output:</h2>
*** Using Compiler 'V5.05 update 2 (build 169)', folder: 'C:\Keil_v5\ARM\ARMCC\Bin'
Rebuild target 'STM32_Project'
assembling startup_stm32f10x_md.s...
compiling main.c...
main.c(20): warning:  #177-D: variable "q" was declared but never referenced
        float q[4];
main.c: 1 warning, 0 errors
compiling stm32f10x_it.c...
compiling misc.c...
compiling stm32f10x_gpio.c...
compiling stm32f10x_rcc.c...
compiling stm32f10x_usart.c...
compiling stm32f10x_i2c.c...
compiling stm32f10x_tim.c...
compiling stm32f10x_spi.c...
compiling core_cm3.c...
compiling system_stm32f10x.c...
compiling config.c...
compiling delay.c...
compiling HSEconf.c...
compiling LED.c...
compiling sys.c...
compiling usart.c...
compiling IIC.c...
compiling IMU.C...
compiling MPU6050.c...
compiling MOTOR.c...
compiling 24l01.c...
compiling spi.c...
compiling wave.c...
compiling PID.c...
..\Hardware\PID.c(32): warning:  #177-D: variable "yaw_Out" was declared but never referenced
      static float roll_Out = 0, pitch_Out = 0, yaw_Out = 0;
..\Hardware\PID.c(33): warning:  #177-D: variable "yaw_i" was declared but never referenced
      static float roll_i = 0, pitch_i = 0, yaw_i = 0;
..\Hardware\PID.c: 2 warnings, 0 errors
linking...
Program Size: Code=26200 RO-data=520 RW-data=300 ZI-data=1404  
FromELF: creating hex file...
"..\Output\Project.axf" - 0 Error(s), 3 Warning(s).

<h2>Collection of Component include folders:</h2>
  D:\future\Sceince\DRAGON\ANO\ANO\FLY\User\RTE
  C:\Keil_v5\ARM\PACK\Keil\STM32F1xx_DFP\1.1.0\Device\Include

<h2>Collection of Component Files used:</h2>
</pre>
</body>
</html>
