Component: ARM Compiler 5.05 update 2 (build 169) Tool: armlink [4d0f33]

==============================================================================

Section Cross References

    startup_stm32f10x_md.o(RESET) refers to startup_stm32f10x_md.o(STACK) for __initial_sp
    startup_stm32f10x_md.o(RESET) refers to startup_stm32f10x_md.o(.text) for Reset_Handler
    startup_stm32f10x_md.o(RESET) refers to stm32f10x_it.o(.text) for NMI_Handler
    startup_stm32f10x_md.o(RESET) refers to usart.o(.text) for USART1_IRQHandler
    startup_stm32f10x_md.o(.text) refers to system_stm32f10x.o(.text) for SystemInit
    startup_stm32f10x_md.o(.text) refers to entry.o(.ARM.Collect$$$$00000000) for __main
    main.o(.text) refers to memseta.o(.text) for __aeabi_memclr4
    main.o(.text) refers to hseconf.o(.text) for RCC_HSE_Configuration
    main.o(.text) refers to delay.o(.text) for SysTick_Init
    main.o(.text) refers to usart.o(.text) for USART1_Config
    main.o(.text) refers to led.o(.text) for LED_Init
    main.o(.text) refers to iic.o(.text) for IIC_Init
    main.o(.text) refers to timer.o(.text) for Tim3_Init
    main.o(.text) refers to motor.o(.text) for TIM2_Init
    main.o(.text) refers to mpu6050.o(.text) for Mpu6050_Init_offset
    main.o(.text) refers to pid.o(.text) for Set_PWM
    main.o(.text) refers to 24l01.o(.text) for NRF24L01_Init
    main.o(.text) refers to imu.o(.text) for IMU_getYawPitchRoll
    main.o(.text) refers to fmul.o(.text) for __aeabi_fmul
    main.o(.text) refers to ffixi.o(.text) for __aeabi_f2iz
    main.o(.text) refers to wave.o(.text) for send_status
    main.o(.text) refers to fflti.o(.text) for __aeabi_i2f
    main.o(.text) refers to f2d.o(.text) for __aeabi_f2d
    main.o(.text) refers to ddiv.o(.text) for __aeabi_ddiv
    main.o(.text) refers to d2f.o(.text) for __aeabi_d2f
    main.o(.text) refers to dmul.o(.text) for __aeabi_dmul
    main.o(.text) refers to dfixi.o(.text) for __aeabi_d2iz
    main.o(.text) refers to dflti.o(.text) for __aeabi_i2d
    main.o(.text) refers to strcpy.o(.text) for strcpy
    main.o(.text) refers to strcmp.o(.text) for strcmp
    main.o(.text) refers to stm32f10x_it.o(.data) for FLAG_ATT
    main.o(.text) refers to pid.o(.data) for expRoll
    main.o(.text) refers to usart.o(.data) for STA
    stm32f10x_it.o(.text) refers to stm32f10x_it.o(.data) for ms1_cnt
    stm32f10x_gpio.o(.text) refers to stm32f10x_rcc.o(.text) for RCC_APB2PeriphResetCmd
    stm32f10x_rcc.o(.text) refers to stm32f10x_rcc.o(.data) for APBAHBPrescTable
    stm32f10x_usart.o(.text) refers to stm32f10x_rcc.o(.text) for RCC_APB2PeriphResetCmd
    stm32f10x_i2c.o(.text) refers to stm32f10x_rcc.o(.text) for RCC_APB1PeriphResetCmd
    stm32f10x_tim.o(.text) refers to stm32f10x_rcc.o(.text) for RCC_APB2PeriphResetCmd
    stm32f10x_spi.o(.text) refers to stm32f10x_rcc.o(.text) for RCC_APB2PeriphResetCmd
    system_stm32f10x.o(.text) refers to system_stm32f10x.o(.data) for SystemCoreClock
    delay.o(.text) refers to delay.o(.data) for fac_us
    hseconf.o(.text) refers to stm32f10x_rcc.o(.text) for RCC_DeInit
    led.o(.text) refers to stm32f10x_rcc.o(.text) for RCC_APB2PeriphClockCmd
    led.o(.text) refers to stm32f10x_gpio.o(.text) for GPIO_Init
    led.o(.text) refers to delay.o(.text) for delay_us
    sys.o(.text) refers to misc.o(.text) for NVIC_PriorityGroupConfig
    usart.o(.text) refers to stm32f10x_rcc.o(.text) for RCC_APB2PeriphClockCmd
    usart.o(.text) refers to stm32f10x_gpio.o(.text) for GPIO_Init
    usart.o(.text) refers to stm32f10x_usart.o(.text) for USART_Init
    usart.o(.text) refers to misc.o(.text) for NVIC_Init
    usart.o(.text) refers to usart.o(.bss) for Res
    usart.o(.text) refers to usart.o(.data) for p
    iic.o(.text) refers to stm32f10x_rcc.o(.text) for RCC_APB2PeriphClockCmd
    iic.o(.text) refers to stm32f10x_gpio.o(.text) for GPIO_Init
    iic.o(.text) refers to delay.o(.text) for delay_us
    imu.o(.text) refers to stm32f10x_rcc.o(.text) for RCC_APB1PeriphClockCmd
    imu.o(.text) refers to stm32f10x_tim.o(.text) for TIM_TimeBaseStructInit
    imu.o(.text) refers to fmul.o(.text) for __aeabi_fmul
    imu.o(.text) refers to fadd.o(.text) for __aeabi_fadd
    imu.o(.text) refers to f2d.o(.text) for __aeabi_f2d
    imu.o(.text) refers to sqrt.o(i.sqrt) for sqrt
    imu.o(.text) refers to d2f.o(.text) for __aeabi_d2f
    imu.o(.text) refers to fdiv.o(.text) for __aeabi_fdiv
    imu.o(.text) refers to imu.o(.data) for q2
    imu.o(.text) refers to dmul.o(.text) for __aeabi_dmul
    imu.o(.text) refers to ddiv.o(.text) for __aeabi_ddiv
    imu.o(.text) refers to atan2.o(i.atan2) for atan2
    imu.o(.text) refers to asin.o(i.asin) for asin
    imu.o(.text) refers to mpu6050.o(.data) for fGYRO_Z
    mpu6050.o(.text) refers to iic.o(.text) for IIC_Start
    mpu6050.o(.text) refers to delay.o(.text) for delay_ms
    mpu6050.o(.text) refers to dflti.o(.text) for __aeabi_i2d
    mpu6050.o(.text) refers to ddiv.o(.text) for __aeabi_ddiv
[...]
    pid.o(.text) refers to cfrcmple.o(.text) for __aeabi_cfrcmple
    pid.o(.text) refers to fflti.o(.text) for __aeabi_i2f
    pid.o(.text) refers to ffixi.o(.text) for __aeabi_f2iz
    pid.o(.text) refers to stm32f10x_tim.o(.text) for TIM_SetCompare1
    pid.o(.text) refers to pid.o(.bss) for PID_ROLL
    pid.o(.text) refers to pid.o(.data) for surRoll
    pid.o(.text) refers to mpu6050.o(.data) for fGYRO_X
    timer.o(.text) refers to stm32f10x_rcc.o(.text) for RCC_APB1PeriphClockCmd
    timer.o(.text) refers to stm32f10x_tim.o(.text) for TIM_DeInit
    timer.o(.text) refers to misc.o(.text) for NVIC_Init
    asin.o(i.__softfp_asin) refers (Special) to iusefp.o(.text) for __I$use$fp
    asin.o(i.__softfp_asin) refers to asin.o(i.asin) for asin
    asin.o(i.asin) refers (Special) to iusefp.o(.text) for __I$use$fp
    asin.o(i.asin) refers to dunder.o(i.__mathlib_dbl_infnan) for __mathlib_dbl_infnan
    asin.o(i.asin) refers to dmul.o(.text) for __aeabi_dmul
    asin.o(i.asin) refers to dadd.o(.text) for __aeabi_dadd
    asin.o(i.asin) refers to errno.o(i.__set_errno) for __set_errno
    asin.o(i.asin) refers to dunder.o(i.__mathlib_dbl_invalid) for __mathlib_dbl_invalid
    asin.o(i.asin) refers to fpclassify.o(i.__ARM_fpclassify) for __ARM_fpclassify
    asin.o(i.asin) refers to dunder.o(i.__mathlib_dbl_underflow) for __mathlib_dbl_underflow
    asin.o(i.asin) refers to poly.o(i.__kernel_poly) for __kernel_poly
    asin.o(i.asin) refers to ddiv.o(.text) for __aeabi_ddiv
    asin.o(i.asin) refers to dscalb.o(.text) for __ARM_scalbn
    asin.o(i.asin) refers to sqrt.o(i.sqrt) for sqrt
    asin.o(i.asin) refers to asin.o(.constdata) for .constdata
    asin.o(.constdata) refers (Special) to iusefp.o(.text) for __I$use$fp
    asin_x.o(i.____softfp_asin$lsc) refers (Special) to iusefp.o(.text) for __I$use$fp
    asin_x.o(i.____softfp_asin$lsc) refers to asin_x.o(i.__asin$lsc) for __asin$lsc
    asin_x.o(i.__asin$lsc) refers (Special) to iusefp.o(.text) for __I$use$fp
    asin_x.o(i.__asin$lsc) refers to dunder.o(i.__mathlib_dbl_infnan) for __mathlib_dbl_infnan
    asin_x.o(i.__asin$lsc) refers to dmul.o(.text) for __aeabi_dmul
    asin_x.o(i.__asin$lsc) refers to dadd.o(.text) for __aeabi_dadd
    asin_x.o(i.__asin$lsc) refers to errno.o(i.__set_errno) for __set_errno
    asin_x.o(i.__asin$lsc) refers to poly.o(i.__kernel_poly) for __kernel_poly
    asin_x.o(i.__asin$lsc) refers to ddiv.o(.text) for __aeabi_ddiv
    asin_x.o(i.__asin$lsc) refers to dscalb.o(.text) for __ARM_scalbn
    asin_x.o(i.__asin$lsc) refers to sqrt.o(i.sqrt) for sqrt
    asin_x.o(i.__asin$lsc) refers to asin_x.o(.constdata) for .constdata
    asin_x.o(.constdata) refers (Special) to iusefp.o(.text) for __I$use$fp
    atan.o(i.__softfp_atan) refers (Special) to iusefp.o(.text) for __I$use$fp
    atan.o(i.__softfp_atan) refers to atan.o(i.atan) for atan
    atan.o(i.atan) refers (Special) to iusefp.o(.text) for __I$use$fp
    atan.o(i.atan) refers to dunder.o(i.__mathlib_dbl_infnan) for __mathlib_dbl_infnan
    atan.o(i.atan) refers to fpclassify.o(i.__ARM_fpclassify) for __ARM_fpclassify
    atan.o(i.atan) refers to dunder.o(i.__mathlib_dbl_underflow) for __mathlib_dbl_underflow
    atan.o(i.atan) refers to dadd.o(.text) for __aeabi_dadd
    atan.o(i.atan) refers to dscalb.o(.text) for __ARM_scalbn
    atan.o(i.atan) refers to ddiv.o(.text) for __aeabi_ddiv
    atan.o(i.atan) refers to dmul.o(.text) for __aeabi_dmul
    atan.o(i.atan) refers to poly.o(i.__kernel_poly) for __kernel_poly
    atan.o(i.atan) refers to atan.o(.constdata) for .constdata
    atan.o(.constdata) refers (Special) to iusefp.o(.text) for __I$use$fp
    atan_x.o(i.____softfp_atan$lsc) refers (Special) to iusefp.o(.text) for __I$use$fp
    atan_x.o(i.____softfp_atan$lsc) refers to atan_x.o(i.__atan$lsc) for __atan$lsc
    atan_x.o(i.__atan$lsc) refers (Special) to iusefp.o(.text) for __I$use$fp
    atan_x.o(i.__atan$lsc) refers to dunder.o(i.__mathlib_dbl_infnan) for __mathlib_dbl_infnan
    atan_x.o(i.__atan$lsc) refers to dadd.o(.text) for __aeabi_dadd
    atan_x.o(i.__atan$lsc) refers to dscalb.o(.text) for __ARM_scalbn
    atan_x.o(i.__atan$lsc) refers to ddiv.o(.text) for __aeabi_ddiv
    atan_x.o(i.__atan$lsc) refers to dmul.o(.text) for __aeabi_dmul
    atan_x.o(i.__atan$lsc) refers to poly.o(i.__kernel_poly) for __kernel_poly
    atan_x.o(i.__atan$lsc) refers to atan_x.o(.constdata) for .constdata
    atan_x.o(.constdata) refers (Special) to iusefp.o(.text) for __I$use$fp
    atan2.o(i.__softfp_atan2) refers (Special) to iusefp.o(.text) for __I$use$fp
    atan2.o(i.__softfp_atan2) refers to atan2.o(i.atan2) for atan2
    atan2.o(i.atan2) refers (Special) to iusefp.o(.text) for __I$use$fp
    atan2.o(i.atan2) refers to dunder.o(i.__mathlib_dbl_infnan2) for __mathlib_dbl_infnan2
    atan2.o(i.atan2) refers to atan.o(i.atan) for atan
    atan2.o(i.atan2) refers to ddiv.o(.text) for __aeabi_ddiv
    atan2.o(i.atan2) refers to dadd.o(.text) for __aeabi_dsub
    atan2.o(i.atan2) refers to qnan.o(.constdata) for __mathlib_zero
    atan2_x.o(i.____softfp_atan2$lsc) refers (Special) to iusefp.o(.text) for __I$use$fp
    atan2_x.o(i.____softfp_atan2$lsc) refers to atan2_x.o(i.__atan2$lsc) for __atan2$lsc
    atan2_x.o(i.__atan2$lsc) refers (Special) to iusefp.o(.text) for __I$use$fp
    atan2_x.o(i.__atan2$lsc) refers to dunder.o(i.__mathlib_dbl_infnan2) for __mathlib_dbl_infnan2
    atan2_x.o(i.__atan2$lsc) refers to atan.o(i.atan) for atan
    atan2_x.o(i.__atan2$lsc) refers to errno.o(i.__set_errno) for __set_errno
    atan2_x.o(i.__atan2$lsc) refers to ddiv.o(.text) for __aeabi_ddiv
    atan2_x.o(i.__atan2$lsc) refers to dadd.o(.text) for __aeabi_dsub
    atan2_x.o(i.__atan2$lsc) refers to qnan.o(.constdata) for __mathlib_zero
    sqrt.o(i.__softfp_sqrt) refers (Special) to iusefp.o(.text) for __I$use$fp
    sqrt.o(i.__softfp_sqrt) refers to dsqrt.o(.text) for _dsqrt
    sqrt.o(i.__softfp_sqrt) refers to errno.o(i.__set_errno) for __set_errno
    sqrt.o(i.sqrt) refers (Special) to iusefp.o(.text) for __I$use$fp
    sqrt.o(i.sqrt) refers to dsqrt.o(.text) for _dsqrt
    sqrt.o(i.sqrt) refers to errno.o(i.__set_errno) for __set_errno
    sqrt_x.o(i.____softfp_sqrt$lsc) refers (Special) to iusefp.o(.text) for __I$use$fp
    sqrt_x.o(i.____softfp_sqrt$lsc) refers to cdcmple.o(.text) for __aeabi_cdcmple
    sqrt_x.o(i.____softfp_sqrt$lsc) refers to errno.o(i.__set_errno) for __set_errno
    sqrt_x.o(i.____softfp_sqrt$lsc) refers to dsqrt.o(.text) for _dsqrt
    sqrt_x.o(i.__sqrt$lsc) refers (Special) to iusefp.o(.text) for __I$use$fp
    sqrt_x.o(i.__sqrt$lsc) refers to cdcmple.o(.text) for __aeabi_cdcmple
    sqrt_x.o(i.__sqrt$lsc) refers to errno.o(i.__set_errno) for __set_errno
    sqrt_x.o(i.__sqrt$lsc) refers to dsqrt.o(.text) for _dsqrt
    entry.o(.ARM.Collect$$$$00000000) refers (Special) to entry10a.o(.ARM.Collect$$$$0000000D) for __rt_final_cpp
    entry.o(.ARM.Collect$$$$00000000) refers (Special) to entry11a.o(.ARM.Collect$$$$0000000F) for __rt_final_exit
    entry.o(.ARM.Collect$$$$00000000) refers (Special) to entry7b.o(.ARM.Collect$$$$00000008) for _main_clock
    entry.o(.ARM.Collect$$$$00000000) refers (Special) to entry8b.o(.ARM.Collect$$$$0000000A) for _main_cpp_init
    entry.o(.ARM.Collect$$$$00000000) refers (Special) to entry9a.o(.ARM.Collect$$$$0000000B) for _main_init
    entry.o(.ARM.Collect$$$$00000000) refers (Special) to entry5.o(.ARM.Collect$$$$00000004) for _main_scatterload
    entry.o(.ARM.Collect$$$$00000000) refers (Special) to entry2.o(.ARM.Collect$$$$00000001) for _main_stk
    fadd.o(.text) refers (Special) to iusefp.o(.text) for __I$use$fp
    fadd.o(.text) refers to fepilogue.o(.text) for _float_epilogue
    fmul.o(.text) refers (Special) to iusefp.o(.text) for __I$use$fp
    fdiv.o(.text) refers (Special) to iusefp.o(.text) for __I$use$fp
    fdiv.o(.text) refers to fepilogue.o(.text) for _float_round
    dadd.o(.text) refers (Special) to iusefp.o(.text) for __I$use$fp
    dadd.o(.text) refers to llshl.o(.text) for __aeabi_llsl
    dadd.o(.text) refers to llsshr.o(.text) for __aeabi_lasr
    dadd.o(.text) refers to depilogue.o(.text) for _double_epilogue
    dmul.o(.text) refers (Special) to iusefp.o(.text) for __I$use$fp
    dmul.o(.text) refers to depilogue.o(.text) for _double_epilogue
    ddiv.o(.text) refers (Special) to iusefp.o(.text) for __I$use$fp
    ddiv.o(.text) refers to depilogue.o(.text) for _double_round
    fflti.o(.text) refers (Special) to iusefp.o(.text) for __I$use$fp
    fflti.o(.text) refers to fepilogue.o(.text) for _float_epilogue
    dflti.o(.text) refers (Special) to iusefp.o(.text) for __I$use$fp
    dflti.o(.text) refers to depilogue.o(.text) for _double_epilogue
    ffixi.o(.text) refers (Special) to iusefp.o(.text) for __I$use$fp
    dfixi.o(.text) refers (Special) to iusefp.o(.text) for __I$use$fp
    dfixi.o(.text) refers to llushr.o(.text) for __aeabi_llsr
    f2d.o(.text) refers (Special) to iusefp.o(.text) for __I$use$fp
    cdcmple.o(.text) refers (Special) to iusefp.o(.text) for __I$use$fp
    cdrcmple.o(.text) refers (Special) to iusefp.o(.text) for __I$use$fp
    d2f.o(.text) refers (Special) to iusefp.o(.text) for __I$use$fp
    d2f.o(.text) refers to fepilogue.o(.text) for _float_round
    cfcmple.o(.text) refers (Special) to iusefp.o(.text) for __I$use$fp
    cfrcmple.o(.text) refers (Special) to iusefp.o(.text) for __I$use$fp
    dunder.o(i.__mathlib_dbl_divzero) refers to ddiv.o(.text) for __aeabi_ddiv
    dunder.o(i.__mathlib_dbl_infnan) refers to dscalb.o(.text) for __ARM_scalbn
    dunder.o(i.__mathlib_dbl_infnan2) refers to dadd.o(.text) for __aeabi_dadd
    dunder.o(i.__mathlib_dbl_invalid) refers to ddiv.o(.text) for __aeabi_ddiv
    dunder.o(i.__mathlib_dbl_overflow) refers to dscalb.o(.text) for __ARM_scalbn
    dunder.o(i.__mathlib_dbl_posinfnan) refers to dmul.o(.text) for __aeabi_dmul
    dunder.o(i.__mathlib_dbl_underflow) refers to dscalb.o(.text) for __ARM_scalbn
    fpclassify.o(i.__ARM_fpclassify) refers (Special) to iusefp.o(.text) for __I$use$fp
    poly.o(i.__kernel_poly) refers (Special) to iusefp.o(.text) for __I$use$fp
    poly.o(i.__kernel_poly) refers to dmul.o(.text) for __aeabi_dmul
    poly.o(i.__kernel_poly) refers to dadd.o(.text) for __aeabi_dadd
    qnan.o(.constdata) refers (Special) to iusefp.o(.text) for __I$use$fp
    entry2.o(.ARM.Collect$$$$00000001) refers to entry2.o(.ARM.Collect$$$$00002712) for __lit__00000000
    entry2.o(.ARM.Collect$$$$00002712) refers to startup_stm32f10x_md.o(STACK) for __initial_sp
    entry2.o(__vectab_stack_and_reset_area) refers to startup_stm32f10x_md.o(STACK) for __initial_sp
    entry2.o(__vectab_stack_and_reset_area) refers to entry.o(.ARM.Collect$$$$00000000) for __main
    entry5.o(.ARM.Collect$$$$00000004) refers to init.o(.text) for __scatterload
    entry9a.o(.ARM.Collect$$$$0000000B) refers to main.o(.text) for main
    entry9b.o(.ARM.Collect$$$$0000000C) refers to main.o(.text) for main
    errno.o(i.__aeabi_errno_addr) refers to errno.o(.data) for .data
    errno.o(i.__read_errno) refers to errno.o(.data) for .data
    errno.o(i.__set_errno) refers to errno.o(.data) for .data
    depilogue.o(.text) refers to llshl.o(.text) for __aeabi_llsl
    depilogue.o(.text) refers to llushr.o(.text) for __aeabi_llsr
    dsqrt.o(.text) refers to llushr.o(.text) for __aeabi_llsr
    dsqrt.o(.text) refers to depilogue.o(.text) for _double_round
    init.o(.text) refers to entry5.o(.ARM.Collect$$$$00000004) for __main_after_scatterload
    wave.o(i.UART_Putc) refers to stm32f10x_usart.o(.text) for USART_SendData


==============================================================================

Removing Unused input sections from the image.

    Removing startup_stm32f10x_md.o(HEAP), (512 bytes).
    Removing stm32f10x_i2c.o(.text), (1028 bytes).
    Removing core_cm3.o(.emb_text), (32 bytes).
    Removing sys.o(.text), (12 bytes).

4 unused section(s) (total 1584 bytes) removed from the image.

==============================================================================

Image Symbol Table

    Local Symbols

    Symbol Name                              Value     Ov Type        Size  Object(Section)

    ../clib/microlib/errno.c                 0x00000000   Number         0  errno.o ABSOLUTE
    ../clib/microlib/init/entry.s            0x00000000   Number         0  entry2.o ABSOLUTE
    ../clib/microlib/init/entry.s            0x00000000   Number         0  entry5.o ABSOLUTE
    ../clib/microlib/init/entry.s            0x00000000   Number         0  entry7a.o ABSOLUTE
    ../clib/microlib/init/entry.s            0x00000000   Number         0  entry9a.o ABSOLUTE
    ../clib/microlib/init/entry.s            0x00000000   Number         0  entry7b.o ABSOLUTE
    ../clib/microlib/init/entry.s            0x00000000   Number         0  entry8a.o ABSOLUTE
    ../clib/microlib/init/entry.s            0x00000000   Number         0  entry8b.o ABSOLUTE
    ../clib/microlib/init/entry.s            0x00000000   Number         0  entry.o ABSOLUTE
    ../clib/microlib/init/entry.s            0x00000000   Number         0  entry9b.o ABSOLUTE
    ../clib/microlib/init/entry.s            0x00000000   Number         0  entry10a.o ABSOLUTE
    ../clib/microlib/init/entry.s            0x00000000   Number         0  entry10b.o ABSOLUTE
    ../clib/microlib/init/entry.s            0x00000000   Number         0  entry11a.o ABSOLUTE
    ../clib/microlib/init/entry.s            0x00000000   Number         0  entry11b.o ABSOLUTE
    ../clib/microlib/longlong.c              0x00000000   Number         0  llshl.o ABSOLUTE
    ../clib/microlib/longlong.c              0x00000000   Number         0  llsshr.o ABSOLUTE
    ../clib/microlib/longlong.c              0x00000000   Number         0  llushr.o ABSOLUTE
    ../clib/microlib/string/memset.c         0x00000000   Number         0  memseta.o ABSOLUTE
    ../clib/microlib/string/strcmp.c         0x00000000   Number         0  strcmp.o ABSOLUTE
    ../clib/microlib/string/strcpy.c         0x00000000   Number         0  strcpy.o ABSOLUTE
    ../clib/microlib/stubs.s                 0x00000000   Number         0  iusefp.o ABSOLUTE
    ../fplib/microlib/d2f.c                  0x00000000   Number         0  d2f.o ABSOLUTE
    ../fplib/microlib/f2d.c                  0x00000000   Number         0  f2d.o ABSOLUTE
    ../fplib/microlib/fpadd.c                0x00000000   Number         0  fadd.o ABSOLUTE
    ../fplib/microlib/fpadd.c                0x00000000   Number         0  dadd.o ABSOLUTE
    ../fplib/microlib/fpdiv.c                0x00000000   Number         0  fdiv.o ABSOLUTE
    ../fplib/microlib/fpdiv.c                0x00000000   Number         0  ddiv.o ABSOLUTE
    ../fplib/microlib/fpepilogue.c           0x00000000   Number         0  fepilogue.o ABSOLUTE
    ../fplib/microlib/fpepilogue.c           0x00000000   Number         0  depilogue.o ABSOLUTE
    ../fplib/microlib/fpfix.c                0x00000000   Number         0  dfixi.o ABSOLUTE
    ../fplib/microlib/fpfix.c                0x00000000   Number         0  ffixi.o ABSOLUTE
    ../fplib/microlib/fpflt.c                0x00000000   Number         0  fflti.o ABSOLUTE
    ../fplib/microlib/fpflt.c                0x00000000   Number         0  dflti.o ABSOLUTE
    ../fplib/microlib/fpmul.c                0x00000000   Number         0  dmul.o ABSOLUTE
    ../fplib/microlib/fpmul.c                0x00000000   Number         0  fmul.o ABSOLUTE
    ../fplib/microlib/fpscalb.c              0x00000000   Number         0  dscalb.o ABSOLUTE
    ../fplib/microlib/fpsqrt.c               0x00000000   Number         0  dsqrt.o ABSOLUTE
    ../mathlib/asin.c                        0x00000000   Number         0  asin_x.o ABSOLUTE
    ../mathlib/asin.c                        0x00000000   Number         0  asin.o ABSOLUTE
    ../mathlib/atan.c                        0x00000000   Number         0  atan_x.o ABSOLUTE
    ../mathlib/atan.c                        0x00000000   Number         0  atan.o ABSOLUTE
    ../mathlib/atan2.c                       0x00000000   Number         0  atan2_x.o ABSOLUTE
    ../mathlib/atan2.c                       0x00000000   Number         0  atan2.o ABSOLUTE
    ../mathlib/dunder.c                      0x00000000   Number         0  dunder.o ABSOLUTE
    ../mathlib/fpclassify.c                  0x00000000   Number         0  fpclassify.o ABSOLUTE
    ../mathlib/poly.c                        0x00000000   Number         0  poly.o ABSOLUTE
    ../mathlib/qnan.c                        0x00000000   Number         0  qnan.o ABSOLUTE
    ../mathlib/sqrt.c                        0x00000000   Number         0  sqrt_x.o ABSOLUTE
    ../mathlib/sqrt.c                        0x00000000   Number         0  sqrt.o ABSOLUTE
    ..\CMSIS\Startup\startup_stm32f10x_md.s  0x00000000   Number         0  startup_stm32f10x_md.o ABSOLUTE
    ..\CMSIS\core_cm3.c                      0x00000000   Number         0  core_cm3.o ABSOLUTE
    ..\CMSIS\system_stm32f10x.c              0x00000000   Number         0  system_stm32f10x.o ABSOLUTE
    ..\FWlib\src\misc.c                      0x00000000   Number         0  misc.o ABSOLUTE
    ..\FWlib\src\stm32f10x_gpio.c            0x00000000   Number         0  stm32f10x_gpio.o ABSOLUTE
    ..\FWlib\src\stm32f10x_i2c.c             0x00000000   Number         0  stm32f10x_i2c.o ABSOLUTE
    ..\FWlib\src\stm32f10x_rcc.c             0x00000000   Number         0  stm32f10x_rcc.o ABSOLUTE
    ..\FWlib\src\stm32f10x_spi.c             0x00000000   Number         0  stm32f10x_spi.o ABSOLUTE
    ..\FWlib\src\stm32f10x_tim.c             0x00000000   Number         0  stm32f10x_tim.o ABSOLUTE
    ..\FWlib\src\stm32f10x_usart.c           0x00000000   Number         0  stm32f10x_usart.o ABSOLUTE
    ..\Hardware\24l01.c                      0x00000000   Number         0  24l01.o ABSOLUTE
    ..\Hardware\HSEconf.c                    0x00000000   Number         0  hseconf.o ABSOLUTE
    ..\Hardware\IIC.c                        0x00000000   Number         0  iic.o ABSOLUTE
    ..\Hardware\IMU.C                        0x00000000   Number         0  imu.o ABSOLUTE
    ..\Hardware\LED.c                        0x00000000   Number         0  led.o ABSOLUTE
    ..\Hardware\MOTOR.c                      0x00000000   Number         0  motor.o ABSOLUTE
    ..\Hardware\MPU6050.c                    0x00000000   Number         0  mpu6050.o ABSOLUTE
    ..\Hardware\PID.c                        0x00000000   Number         0  pid.o ABSOLUTE
    ..\Hardware\config.c                     0x00000000   Number         0  config.o ABSOLUTE
    ..\Hardware\delay.c                      0x00000000   Number         0  delay.o ABSOLUTE
    ..\Hardware\spi.c                        0x00000000   Number         0  spi.o ABSOLUTE
    ..\Hardware\sys.c                        0x00000000   Number         0  sys.o ABSOLUTE
    ..\Hardware\timer.c                      0x00000000   Number         0  timer.o ABSOLUTE
    ..\Hardware\usart.c                      0x00000000   Number         0  usart.o ABSOLUTE
    ..\Hardware\wave.c                       0x00000000   Number         0  wave.o ABSOLUTE
    ..\\CMSIS\\core_cm3.c                    0x00000000   Number         0  core_cm3.o ABSOLUTE
    cdcmple.s                                0x00000000   Number         0  cdcmple.o ABSOLUTE
    cdrcmple.s                               0x00000000   Number         0  cdrcmple.o ABSOLUTE
    cfcmple.s                                0x00000000   Number         0  cfcmple.o ABSOLUTE
    cfrcmple.s                               0x00000000   Number         0  cfrcmple.o ABSOLUTE
    dc.s                                     0x00000000   Number         0  dc.o ABSOLUTE
    handlers.s                               0x00000000   Number         0  handlers.o ABSOLUTE
    init.s                                   0x00000000   Number         0  init.o ABSOLUTE
    main.c                                   0x00000000   Number         0  main.o ABSOLUTE
    stm32f10x_it.c                           0x00000000   Number         0  stm32f10x_it.o ABSOLUTE
    RESET                                    0x08000000   Section      236  startup_stm32f10x_md.o(RESET)
    .ARM.Collect$$$$00000000                 0x080000ec   Section        0  entry.o(.ARM.Collect$$$$00000000)
    .ARM.Collect$$$$00000001                 0x080000ec   Section        4  entry2.o(.ARM.Collect$$$$00000001)
    .ARM.Collect$$$$00000004                 0x080000f0   Section        4  entry5.o(.ARM.Collect$$$$00000004)
    .ARM.Collect$$$$00000008                 0x080000f4   Section        0  entry7b.o(.ARM.Collect$$$$00000008)
    .ARM.Collect$$$$0000000A                 0x080000f4   Section        0  entry8b.o(.ARM.Collect$$$$0000000A)
    .ARM.Collect$$$$0000000B                 0x080000f4   Section        8  entry9a.o(.ARM.Collect$$$$0000000B)
    .ARM.Collect$$$$0000000D                 0x080000fc   Section        0  entry10a.o(.ARM.Collect$$$$0000000D)
    .ARM.Collect$$$$0000000F                 0x080000fc   Section        0  entry11a.o(.ARM.Collect$$$$0000000F)
    .ARM.Collect$$$$00002712                 0x080000fc   Section        4  entry2.o(.ARM.Collect$$$$00002712)
    __lit__00000000                          0x080000fc   Data           4  entry2.o(.ARM.Collect$$$$00002712)
    .text                                    0x08000100   Section       36  startup_stm32f10x_md.o(.text)
    .text                                    0x08000124   Section        0  main.o(.text)
    .text                                    0x08000390   Section        0  stm32f10x_it.o(.text)
    .text                                    0x080003f8   Section        0  misc.o(.text)
    .text                                    0x080004d4   Section        0  stm32f10x_gpio.o(.text)
    .text                                    0x08000830   Section        0  stm32f10x_rcc.o(.text)
    .text                                    0x08000bd8   Section        0  stm32f10x_usart.o(.text)
    .text                                    0x08000fe0   Section        0  stm32f10x_tim.o(.text)
    TI4_Config                               0x08001487   Thumb Code   130  stm32f10x_tim.o(.text)
    TI3_Config                               0x0800151b   Thumb Code   122  stm32f10x_tim.o(.text)
    TI2_Config                               0x080015af   Thumb Code   130  stm32f10x_tim.o(.text)
    TI1_Config                               0x08001643   Thumb Code   108  stm32f10x_tim.o(.text)
    .text                                    0x08001dfc   Section        0  stm32f10x_spi.o(.text)
    .text                                    0x08002108   Section        0  system_stm32f10x.o(.text)
    SetSysClockTo72                          0x08002109   Thumb Code   214  system_stm32f10x.o(.text)
    SetSysClock                              0x080021df   Thumb Code     8  system_stm32f10x.o(.text)
    .text                                    0x080022ec   Section        0  delay.o(.text)
    .text                                    0x08002394   Section        0  hseconf.o(.text)
    .text                                    0x08002414   Section        0  led.o(.text)
    .text                                    0x08002478   Section        0  usart.o(.text)
    .text                                    0x0800259c   Section        0  iic.o(.text)
    .text                                    0x08002820   Section        0  imu.o(.text)
    .text                                    0x08002f90   Section        0  mpu6050.o(.text)
    .text                                    0x08003574   Section        0  motor.o(.text)
    .text                                    0x0800372c   Section        0  24l01.o(.text)
    .text                                    0x08003a50   Section        0  spi.o(.text)
    .text                                    0x08003b54   Section        0  wave.o(.text)
    .text                                    0x080042ec   Section        0  pid.o(.text)
    .text                                    0x0800469c   Section        0  timer.o(.text)
    .text                                    0x08004708   Section        0  memseta.o(.text)
    .text                                    0x0800472c   Section        0  strcmp.o(.text)
    .text                                    0x08004748   Section        0  strcpy.o(.text)
    .text                                    0x0800475a   Section        0  fadd.o(.text)
    .text                                    0x0800480a   Section        0  fmul.o(.text)
    .text                                    0x0800486e   Section        0  fdiv.o(.text)
    .text                                    0x080048ea   Section        0  dadd.o(.text)
    .text                                    0x08004a38   Section        0  dmul.o(.text)
    .text                                    0x08004b1c   Section        0  ddiv.o(.text)
    .text                                    0x08004bfa   Section        0  fflti.o(.text)
    .text                                    0x08004c0c   Section        0  dflti.o(.text)
    .text                                    0x08004c2e   Section        0  ffixi.o(.text)
    .text                                    0x08004c60   Section        0  dfixi.o(.text)
    .text                                    0x08004c9e   Section        0  f2d.o(.text)
    .text                                    0x08004cc4   Section       48  cdcmple.o(.text)
    .text                                    0x08004cf4   Section       48  cdrcmple.o(.text)
    .text                                    0x08004d24   Section        0  d2f.o(.text)
    .text                                    0x08004d5c   Section       20  cfcmple.o(.text)
    .text                                    0x08004d70   Section       20  cfrcmple.o(.text)
    .text                                    0x08004d84   Section        0  llshl.o(.text)
    .text                                    0x08004da2   Section        0  llushr.o(.text)
    .text                                    0x08004dc2   Section        0  llsshr.o(.text)
    .text                                    0x08004de6   Section        0  fepilogue.o(.text)
    .text                                    0x08004de6   Section        0  iusefp.o(.text)
    .text                                    0x08004e54   Section        0  depilogue.o(.text)
    .text                                    0x08004f0e   Section        0  dscalb.o(.text)
    .text                                    0x08004f3c   Section        0  dsqrt.o(.text)
    .text                                    0x08004fe0   Section       36  init.o(.text)
    i.UART_Putc                              0x08005004   Section        0  wave.o(i.UART_Putc)
    i.__ARM_fpclassify                       0x08005028   Section        0  fpclassify.o(i.__ARM_fpclassify)
    i.__kernel_poly                          0x08005050   Section        0  poly.o(i.__kernel_poly)
    i.__mathlib_dbl_infnan                   0x080050fa   Section        0  dunder.o(i.__mathlib_dbl_infnan)
    i.__mathlib_dbl_infnan2                  0x08005100   Section        0  dunder.o(i.__mathlib_dbl_infnan2)
    i.__mathlib_dbl_invalid                  0x08005104   Section        0  dunder.o(i.__mathlib_dbl_invalid)
    i.__mathlib_dbl_underflow                0x08005110   Section        0  dunder.o(i.__mathlib_dbl_underflow)
    i.__scatterload_copy                     0x08005120   Section       14  handlers.o(i.__scatterload_copy)
    i.__scatterload_null                     0x0800512e   Section        2  handlers.o(i.__scatterload_null)
    i.__scatterload_zeroinit                 0x08005130   Section       14  handlers.o(i.__scatterload_zeroinit)
    i.__set_errno                            0x08005140   Section        0  errno.o(i.__set_errno)
    i.asin                                   0x0800514c   Section        0  asin.o(i.asin)
    i.atan                                   0x080053bc   Section        0  atan.o(i.atan)
    i.atan2                                  0x080055dc   Section        0  atan2.o(i.atan2)
    i.sqrt                                   0x0800575c   Section        0  sqrt.o(i.sqrt)
    .constdata                               0x080057a8   Section       10  24l01.o(.constdata)
    .constdata                               0x080057b8   Section       80  asin.o(.constdata)
    pS                                       0x080057b8   Data          48  asin.o(.constdata)
    qS                                       0x080057e8   Data          32  asin.o(.constdata)
    .constdata                               0x08005808   Section      152  atan.o(.constdata)
    atanhi                                   0x08005808   Data          32  atan.o(.constdata)
    atanlo                                   0x08005828   Data          32  atan.o(.constdata)
    aTodd                                    0x08005848   Data          40  atan.o(.constdata)
    aTeven                                   0x08005870   Data          48  atan.o(.constdata)
    .constdata                               0x080058a0   Section        8  qnan.o(.constdata)
    .data                                    0x20000000   Section        4  stm32f10x_it.o(.data)
    ms1_cnt                                  0x20000001   Data           1  stm32f10x_it.o(.data)
    s1_cnt                                   0x20000002   Data           2  stm32f10x_it.o(.data)
    .data                                    0x20000004   Section       20  stm32f10x_rcc.o(.data)
    APBAHBPrescTable                         0x20000004   Data          16  stm32f10x_rcc.o(.data)
    ADCPrescTable                            0x20000014   Data           4  stm32f10x_rcc.o(.data)
    .data                                    0x20000018   Section       20  system_stm32f10x.o(.data)
    .data                                    0x2000002c   Section        4  delay.o(.data)
    fac_us                                   0x2000002c   Data           1  delay.o(.data)
    fac_ms                                   0x2000002e   Data           2  delay.o(.data)
    .data                                    0x20000030   Section        8  usart.o(.data)
    .data                                    0x20000038   Section       36  imu.o(.data)
    .data                                    0x20000060   Section      116  mpu6050.o(.data)
    .data                                    0x200000d4   Section        7  wave.o(.data)
    .data                                    0x200000dc   Section       68  pid.o(.data)
    roll_Out                                 0x20000108   Data           4  pid.o(.data)
    pitch_Out                                0x2000010c   Data           4  pid.o(.data)
    yaw_Out                                  0x20000110   Data           4  pid.o(.data)
    roll_i                                   0x20000114   Data           4  pid.o(.data)
    pitch_i                                  0x20000118   Data           4  pid.o(.data)
    yaw_i                                    0x2000011c   Data           4  pid.o(.data)
    .data                                    0x20000120   Section        4  errno.o(.data)
    _errno                                   0x20000120   Data           4  errno.o(.data)
    .bss                                     0x20000124   Section       32  usart.o(.bss)
    .bss                                     0x20000144   Section       12  mpu6050.o(.bss)
    .bss                                     0x20000150   Section       32  wave.o(.bss)
    .bss                                     0x20000170   Section       48  pid.o(.bss)
    STACK                                    0x200001a0   Section     1024  startup_stm32f10x_md.o(STACK)

    Global Symbols

    Symbol Name                              Value     Ov Type        Size  Object(Section)

    BuildAttributes$$THM_ISAv4$P$D$K$B$S$PE$A:L22UL41UL21$X:L11$S22US41US21$IEEE1$IW$USESV6$~STKCKD$USESV7$~SHL$OTIME$ROPI$IEEEX$EBA8$MICROLIB$REQ8$PRES8$EABIv2 0x00000000   Number         0  anon$$obj.o ABSOLUTE
    __ARM_use_no_argv                        0x00000000   Number         0  main.o ABSOLUTE
    __cpp_initialize__aeabi_                  - Undefined Weak Reference
    __cxa_finalize                            - Undefined Weak Reference
    __decompress                              - Undefined Weak Reference
    _clock_init                               - Undefined Weak Reference
    _microlib_exit                            - Undefined Weak Reference
    __Vectors_Size                           0x000000ec   Number         0  startup_stm32f10x_md.o ABSOLUTE
    __Vectors                                0x08000000   Data           4  startup_stm32f10x_md.o(RESET)
    __Vectors_End                            0x080000ec   Data           0  startup_stm32f10x_md.o(RESET)
    __main                                   0x080000ed   Thumb Code     0  entry.o(.ARM.Collect$$$$00000000)
    _main_stk                                0x080000ed   Thumb Code     0  entry2.o(.ARM.Collect$$$$00000001)
    _main_scatterload                        0x080000f1   Thumb Code     0  entry5.o(.ARM.Collect$$$$00000004)
    __main_after_scatterload                 0x080000f5   Thumb Code     0  entry5.o(.ARM.Collect$$$$00000004)
    _main_clock                              0x080000f5   Thumb Code     0  entry7b.o(.ARM.Collect$$$$00000008)
    _main_cpp_init                           0x080000f5   Thumb Code     0  entry8b.o(.ARM.Collect$$$$0000000A)
    _main_init                               0x080000f5   Thumb Code     0  entry9a.o(.ARM.Collect$$$$0000000B)
    __rt_final_cpp                           0x080000fd   Thumb Code     0  entry10a.o(.ARM.Collect$$$$0000000D)
    __rt_final_exit                          0x080000fd   Thumb Code     0  entry11a.o(.ARM.Collect$$$$0000000F)
    Reset_Handler                            0x08000101   Thumb Code     8  startup_stm32f10x_md.o(.text)
    ADC1_2_IRQHandler                        0x0800011b   Thumb Code     0  startup_stm32f10x_md.o(.text)
    CAN1_RX1_IRQHandler                      0x0800011b   Thumb Code     0  startup_stm32f10x_md.o(.text)
    CAN1_SCE_IRQHandler                      0x0800011b   Thumb Code     0  startup_stm32f10x_md.o(.text)
    DMA1_Channel1_IRQHandler                 0x0800011b   Thumb Code     0  startup_stm32f10x_md.o(.text)
    DMA1_Channel2_IRQHandler                 0x0800011b   Thumb Code     0  startup_stm32f10x_md.o(.text)
    DMA1_Channel3_IRQHandler                 0x0800011b   Thumb Code     0  startup_stm32f10x_md.o(.text)
    DMA1_Channel4_IRQHandler                 0x0800011b   Thumb Code     0  startup_stm32f10x_md.o(.text)
    DMA1_Channel5_IRQHandler                 0x0800011b   Thumb Code     0  startup_stm32f10x_md.o(.text)
    DMA1_Channel6_IRQHandler                 0x0800011b   Thumb Code     0  startup_stm32f10x_md.o(.text)
    DMA1_Channel7_IRQHandler                 0x0800011b   Thumb Code     0  startup_stm32f10x_md.o(.text)
    EXTI0_IRQHandler                         0x0800011b   Thumb Code     0  startup_stm32f10x_md.o(.text)
    EXTI15_10_IRQHandler                     0x0800011b   Thumb Code     0  startup_stm32f10x_md.o(.text)
    EXTI1_IRQHandler                         0x0800011b   Thumb Code     0  startup_stm32f10x_md.o(.text)
    EXTI2_IRQHandler                         0x0800011b   Thumb Code     0  startup_stm32f10x_md.o(.text)
    EXTI3_IRQHandler                         0x0800011b   Thumb Code     0  startup_stm32f10x_md.o(.text)
    EXTI4_IRQHandler                         0x0800011b   Thumb Code     0  startup_stm32f10x_md.o(.text)
    EXTI9_5_IRQHandler                       0x0800011b   Thumb Code     0  startup_stm32f10x_md.o(.text)
    FLASH_IRQHandler                         0x0800011b   Thumb Code     0  startup_stm32f10x_md.o(.text)
    I2C1_ER_IRQHandler                       0x0800011b   Thumb Code     0  startup_stm32f10x_md.o(.text)
    I2C1_EV_IRQHandler                       0x0800011b   Thumb Code     0  startup_stm32f10x_md.o(.text)
    I2C2_ER_IRQHandler                       0x0800011b   Thumb Code     0  startup_stm32f10x_md.o(.text)
    I2C2_EV_IRQHandler                       0x0800011b   Thumb Code     0  startup_stm32f10x_md.o(.text)
    PVD_IRQHandler                           0x0800011b   Thumb Code     0  startup_stm32f10x_md.o(.text)
    RCC_IRQHandler                           0x0800011b   Thumb Code     0  startup_stm32f10x_md.o(.text)
    RTCAlarm_IRQHandler                      0x0800011b   Thumb Code     0  startup_stm32f10x_md.o(.text)
    RTC_IRQHandler                           0x0800011b   Thumb Code     0  startup_stm32f10x_md.o(.text)
    SPI1_IRQHandler                          0x0800011b   Thumb Code     0  startup_stm32f10x_md.o(.text)
    SPI2_IRQHandler                          0x0800011b   Thumb Code     0  startup_stm32f10x_md.o(.text)
    TAMPER_IRQHandler                        0x0800011b   Thumb Code     0  startup_stm32f10x_md.o(.text)
    TIM1_BRK_IRQHandler                      0x0800011b   Thumb Code     0  startup_stm32f10x_md.o(.text)
    TIM1_CC_IRQHandler                       0x0800011b   Thumb Code     0  startup_stm32f10x_md.o(.text)
    TIM1_TRG_COM_IRQHandler                  0x0800011b   Thumb Code     0  startup_stm32f10x_md.o(.text)
    TIM1_UP_IRQHandler                       0x0800011b   Thumb Code     0  startup_stm32f10x_md.o(.text)
    TIM2_IRQHandler                          0x0800011b   Thumb Code     0  startup_stm32f10x_md.o(.text)
    TIM4_IRQHandler                          0x0800011b   Thumb Code     0  startup_stm32f10x_md.o(.text)
    USART2_IRQHandler                        0x0800011b   Thumb Code     0  startup_stm32f10x_md.o(.text)
    USART3_IRQHandler                        0x0800011b   Thumb Code     0  startup_stm32f10x_md.o(.text)
    USBWakeUp_IRQHandler                     0x0800011b   Thumb Code     0  startup_stm32f10x_md.o(.text)
    USB_HP_CAN1_TX_IRQHandler                0x0800011b   Thumb Code     0  startup_stm32f10x_md.o(.text)
    USB_LP_CAN1_RX0_IRQHandler               0x0800011b   Thumb Code     0  startup_stm32f10x_md.o(.text)
    WWDG_IRQHandler                          0x0800011b   Thumb Code     0  startup_stm32f10x_md.o(.text)
    main                                     0x08000125   Thumb Code   534  main.o(.text)
    NMI_Handler                              0x08000391   Thumb Code     2  stm32f10x_it.o(.text)
    HardFault_Handler                        0x08000393   Thumb Code     4  stm32f10x_it.o(.text)
    MemManage_Handler                        0x08000397   Thumb Code     4  stm32f10x_it.o(.text)
    BusFault_Handler                         0x0800039b   Thumb Code     4  stm32f10x_it.o(.text)
    UsageFault_Handler                       0x0800039f   Thumb Code     4  stm32f10x_it.o(.text)
    SVC_Handler                              0x080003a3   Thumb Code     2  stm32f10x_it.o(.text)
    DebugMon_Handler                         0x080003a5   Thumb Code     2  stm32f10x_it.o(.text)
    PendSV_Handler                           0x080003a7   Thumb Code     2  stm32f10x_it.o(.text)
    SysTick_Handler                          0x080003a9   Thumb Code     2  stm32f10x_it.o(.text)
    TIM3_IRQHandler                          0x080003ab   Thumb Code    60  stm32f10x_it.o(.text)
    NVIC_PriorityGroupConfig                 0x080003f9   Thumb Code    10  misc.o(.text)
    NVIC_Init                                0x08000403   Thumb Code   100  misc.o(.text)
    NVIC_SetVectorTable                      0x08000467   Thumb Code    14  misc.o(.text)
    NVIC_SystemLPConfig                      0x08000475   Thumb Code    34  misc.o(.text)
    SysTick_CLKSourceConfig                  0x08000497   Thumb Code    40  misc.o(.text)
    GPIO_DeInit                              0x080004d5   Thumb Code   172  stm32f10x_gpio.o(.text)
    GPIO_AFIODeInit                          0x08000581   Thumb Code    20  stm32f10x_gpio.o(.text)
    GPIO_Init                                0x08000595   Thumb Code   278  stm32f10x_gpio.o(.text)
    GPIO_StructInit                          0x080006ab   Thumb Code    16  stm32f10x_gpio.o(.text)
    GPIO_ReadInputDataBit                    0x080006bb   Thumb Code    18  stm32f10x_gpio.o(.text)
    GPIO_ReadInputData                       0x080006cd   Thumb Code     8  stm32f10x_gpio.o(.text)
    GPIO_ReadOutputDataBit                   0x080006d5   Thumb Code    18  stm32f10x_gpio.o(.text)
    GPIO_ReadOutputData                      0x080006e7   Thumb Code     8  stm32f10x_gpio.o(.text)
    GPIO_SetBits                             0x080006ef   Thumb Code     4  stm32f10x_gpio.o(.text)
    GPIO_ResetBits                           0x080006f3   Thumb Code     4  stm32f10x_gpio.o(.text)
    GPIO_WriteBit                            0x080006f7   Thumb Code    10  stm32f10x_gpio.o(.text)
    GPIO_Write                               0x08000701   Thumb Code     4  stm32f10x_gpio.o(.text)
    GPIO_PinLockConfig                       0x08000705   Thumb Code    18  stm32f10x_gpio.o(.text)
    GPIO_EventOutputConfig                   0x08000717   Thumb Code    26  stm32f10x_gpio.o(.text)
    GPIO_EventOutputCmd                      0x08000731   Thumb Code     6  stm32f10x_gpio.o(.text)
    GPIO_PinRemapConfig                      0x08000737   Thumb Code   138  stm32f10x_gpio.o(.text)
    GPIO_EXTILineConfig                      0x080007c1   Thumb Code    66  stm32f10x_gpio.o(.text)
    GPIO_ETH_MediaInterfaceConfig            0x08000803   Thumb Code     8  stm32f10x_gpio.o(.text)
    RCC_DeInit                               0x08000831   Thumb Code    64  stm32f10x_rcc.o(.text)
    RCC_HSEConfig                            0x08000871   Thumb Code    70  stm32f10x_rcc.o(.text)
    RCC_GetFlagStatus                        0x080008b7   Thumb Code    56  stm32f10x_rcc.o(.text)
    RCC_WaitForHSEStartUp                    0x080008ef   Thumb Code    56  stm32f10x_rcc.o(.text)
    RCC_AdjustHSICalibrationValue            0x08000927   Thumb Code    20  stm32f10x_rcc.o(.text)
    RCC_HSICmd                               0x0800093b   Thumb Code     6  stm32f10x_rcc.o(.text)
    RCC_PLLConfig                            0x08000941   Thumb Code    24  stm32f10x_rcc.o(.text)
    RCC_PLLCmd                               0x08000959   Thumb Code     6  stm32f10x_rcc.o(.text)
    RCC_SYSCLKConfig                         0x0800095f   Thumb Code    18  stm32f10x_rcc.o(.text)
    RCC_GetSYSCLKSource                      0x08000971   Thumb Code    10  stm32f10x_rcc.o(.text)
    RCC_HCLKConfig                           0x0800097b   Thumb Code    18  stm32f10x_rcc.o(.text)
    RCC_PCLK1Config                          0x0800098d   Thumb Code    18  stm32f10x_rcc.o(.text)
    RCC_PCLK2Config                          0x0800099f   Thumb Code    20  stm32f10x_rcc.o(.text)
    RCC_ITConfig                             0x080009b3   Thumb Code    26  stm32f10x_rcc.o(.text)
    RCC_USBCLKConfig                         0x080009cd   Thumb Code     8  stm32f10x_rcc.o(.text)
    RCC_ADCCLKConfig                         0x080009d5   Thumb Code    18  stm32f10x_rcc.o(.text)
    RCC_LSEConfig                            0x080009e7   Thumb Code    50  stm32f10x_rcc.o(.text)
    RCC_LSICmd                               0x08000a19   Thumb Code     6  stm32f10x_rcc.o(.text)
    RCC_RTCCLKConfig                         0x08000a1f   Thumb Code    12  stm32f10x_rcc.o(.text)
    RCC_RTCCLKCmd                            0x08000a2b   Thumb Code     8  stm32f10x_rcc.o(.text)
    RCC_GetClocksFreq                        0x08000a33   Thumb Code   192  stm32f10x_rcc.o(.text)
    RCC_AHBPeriphClockCmd                    0x08000af3   Thumb Code    26  stm32f10x_rcc.o(.text)
    RCC_APB2PeriphClockCmd                   0x08000b0d   Thumb Code    26  stm32f10x_rcc.o(.text)
    RCC_APB1PeriphClockCmd                   0x08000b27   Thumb Code    26  stm32f10x_rcc.o(.text)
    RCC_APB2PeriphResetCmd                   0x08000b41   Thumb Code    26  stm32f10x_rcc.o(.text)
    RCC_APB1PeriphResetCmd                   0x08000b5b   Thumb Code    26  stm32f10x_rcc.o(.text)
    RCC_BackupResetCmd                       0x08000b75   Thumb Code     8  stm32f10x_rcc.o(.text)
    RCC_ClockSecuritySystemCmd               0x08000b7d   Thumb Code     6  stm32f10x_rcc.o(.text)
    RCC_MCOConfig                            0x08000b83   Thumb Code     6  stm32f10x_rcc.o(.text)
    RCC_ClearFlag                            0x08000b89   Thumb Code    14  stm32f10x_rcc.o(.text)
    RCC_GetITStatus                          0x08000b97   Thumb Code    20  stm32f10x_rcc.o(.text)
    RCC_ClearITPendingBit                    0x08000bab   Thumb Code     6  stm32f10x_rcc.o(.text)
    USART_DeInit                             0x08000bd9   Thumb Code   134  stm32f10x_usart.o(.text)
    USART_Init                               0x08000c5f   Thumb Code   210  stm32f10x_usart.o(.text)
    USART_StructInit                         0x08000d31   Thumb Code    24  stm32f10x_usart.o(.text)
    USART_ClockInit                          0x08000d49   Thumb Code    34  stm32f10x_usart.o(.text)
    USART_ClockStructInit                    0x08000d6b   Thumb Code    12  stm32f10x_usart.o(.text)
    USART_Cmd                                0x08000d77   Thumb Code    24  stm32f10x_usart.o(.text)
    USART_ITConfig                           0x08000d8f   Thumb Code    74  stm32f10x_usart.o(.text)
    USART_DMACmd                             0x08000dd9   Thumb Code    18  stm32f10x_usart.o(.text)
    USART_SetAddress                         0x08000deb   Thumb Code    18  stm32f10x_usart.o(.text)
    USART_WakeUpConfig                       0x08000dfd   Thumb Code    18  stm32f10x_usart.o(.text)
    USART_ReceiverWakeUpCmd                  0x08000e0f   Thumb Code    24  stm32f10x_usart.o(.text)
    USART_LINBreakDetectLengthConfig         0x08000e27   Thumb Code    18  stm32f10x_usart.o(.text)
    USART_LINCmd                             0x08000e39   Thumb Code    24  stm32f10x_usart.o(.text)
    USART_SendData                           0x08000e51   Thumb Code     8  stm32f10x_usart.o(.text)
    USART_ReceiveData                        0x08000e59   Thumb Code    10  stm32f10x_usart.o(.text)
    USART_SendBreak                          0x08000e63   Thumb Code    10  stm32f10x_usart.o(.text)
    USART_SetGuardTime                       0x08000e6d   Thumb Code    16  stm32f10x_usart.o(.text)
    USART_SetPrescaler                       0x08000e7d   Thumb Code    16  stm32f10x_usart.o(.text)
    USART_SmartCardCmd                       0x08000e8d   Thumb Code    24  stm32f10x_usart.o(.text)
    USART_SmartCardNACKCmd                   0x08000ea5   Thumb Code    24  stm32f10x_usart.o(.text)
    USART_HalfDuplexCmd                      0x08000ebd   Thumb Code    24  stm32f10x_usart.o(.text)
    USART_OverSampling8Cmd                   0x08000ed5   Thumb Code    22  stm32f10x_usart.o(.text)
    USART_OneBitMethodCmd                    0x08000eeb   Thumb Code    24  stm32f10x_usart.o(.text)
    USART_IrDAConfig                         0x08000f03   Thumb Code    18  stm32f10x_usart.o(.text)
    USART_IrDACmd                            0x08000f15   Thumb Code    24  stm32f10x_usart.o(.text)
    USART_GetFlagStatus                      0x08000f2d   Thumb Code    26  stm32f10x_usart.o(.text)
    USART_ClearFlag                          0x08000f47   Thumb Code    18  stm32f10x_usart.o(.text)
    USART_GetITStatus                        0x08000f59   Thumb Code    84  stm32f10x_usart.o(.text)
    USART_ClearITPendingBit                  0x08000fad   Thumb Code    52  stm32f10x_usart.o(.text)
    TIM_DeInit                               0x08000fe1   Thumb Code   424  stm32f10x_tim.o(.text)
    TIM_TimeBaseInit                         0x08001189   Thumb Code   122  stm32f10x_tim.o(.text)
    TIM_OC1Init                              0x08001203   Thumb Code   132  stm32f10x_tim.o(.text)
    TIM_OC2Init                              0x08001287   Thumb Code   154  stm32f10x_tim.o(.text)
    TIM_OC3Init                              0x08001321   Thumb Code   150  stm32f10x_tim.o(.text)
    TIM_OC4Init                              0x080013b7   Thumb Code   182  stm32f10x_tim.o(.text)
    TIM_SetIC4Prescaler                      0x0800146d   Thumb Code    26  stm32f10x_tim.o(.text)
    TIM_SetIC3Prescaler                      0x08001509   Thumb Code    18  stm32f10x_tim.o(.text)
    TIM_SetIC2Prescaler                      0x08001595   Thumb Code    26  stm32f10x_tim.o(.text)
    TIM_SetIC1Prescaler                      0x08001631   Thumb Code    18  stm32f10x_tim.o(.text)
    TIM_ICInit                               0x080016af   Thumb Code   150  stm32f10x_tim.o(.text)
    TIM_PWMIConfig                           0x08001745   Thumb Code   124  stm32f10x_tim.o(.text)
    TIM_BDTRConfig                           0x080017c1   Thumb Code    32  stm32f10x_tim.o(.text)
    TIM_TimeBaseStructInit                   0x080017e1   Thumb Code    18  stm32f10x_tim.o(.text)
    TIM_OCStructInit                         0x080017f3   Thumb Code    20  stm32f10x_tim.o(.text)
    TIM_ICStructInit                         0x08001807   Thumb Code    18  stm32f10x_tim.o(.text)
    TIM_BDTRStructInit                       0x08001819   Thumb Code    40  stm32f10x_tim.o(.text)
    TIM_Cmd                                  0x08001841   Thumb Code    24  stm32f10x_tim.o(.text)
    TIM_CtrlPWMOutputs                       0x08001859   Thumb Code    30  stm32f10x_tim.o(.text)
    TIM_ITConfig                             0x08001877   Thumb Code    18  stm32f10x_tim.o(.text)
    TIM_GenerateEvent                        0x08001889   Thumb Code     4  stm32f10x_tim.o(.text)
    TIM_DMAConfig                            0x0800188d   Thumb Code    10  stm32f10x_tim.o(.text)
    TIM_DMACmd                               0x08001897   Thumb Code    18  stm32f10x_tim.o(.text)
    TIM_InternalClockConfig                  0x080018a9   Thumb Code    12  stm32f10x_tim.o(.text)
    TIM_SelectInputTrigger                   0x080018b5   Thumb Code    18  stm32f10x_tim.o(.text)
    TIM_ITRxExternalClockConfig              0x080018c7   Thumb Code    24  stm32f10x_tim.o(.text)
    TIM_TIxExternalClockConfig               0x080018df   Thumb Code    62  stm32f10x_tim.o(.text)
    TIM_ETRConfig                            0x0800191d   Thumb Code    28  stm32f10x_tim.o(.text)
    TIM_ETRClockMode1Config                  0x08001939   Thumb Code    54  stm32f10x_tim.o(.text)
    TIM_ETRClockMode2Config                  0x0800196f   Thumb Code    32  stm32f10x_tim.o(.text)
    TIM_PrescalerConfig                      0x0800198f   Thumb Code     6  stm32f10x_tim.o(.text)
    TIM_CounterModeConfig                    0x08001995   Thumb Code    18  stm32f10x_tim.o(.text)
    TIM_EncoderInterfaceConfig               0x080019a7   Thumb Code    66  stm32f10x_tim.o(.text)
    TIM_ForcedOC1Config                      0x080019e9   Thumb Code    18  stm32f10x_tim.o(.text)
    TIM_ForcedOC2Config                      0x080019fb   Thumb Code    26  stm32f10x_tim.o(.text)
    TIM_ForcedOC3Config                      0x08001a15   Thumb Code    18  stm32f10x_tim.o(.text)
    TIM_ForcedOC4Config                      0x08001a27   Thumb Code    26  stm32f10x_tim.o(.text)
    TIM_ARRPreloadConfig                     0x08001a41   Thumb Code    24  stm32f10x_tim.o(.text)
    TIM_SelectCOM                            0x08001a59   Thumb Code    24  stm32f10x_tim.o(.text)
    TIM_SelectCCDMA                          0x08001a71   Thumb Code    24  stm32f10x_tim.o(.text)
    TIM_CCPreloadControl                     0x08001a89   Thumb Code    24  stm32f10x_tim.o(.text)
    TIM_OC1PreloadConfig                     0x08001aa1   Thumb Code    18  stm32f10x_tim.o(.text)
    TIM_OC2PreloadConfig                     0x08001ab3   Thumb Code    26  stm32f10x_tim.o(.text)
    TIM_OC3PreloadConfig                     0x08001acd   Thumb Code    18  stm32f10x_tim.o(.text)
    TIM_OC4PreloadConfig                     0x08001adf   Thumb Code    26  stm32f10x_tim.o(.text)
    TIM_OC1FastConfig                        0x08001af9   Thumb Code    18  stm32f10x_tim.o(.text)
    TIM_OC2FastConfig                        0x08001b0b   Thumb Code    26  stm32f10x_tim.o(.text)
    TIM_OC3FastConfig                        0x08001b25   Thumb Code    18  stm32f10x_tim.o(.text)
    TIM_OC4FastConfig                        0x08001b37   Thumb Code    26  stm32f10x_tim.o(.text)
    TIM_ClearOC1Ref                          0x08001b51   Thumb Code    18  stm32f10x_tim.o(.text)
    TIM_ClearOC2Ref                          0x08001b63   Thumb Code    24  stm32f10x_tim.o(.text)
    TIM_ClearOC3Ref                          0x08001b7b   Thumb Code    18  stm32f10x_tim.o(.text)
    TIM_ClearOC4Ref                          0x08001b8d   Thumb Code    24  stm32f10x_tim.o(.text)
    TIM_OC1PolarityConfig                    0x08001ba5   Thumb Code    18  stm32f10x_tim.o(.text)
    TIM_OC1NPolarityConfig                   0x08001bb7   Thumb Code    18  stm32f10x_tim.o(.text)
    TIM_OC2PolarityConfig                    0x08001bc9   Thumb Code    26  stm32f10x_tim.o(.text)
    TIM_OC2NPolarityConfig                   0x08001be3   Thumb Code    26  stm32f10x_tim.o(.text)
    TIM_OC3PolarityConfig                    0x08001bfd   Thumb Code    26  stm32f10x_tim.o(.text)
    TIM_OC3NPolarityConfig                   0x08001c17   Thumb Code    26  stm32f10x_tim.o(.text)
    TIM_OC4PolarityConfig                    0x08001c31   Thumb Code    26  stm32f10x_tim.o(.text)
    TIM_CCxCmd                               0x08001c4b   Thumb Code    30  stm32f10x_tim.o(.text)
    TIM_CCxNCmd                              0x08001c69   Thumb Code    30  stm32f10x_tim.o(.text)
    TIM_SelectOCxM                           0x08001c87   Thumb Code    82  stm32f10x_tim.o(.text)
    TIM_UpdateDisableConfig                  0x08001cd9   Thumb Code    24  stm32f10x_tim.o(.text)
    TIM_UpdateRequestConfig                  0x08001cf1   Thumb Code    24  stm32f10x_tim.o(.text)
    TIM_SelectHallSensor                     0x08001d09   Thumb Code    24  stm32f10x_tim.o(.text)
    TIM_SelectOnePulseMode                   0x08001d21   Thumb Code    18  stm32f10x_tim.o(.text)
    TIM_SelectOutputTrigger                  0x08001d33   Thumb Code    18  stm32f10x_tim.o(.text)
    TIM_SelectSlaveMode                      0x08001d45   Thumb Code    18  stm32f10x_tim.o(.text)
    TIM_SelectMasterSlaveMode                0x08001d57   Thumb Code    18  stm32f10x_tim.o(.text)
    TIM_SetCounter                           0x08001d69   Thumb Code     4  stm32f10x_tim.o(.text)
    TIM_SetAutoreload                        0x08001d6d   Thumb Code     4  stm32f10x_tim.o(.text)
    TIM_SetCompare1                          0x08001d71   Thumb Code     4  stm32f10x_tim.o(.text)
    TIM_SetCompare2                          0x08001d75   Thumb Code     4  stm32f10x_tim.o(.text)
    TIM_SetCompare3                          0x08001d79   Thumb Code     4  stm32f10x_tim.o(.text)
    TIM_SetCompare4                          0x08001d7d   Thumb Code     6  stm32f10x_tim.o(.text)
    TIM_SetClockDivision                     0x08001d83   Thumb Code    18  stm32f10x_tim.o(.text)
    TIM_GetCapture1                          0x08001d95   Thumb Code     6  stm32f10x_tim.o(.text)
    TIM_GetCapture2                          0x08001d9b   Thumb Code     6  stm32f10x_tim.o(.text)
    TIM_GetCapture3                          0x08001da1   Thumb Code     6  stm32f10x_tim.o(.text)
    TIM_GetCapture4                          0x08001da7   Thumb Code     8  stm32f10x_tim.o(.text)
    TIM_GetCounter                           0x08001daf   Thumb Code     6  stm32f10x_tim.o(.text)
    TIM_GetPrescaler                         0x08001db5   Thumb Code     6  stm32f10x_tim.o(.text)
    TIM_GetFlagStatus                        0x08001dbb   Thumb Code    18  stm32f10x_tim.o(.text)
    TIM_ClearFlag                            0x08001dcd   Thumb Code     6  stm32f10x_tim.o(.text)
    TIM_GetITStatus                          0x08001dd3   Thumb Code    34  stm32f10x_tim.o(.text)
    TIM_ClearITPendingBit                    0x08001df5   Thumb Code     6  stm32f10x_tim.o(.text)
    SPI_I2S_DeInit                           0x08001dfd   Thumb Code    76  stm32f10x_spi.o(.text)
    SPI_Init                                 0x08001e49   Thumb Code    60  stm32f10x_spi.o(.text)
    I2S_Init                                 0x08001e85   Thumb Code   226  stm32f10x_spi.o(.text)
    SPI_StructInit                           0x08001f67   Thumb Code    24  stm32f10x_spi.o(.text)
    I2S_StructInit                           0x08001f7f   Thumb Code    20  stm32f10x_spi.o(.text)
    SPI_Cmd                                  0x08001f93   Thumb Code    24  stm32f10x_spi.o(.text)
    I2S_Cmd                                  0x08001fab   Thumb Code    24  stm32f10x_spi.o(.text)
    SPI_I2S_ITConfig                         0x08001fc3   Thumb Code    32  stm32f10x_spi.o(.text)
    SPI_I2S_DMACmd                           0x08001fe3   Thumb Code    18  stm32f10x_spi.o(.text)
    SPI_I2S_SendData                         0x08001ff5   Thumb Code     4  stm32f10x_spi.o(.text)
    SPI_I2S_ReceiveData                      0x08001ff9   Thumb Code     6  stm32f10x_spi.o(.text)
    SPI_NSSInternalSoftwareConfig            0x08001fff   Thumb Code    30  stm32f10x_spi.o(.text)
    SPI_SSOutputCmd                          0x0800201d   Thumb Code    24  stm32f10x_spi.o(.text)
    SPI_DataSizeConfig                       0x08002035   Thumb Code    18  stm32f10x_spi.o(.text)
    SPI_TransmitCRC                          0x08002047   Thumb Code    10  stm32f10x_spi.o(.text)
    SPI_CalculateCRC                         0x08002051   Thumb Code    24  stm32f10x_spi.o(.text)
    SPI_GetCRC                               0x08002069   Thumb Code    16  stm32f10x_spi.o(.text)
    SPI_GetCRCPolynomial                     0x08002079   Thumb Code     6  stm32f10x_spi.o(.text)
    SPI_BiDirectionalLineConfig              0x0800207f   Thumb Code    28  stm32f10x_spi.o(.text)
    SPI_I2S_GetFlagStatus                    0x0800209b   Thumb Code    18  stm32f10x_spi.o(.text)
    SPI_I2S_ClearFlag                        0x080020ad   Thumb Code     6  stm32f10x_spi.o(.text)
    SPI_I2S_GetITStatus                      0x080020b3   Thumb Code    52  stm32f10x_spi.o(.text)
    SPI_I2S_ClearITPendingBit                0x080020e7   Thumb Code    20  stm32f10x_spi.o(.text)
    SystemInit                               0x080021e7   Thumb Code    78  system_stm32f10x.o(.text)
    SystemCoreClockUpdate                    0x08002235   Thumb Code   142  system_stm32f10x.o(.text)
    SysTick_Init                             0x080022ed   Thumb Code    48  delay.o(.text)
    delay_ms                                 0x0800231d   Thumb Code    56  delay.o(.text)
    delay_us                                 0x08002355   Thumb Code    56  delay.o(.text)
    RCC_HSE_Configuration                    0x08002395   Thumb Code   122  hseconf.o(.text)
    LED_Init                                 0x08002415   Thumb Code    38  led.o(.text)
    LED_Flash                                0x0800243b   Thumb Code    56  led.o(.text)
    USART1_Config                            0x08002479   Thumb Code   150  usart.o(.text)
    fputc                                    0x0800250f   Thumb Code    32  usart.o(.text)
    fgetc                                    0x0800252f   Thumb Code    26  usart.o(.text)
    USART1_IRQHandler                        0x08002549   Thumb Code    64  usart.o(.text)
    IIC_Init                                 0x0800259d   Thumb Code    62  iic.o(.text)
    IIC_Start                                0x080025db   Thumb Code    72  iic.o(.text)
    IIC_Stop                                 0x08002623   Thumb Code    66  iic.o(.text)
    IIC_Wait_Ack                             0x08002665   Thumb Code    90  iic.o(.text)
    IIC_Ack                                  0x080026bf   Thumb Code    70  iic.o(.text)
    IIC_NAck                                 0x08002705   Thumb Code    70  iic.o(.text)
    IIC_Send_Byte                            0x0800274b   Thumb Code   112  iic.o(.text)
    IIC_Read_Byte                            0x080027bb   Thumb Code    88  iic.o(.text)
    Initial_Timer3                           0x08002821   Thumb Code   186  imu.o(.text)
    micros                                   0x080028db   Thumb Code    20  imu.o(.text)
    IMU_Quateration_Update                   0x080028ef   Thumb Code  1032  imu.o(.text)
    IMU_getQ                                 0x08002cf7   Thumb Code   176  imu.o(.text)
    IMU_getYawPitchRoll                      0x08002da7   Thumb Code   436  imu.o(.text)
    Single_Write_Mpu6050                     0x08002f91   Thumb Code    36  mpu6050.o(.text)
    Single_Read_Mpu6050                      0x08002fb5   Thumb Code    52  mpu6050.o(.text)
    Mpu6050init                              0x08002fe9   Thumb Code    70  mpu6050.o(.text)
    Read_Mpu6050                             0x0800302f   Thumb Code   936  mpu6050.o(.text)
    Mpu6050_Init_offset                      0x080033d7   Thumb Code   380  mpu6050.o(.text)
    TIM2_Init                                0x08003575   Thumb Code    52  motor.o(.text)
    MOT1_GPIO_init                           0x080035a9   Thumb Code    38  motor.o(.text)
    MOT1_PWM_init                            0x080035cf   Thumb Code    48  motor.o(.text)
    MOT2_GPIO_init                           0x080035ff   Thumb Code    38  motor.o(.text)
    MOT2_PWM_init                            0x08003625   Thumb Code    48  motor.o(.text)
    MOT0_GPIO_init                           0x08003655   Thumb Code    38  motor.o(.text)
    MOT0_PWM_init                            0x0800367b   Thumb Code    48  motor.o(.text)
    MOT3_GPIO_init                           0x080036ab   Thumb Code    38  motor.o(.text)
    MOT3_PWM_init                            0x080036d1   Thumb Code    48  motor.o(.text)
    MOT_GPIO_init                            0x08003701   Thumb Code    20  motor.o(.text)
    MOT_PWM_init                             0x08003715   Thumb Code    20  motor.o(.text)
    NRF24L01_Init                            0x0800372d   Thumb Code   188  24l01.o(.text)
    NRF24L01_Read_Buf                        0x080037e9   Thumb Code    56  24l01.o(.text)
    NRF24L01_Write_Buf                       0x08003821   Thumb Code    56  24l01.o(.text)
    NRF24L01_Check                           0x08003859   Thumb Code    72  24l01.o(.text)
    NRF24L01_Write_Reg                       0x080038a1   Thumb Code    38  24l01.o(.text)
    NRF24L01_Read_Reg                        0x080038c7   Thumb Code    36  24l01.o(.text)
    NRF24L01_TxPacket                        0x080038eb   Thumb Code    94  24l01.o(.text)
    NRF24L01_RxPacket                        0x08003949   Thumb Code    58  24l01.o(.text)
    NRF24L01_RX_Mode                         0x08003983   Thumb Code    76  24l01.o(.text)
    NRF24L01_TX_Mode                         0x080039cf   Thumb Code    86  24l01.o(.text)
    SPI1_ReadWriteByte                       0x08003a51   Thumb Code    78  spi.o(.text)
    SPI1_Init                                0x08003a9f   Thumb Code   136  spi.o(.text)
    SPI1_SetSpeed                            0x08003b27   Thumb Code    36  spi.o(.text)
    Uart1_Put_Char                           0x08003b55   Thumb Code    18  wave.o(.text)
    Uart1_Put_temp                           0x08003b67   Thumb Code    18  wave.o(.text)
    Uart1_Put_UInt16                         0x08003b79   Thumb Code    60  wave.o(.text)
    Uart1_Put_Int16                          0x08003bb5   Thumb Code    60  wave.o(.text)
    Uart1_Put_Int32                          0x08003bf1   Thumb Code   112  wave.o(.text)
    Uart1_Put_float                          0x08003c61   Thumb Code   112  wave.o(.text)
    Uart1_send_temp                          0x08003cd1   Thumb Code    72  wave.o(.text)
    Uart1_send_custom_uint16                 0x08003d19   Thumb Code    60  wave.o(.text)
    Uart1_send_custom_int16                  0x08003d55   Thumb Code    60  wave.o(.text)
    Uart1_send_custom_float                  0x08003d91   Thumb Code    90  wave.o(.text)
    send_status                              0x08003deb   Thumb Code   152  wave.o(.text)
    send_senser                              0x08003e83   Thumb Code   168  wave.o(.text)
    send_rcdata                              0x08003f2b   Thumb Code   192  wave.o(.text)
    send_wave                                0x08003feb   Thumb Code    28  wave.o(.text)
    send_temp                                0x08004007   Thumb Code    28  wave.o(.text)
    printhh                                  0x08004023   Thumb Code    16  wave.o(.text)
    print5n                                  0x08004033   Thumb Code   128  wave.o(.text)
    print4n                                  0x080040b3   Thumb Code    98  wave.o(.text)
    print3n                                  0x08004115   Thumb Code    68  wave.o(.text)
    print2n                                  0x08004159   Thumb Code    42  wave.o(.text)
    receive_Data                             0x08004183   Thumb Code   338  wave.o(.text)
    PID_Init                                 0x080042ed   Thumb Code    46  pid.o(.text)
    PID_Set                                  0x0800431b   Thumb Code   676  pid.o(.text)
    Set_PWM                                  0x080045bf   Thumb Code   120  pid.o(.text)
    Tim3_Init                                0x0800469d   Thumb Code   102  timer.o(.text)
    __aeabi_memset                           0x08004709   Thumb Code    14  memseta.o(.text)
    __aeabi_memset4                          0x08004709   Thumb Code     0  memseta.o(.text)
    __aeabi_memset8                          0x08004709   Thumb Code     0  memseta.o(.text)
    __aeabi_memclr                           0x08004717   Thumb Code     4  memseta.o(.text)
    __aeabi_memclr4                          0x08004717   Thumb Code     0  memseta.o(.text)
    __aeabi_memclr8                          0x08004717   Thumb Code     0  memseta.o(.text)
    _memset$wrapper                          0x0800471b   Thumb Code    18  memseta.o(.text)
    strcmp                                   0x0800472d   Thumb Code    28  strcmp.o(.text)
    strcpy                                   0x08004749   Thumb Code    18  strcpy.o(.text)
    __aeabi_fadd                             0x0800475b   Thumb Code   164  fadd.o(.text)
    __aeabi_fsub                             0x080047ff   Thumb Code     6  fadd.o(.text)
    __aeabi_frsub                            0x08004805   Thumb Code     6  fadd.o(.text)
    __aeabi_fmul                             0x0800480b   Thumb Code   100  fmul.o(.text)
    __aeabi_fdiv                             0x0800486f   Thumb Code   124  fdiv.o(.text)
    __aeabi_dadd                             0x080048eb   Thumb Code   322  dadd.o(.text)
    __aeabi_dsub                             0x08004a2d   Thumb Code     6  dadd.o(.text)
    __aeabi_drsub                            0x08004a33   Thumb Code     6  dadd.o(.text)
    __aeabi_dmul                             0x08004a39   Thumb Code   228  dmul.o(.text)
    __aeabi_ddiv                             0x08004b1d   Thumb Code   222  ddiv.o(.text)
    __aeabi_i2f                              0x08004bfb   Thumb Code    18  fflti.o(.text)
    __aeabi_i2d                              0x08004c0d   Thumb Code    34  dflti.o(.text)
    __aeabi_f2iz                             0x08004c2f   Thumb Code    50  ffixi.o(.text)
    __aeabi_d2iz                             0x08004c61   Thumb Code    62  dfixi.o(.text)
    __aeabi_f2d                              0x08004c9f   Thumb Code    38  f2d.o(.text)
    __aeabi_cdcmpeq                          0x08004cc5   Thumb Code     0  cdcmple.o(.text)
    __aeabi_cdcmple                          0x08004cc5   Thumb Code    48  cdcmple.o(.text)
    __aeabi_cdrcmple                         0x08004cf5   Thumb Code    48  cdrcmple.o(.text)
    __aeabi_d2f                              0x08004d25   Thumb Code    56  d2f.o(.text)
    __aeabi_cfcmpeq                          0x08004d5d   Thumb Code     0  cfcmple.o(.text)
    __aeabi_cfcmple                          0x08004d5d   Thumb Code    20  cfcmple.o(.text)
    __aeabi_cfrcmple                         0x08004d71   Thumb Code    20  cfrcmple.o(.text)
    __aeabi_llsl                             0x08004d85   Thumb Code    30  llshl.o(.text)
    _ll_shift_l                              0x08004d85   Thumb Code     0  llshl.o(.text)
    __aeabi_llsr                             0x08004da3   Thumb Code    32  llushr.o(.text)
    _ll_ushift_r                             0x08004da3   Thumb Code     0  llushr.o(.text)
    __aeabi_lasr                             0x08004dc3   Thumb Code    36  llsshr.o(.text)
    _ll_sshift_r                             0x08004dc3   Thumb Code     0  llsshr.o(.text)
    __I$use$fp                               0x08004de7   Thumb Code     0  iusefp.o(.text)
    _float_round                             0x08004de7   Thumb Code    18  fepilogue.o(.text)
    _float_epilogue                          0x08004df9   Thumb Code    92  fepilogue.o(.text)
    _double_round                            0x08004e55   Thumb Code    30  depilogue.o(.text)
    _double_epilogue                         0x08004e73   Thumb Code   156  depilogue.o(.text)
    __ARM_scalbn                             0x08004f0f   Thumb Code    46  dscalb.o(.text)
    scalbn                                   0x08004f0f   Thumb Code     0  dscalb.o(.text)
    _dsqrt                                   0x08004f3d   Thumb Code   162  dsqrt.o(.text)
    __scatterload                            0x08004fe1   Thumb Code    28  init.o(.text)
    __scatterload_rt2                        0x08004fe1   Thumb Code     0  init.o(.text)
    UART_Putc                                0x08005005   Thumb Code    30  wave.o(i.UART_Putc)
    __ARM_fpclassify                         0x08005029   Thumb Code    40  fpclassify.o(i.__ARM_fpclassify)
    __kernel_poly                            0x08005051   Thumb Code   170  poly.o(i.__kernel_poly)
    __mathlib_dbl_infnan                     0x080050fb   Thumb Code     6  dunder.o(i.__mathlib_dbl_infnan)
    __mathlib_dbl_infnan2                    0x08005101   Thumb Code     4  dunder.o(i.__mathlib_dbl_infnan2)
    __mathlib_dbl_invalid                    0x08005105   Thumb Code    12  dunder.o(i.__mathlib_dbl_invalid)
    __mathlib_dbl_underflow                  0x08005111   Thumb Code    10  dunder.o(i.__mathlib_dbl_underflow)
    __scatterload_copy                       0x08005121   Thumb Code    14  handlers.o(i.__scatterload_copy)
    __scatterload_null                       0x0800512f   Thumb Code     2  handlers.o(i.__scatterload_null)
    __scatterload_zeroinit                   0x08005131   Thumb Code    14  handlers.o(i.__scatterload_zeroinit)
    __set_errno                              0x08005141   Thumb Code     6  errno.o(i.__set_errno)
    asin                                     0x0800514d   Thumb Code   572  asin.o(i.asin)
    atan                                     0x080053bd   Thumb Code   474  atan.o(i.atan)
    atan2                                    0x080055dd   Thumb Code   346  atan2.o(i.atan2)
    sqrt                                     0x0800575d   Thumb Code    76  sqrt.o(i.sqrt)
    TX_ADDRESS                               0x080057a8   Data           5  24l01.o(.constdata)
    RX_ADDRESS                               0x080057ad   Data           5  24l01.o(.constdata)
    __mathlib_zero                           0x080058a0   Data           8  qnan.o(.constdata)
    Region$$Table$$Base                      0x080058a8   Number         0  anon$$obj.o(Region$$Table)
    Region$$Table$$Limit                     0x080058c8   Number         0  anon$$obj.o(Region$$Table)
    FLAG_ATT                                 0x20000000   Data           1  stm32f10x_it.o(.data)
    SystemCoreClock                          0x20000018   Data           4  system_stm32f10x.o(.data)
    AHBPrescTable                            0x2000001c   Data          16  system_stm32f10x.o(.data)
    p                                        0x20000030   Data           4  usart.o(.data)
    STA                                      0x20000034   Data           4  usart.o(.data)
    lastUpdate                               0x20000038   Data           4  imu.o(.data)
    now                                      0x2000003c   Data           4  imu.o(.data)
    q0                                       0x20000040   Data           4  imu.o(.data)
    q1                                       0x20000044   Data           4  imu.o(.data)
    q2                                       0x20000048   Data           4  imu.o(.data)
    q3                                       0x2000004c   Data           4  imu.o(.data)
    exInt                                    0x20000050   Data           4  imu.o(.data)
    eyInt                                    0x20000054   Data           4  imu.o(.data)
    ezInt                                    0x20000058   Data           4  imu.o(.data)
    GYRO_X_last                              0x20000060   Data           2  mpu6050.o(.data)
    GYRO_Y_last                              0x20000062   Data           2  mpu6050.o(.data)
    GYRO_Z_last                              0x20000064   Data           2  mpu6050.o(.data)
    ACCEL_X_last                             0x20000066   Data           2  mpu6050.o(.data)
    ACCEL_Y_last                             0x20000068   Data           2  mpu6050.o(.data)
    ACCEL_Z_last                             0x2000006a   Data           2  mpu6050.o(.data)
    fGYRO_X                                  0x2000006c   Data           4  mpu6050.o(.data)
    fGYRO_Y                                  0x20000070   Data           4  mpu6050.o(.data)
    fGYRO_Z                                  0x20000074   Data           4  mpu6050.o(.data)
    fACCEL_X                                 0x20000078   Data           4  mpu6050.o(.data)
    fACCEL_Y                                 0x2000007c   Data           4  mpu6050.o(.data)
    fACCEL_Z                                 0x20000080   Data           4  mpu6050.o(.data)
    Angle_accX                               0x20000084   Data           4  mpu6050.o(.data)
    Angle_accY                               0x20000088   Data           4  mpu6050.o(.data)
    Angle_accZ                               0x2000008c   Data           4  mpu6050.o(.data)
    Angle_gyroX                              0x20000090   Data           4  mpu6050.o(.data)
    Angle_gyroY                              0x20000094   Data           4  mpu6050.o(.data)
    Angle_gyroZ                              0x20000098   Data           4  mpu6050.o(.data)
    Gx_offset                                0x200000a0   Data           8  mpu6050.o(.data)
    Gy_offset                                0x200000a8   Data           8  mpu6050.o(.data)
    Gz_offset                                0x200000b0   Data           8  mpu6050.o(.data)
    Ax_offset                                0x200000b8   Data           8  mpu6050.o(.data)
    Ay_offset                                0x200000c0   Data           8  mpu6050.o(.data)
    Az_offset                                0x200000c8   Data           8  mpu6050.o(.data)
    Mpu6050_init_offset_OK                   0x200000d0   Data           4  mpu6050.o(.data)
    temp                                     0x200000d4   Data           6  wave.o(.data)
    count                                    0x200000da   Data           1  wave.o(.data)
    expRoll                                  0x200000dc   Data           4  pid.o(.data)
    expPitch                                 0x200000e0   Data           4  pid.o(.data)
    surYaw                                   0x200000e4   Data           4  pid.o(.data)
    surRoll                                  0x200000e8   Data           4  pid.o(.data)
    surPitch                                 0x200000ec   Data           4  pid.o(.data)
    diffYaw                                  0x200000f0   Data           4  pid.o(.data)
    diffRoll                                 0x200000f4   Data           4  pid.o(.data)
    diffPitch                                0x200000f8   Data           4  pid.o(.data)
    motor0                                   0x200000fc   Data           2  pid.o(.data)
    motor1                                   0x200000fe   Data           2  pid.o(.data)
    motor2                                   0x20000100   Data           2  pid.o(.data)
    motor3                                   0x20000102   Data           2  pid.o(.data)
    expThro                                  0x20000104   Data           4  pid.o(.data)
    Res                                      0x20000124   Data          32  usart.o(.bss)
    BUF                                      0x20000144   Data          12  mpu6050.o(.bss)
    TxBuffer                                 0x20000150   Data          32  wave.o(.bss)
    PID_ROLL                                 0x20000170   Data          16  pid.o(.bss)
    PID_PITCH                                0x20000180   Data          16  pid.o(.bss)
    PID_YAW                                  0x20000190   Data          16  pid.o(.bss)
    __initial_sp                             0x200005a0   Data           0  startup_stm32f10x_md.o(STACK)



==============================================================================

Memory Map of the image

  Image Entry point : 0x080000ed

  Load Region LR_IROM1 (Base: 0x08000000, Size: 0x000059ec, Max: 0x00010000, ABSOLUTE)

    Execution Region ER_IROM1 (Base: 0x08000000, Size: 0x000058c8, Max: 0x00010000, ABSOLUTE)

    Base Addr    Size         Type   Attr      Idx    E Section Name        Object

    0x08000000   0x000000ec   Data   RO            3    RESET               startup_stm32f10x_md.o
    0x080000ec   0x00000000   Code   RO          544  * .ARM.Collect$$$$00000000  mc_w.l(entry.o)
    0x080000ec   0x00000004   Code   RO          604    .ARM.Collect$$$$00000001  mc_w.l(entry2.o)
    0x080000f0   0x00000004   Code   RO          607    .ARM.Collect$$$$00000004  mc_w.l(entry5.o)
    0x080000f4   0x00000000   Code   RO          609    .ARM.Collect$$$$00000008  mc_w.l(entry7b.o)
    0x080000f4   0x00000000   Code   RO          611    .ARM.Collect$$$$0000000A  mc_w.l(entry8b.o)
    0x080000f4   0x00000008   Code   RO          612    .ARM.Collect$$$$0000000B  mc_w.l(entry9a.o)
    0x080000fc   0x00000000   Code   RO          614    .ARM.Collect$$$$0000000D  mc_w.l(entry10a.o)
    0x080000fc   0x00000000   Code   RO          616    .ARM.Collect$$$$0000000F  mc_w.l(entry11a.o)
    0x080000fc   0x00000004   Code   RO          605    .ARM.Collect$$$$00002712  mc_w.l(entry2.o)
    0x08000100   0x00000024   Code   RO            4    .text               startup_stm32f10x_md.o
    0x08000124   0x0000026c   Code   RO           10    .text               main.o
    0x08000390   0x00000068   Code   RO          167    .text               stm32f10x_it.o
    0x080003f8   0x000000dc   Code   RO          185    .text               misc.o
    0x080004d4   0x0000035c   Code   RO          197    .text               stm32f10x_gpio.o
    0x08000830   0x000003a8   Code   RO          209    .text               stm32f10x_rcc.o
    0x08000bd8   0x00000408   Code   RO          223    .text               stm32f10x_usart.o
    0x08000fe0   0x00000e1a   Code   RO          247    .text               stm32f10x_tim.o
    0x08001dfa   0x00000002   PAD
    0x08001dfc   0x0000030c   Code   RO          259    .text               stm32f10x_spi.o
    0x08002108   0x000001e4   Code   RO          281    .text               system_stm32f10x.o
    0x080022ec   0x000000a8   Code   RO          305    .text               delay.o
    0x08002394   0x00000080   Code   RO          319    .text               hseconf.o
    0x08002414   0x00000064   Code   RO          331    .text               led.o
    0x08002478   0x00000124   Code   RO          355    .text               usart.o
    0x0800259c   0x00000284   Code   RO          371    .text               iic.o
    0x08002820   0x00000770   Code   RO          383    .text               imu.o
    0x08002f90   0x000005e4   Code   RO          399    .text               mpu6050.o
    0x08003574   0x000001b8   Code   RO          415    .text               motor.o
    0x0800372c   0x00000324   Code   RO          427    .text               24l01.o
    0x08003a50   0x00000104   Code   RO          442    .text               spi.o
    0x08003b54   0x00000798   Code   RO          454    .text               wave.o
    0x080042ec   0x000003b0   Code   RO          479    .text               pid.o
    0x0800469c   0x0000006c   Code   RO          496    .text               timer.o
    0x08004708   0x00000024   Code   RO          547    .text               mc_w.l(memseta.o)
    0x0800472c   0x0000001c   Code   RO          549    .text               mc_w.l(strcmp.o)
    0x08004748   0x00000012   Code   RO          551    .text               mc_w.l(strcpy.o)
    0x0800475a   0x000000b0   Code   RO          553    .text               mf_w.l(fadd.o)
    0x0800480a   0x00000064   Code   RO          555    .text               mf_w.l(fmul.o)
    0x0800486e   0x0000007c   Code   RO          557    .text               mf_w.l(fdiv.o)
    0x080048ea   0x0000014e   Code   RO          559    .text               mf_w.l(dadd.o)
    0x08004a38   0x000000e4   Code   RO          561    .text               mf_w.l(dmul.o)
    0x08004b1c   0x000000de   Code   RO          563    .text               mf_w.l(ddiv.o)
    0x08004bfa   0x00000012   Code   RO          565    .text               mf_w.l(fflti.o)
    0x08004c0c   0x00000022   Code   RO          567    .text               mf_w.l(dflti.o)
    0x08004c2e   0x00000032   Code   RO          569    .text               mf_w.l(ffixi.o)
    0x08004c60   0x0000003e   Code   RO          571    .text               mf_w.l(dfixi.o)
    0x08004c9e   0x00000026   Code   RO          573    .text               mf_w.l(f2d.o)
    0x08004cc4   0x00000030   Code   RO          575    .text               mf_w.l(cdcmple.o)
    0x08004cf4   0x00000030   Code   RO          577    .text               mf_w.l(cdrcmple.o)
    0x08004d24   0x00000038   Code   RO          579    .text               mf_w.l(d2f.o)
    0x08004d5c   0x00000014   Code   RO          581    .text               mf_w.l(cfcmple.o)
    0x08004d70   0x00000014   Code   RO          583    .text               mf_w.l(cfrcmple.o)
    0x08004d84   0x0000001e   Code   RO          618    .text               mc_w.l(llshl.o)
    0x08004da2   0x00000020   Code   RO          620    .text               mc_w.l(llushr.o)
    0x08004dc2   0x00000024   Code   RO          622    .text               mc_w.l(llsshr.o)
    0x08004de6   0x00000000   Code   RO          631    .text               mc_w.l(iusefp.o)
    0x08004de6   0x0000006e   Code   RO          632    .text               mf_w.l(fepilogue.o)
    0x08004e54   0x000000ba   Code   RO          634    .text               mf_w.l(depilogue.o)
    0x08004f0e   0x0000002e   Code   RO          636    .text               mf_w.l(dscalb.o)
    0x08004f3c   0x000000a2   Code   RO          638    .text               mf_w.l(dsqrt.o)
    0x08004fde   0x00000002   PAD
    0x08004fe0   0x00000024   Code   RO          640    .text               mc_w.l(init.o)
    0x08005004   0x00000024   Code   RO          467    i.UART_Putc         wave.o
    0x08005028   0x00000028   Code   RO          599    i.__ARM_fpclassify  m_ws.l(fpclassify.o)
    0x08005050   0x000000aa   Code   RO          601    i.__kernel_poly     m_ws.l(poly.o)
    0x080050fa   0x00000006   Code   RO          586    i.__mathlib_dbl_infnan  m_ws.l(dunder.o)
    0x08005100   0x00000004   Code   RO          587    i.__mathlib_dbl_infnan2  m_ws.l(dunder.o)
    0x08005104   0x0000000c   Code   RO          588    i.__mathlib_dbl_invalid  m_ws.l(dunder.o)
    0x08005110   0x00000010   Code   RO          591    i.__mathlib_dbl_underflow  m_ws.l(dunder.o)
    0x08005120   0x0000000e   Code   RO          644    i.__scatterload_copy  mc_w.l(handlers.o)
    0x0800512e   0x00000002   Code   RO          645    i.__scatterload_null  mc_w.l(handlers.o)
    0x08005130   0x0000000e   Code   RO          646    i.__scatterload_zeroinit  mc_w.l(handlers.o)
    0x0800513e   0x00000002   PAD
    0x08005140   0x0000000c   Code   RO          626    i.__set_errno       mc_w.l(errno.o)
    0x0800514c   0x00000270   Code   RO          509    i.asin              m_ws.l(asin.o)
    0x080053bc   0x00000220   Code   RO          519    i.atan              m_ws.l(atan.o)
    0x080055dc   0x00000180   Code   RO          529    i.atan2             m_ws.l(atan2.o)
    0x0800575c   0x0000004c   Code   RO          537    i.sqrt              m_ws.l(sqrt.o)
    0x080057a8   0x0000000a   Data   RO          428    .constdata          24l01.o
    0x080057b2   0x00000006   PAD
    0x080057b8   0x00000050   Data   RO          510    .constdata          m_ws.l(asin.o)
    0x08005808   0x00000098   Data   RO          520    .constdata          m_ws.l(atan.o)
    0x080058a0   0x00000008   Data   RO          603    .constdata          m_ws.l(qnan.o)
    0x080058a8   0x00000020   Data   RO          642    Region$$Table       anon$$obj.o


    Execution Region RW_IRAM1 (Base: 0x20000000, Size: 0x000005a0, Max: 0x00005000, ABSOLUTE)

    Base Addr    Size         Type   Attr      Idx    E Section Name        Object

    0x20000000   0x00000004   Data   RW          168    .data               stm32f10x_it.o
    0x20000004   0x00000014   Data   RW          210    .data               stm32f10x_rcc.o
    0x20000018   0x00000014   Data   RW          282    .data               system_stm32f10x.o
    0x2000002c   0x00000004   Data   RW          306    .data               delay.o
    0x20000030   0x00000008   Data   RW          357    .data               usart.o
    0x20000038   0x00000024   Data   RW          384    .data               imu.o
    0x2000005c   0x00000004   PAD
    0x20000060   0x00000074   Data   RW          401    .data               mpu6050.o
    0x200000d4   0x00000007   Data   RW          456    .data               wave.o
    0x200000db   0x00000001   PAD
    0x200000dc   0x00000044   Data   RW          481    .data               pid.o
    0x20000120   0x00000004   Data   RW          627    .data               mc_w.l(errno.o)
    0x20000124   0x00000020   Zero   RW          356    .bss                usart.o
    0x20000144   0x0000000c   Zero   RW          400    .bss                mpu6050.o
    0x20000150   0x00000020   Zero   RW          455    .bss                wave.o
    0x20000170   0x00000030   Zero   RW          480    .bss                pid.o
    0x200001a0   0x00000400   Zero   RW            1    STACK               startup_stm32f10x_md.o


==============================================================================

Image component sizes


      Code (inc. data)   RO Data    RW Data    ZI Data      Debug   Object Name

       804         44         10          0          0       3495   24l01.o
       168          8          0          4          0        989   delay.o
       128          6          0          0          0        504   hseconf.o
       644         14          0          0          0       1764   iic.o
      1904        102          0         36          0       2840   imu.o
       100          6          0          0          0        669   led.o
       620         86          0          0          0     260569   main.o
       220         22          0          0          0       1705   misc.o
       440          4          0          0          0       2143   motor.o
      1508        170          0        116         12       3260   mpu6050.o
       944        102          0         68         48       1892   pid.o
       260         10          0          0          0       1069   spi.o
        36          8        236          0       1024        824   startup_stm32f10x_md.o
       860         38          0          0          0       5557   stm32f10x_gpio.o
       104         18          0          4          0       1593   stm32f10x_it.o
       936         40          0         20          0       8700   stm32f10x_rcc.o
       780         14          0          0          0       6434   stm32f10x_spi.o
      3610         88          0          0          0      22040   stm32f10x_tim.o
      1032         22          0          0          0       8276   stm32f10x_usart.o
       484         42          0         20          0       1731   system_stm32f10x.o
       108          6          0          0          0        572   timer.o
       292         20          0          8         32       1698   usart.o
      1980         42          0          7         32       6898   wave.o

    ----------------------------------------------------------------------
     17964        912        284        288       1148     345222   Object Totals
         0          0         32          0          0          0   (incl. Generated)
         2          0          6          5          0          0   (incl. Padding)

    ----------------------------------------------------------------------

      Code (inc. data)   RO Data    RW Data    ZI Data      Debug   Library Member Name

       624         52         80          0          0        168   asin.o
       544         70        152          0          0        124   atan.o
       384         38          0          0          0        144   atan2.o
        38          6          0          0          0        272   dunder.o
        40          0          0          0          0         68   fpclassify.o
       170          0          0          0          0         96   poly.o
         0          0          8          0          0          0   qnan.o
        76          0          0          0          0         84   sqrt.o
         0          0          0          0          0          0   entry.o
         0          0          0          0          0          0   entry10a.o
         0          0          0          0          0          0   entry11a.o
         8          4          0          0          0          0   entry2.o
         4          0          0          0          0          0   entry5.o
         0          0          0          0          0          0   entry7b.o
         0          0          0          0          0          0   entry8b.o
         8          4          0          0          0          0   entry9a.o
        12          6          0          4          0         68   errno.o
        30          0          0          0          0          0   handlers.o
        36          8          0          0          0         68   init.o
         0          0          0          0          0          0   iusefp.o
        30          0          0          0          0         68   llshl.o
        36          0          0          0          0         68   llsshr.o
        32          0          0          0          0         68   llushr.o
        36          0          0          0          0        108   memseta.o
        28          0          0          0          0         76   strcmp.o
        18          0          0          0          0         68   strcpy.o
        48          0          0          0          0         68   cdcmple.o
        48          0          0          0          0         68   cdrcmple.o
        20          0          0          0          0         68   cfcmple.o
        20          0          0          0          0         68   cfrcmple.o
        56          0          0          0          0         88   d2f.o
       334          0          0          0          0        148   dadd.o
       222          0          0          0          0        100   ddiv.o
       186          0          0          0          0        176   depilogue.o
        62          0          0          0          0         80   dfixi.o
        34          0          0          0          0         76   dflti.o
       228          0          0          0          0         96   dmul.o
        46          0          0          0          0         80   dscalb.o
       162          0          0          0          0        100   dsqrt.o
        38          0          0          0          0         68   f2d.o
       176          0          0          0          0        140   fadd.o
       124          0          0          0          0         88   fdiv.o
       110          0          0          0          0        168   fepilogue.o
        50          0          0          0          0         68   ffixi.o
        18          0          0          0          0         68   fflti.o
       100          0          0          0          0         76   fmul.o

    ----------------------------------------------------------------------
      4240        188        240          4          0       3440   Library Totals
         4          0          0          0          0          0   (incl. Padding)

    ----------------------------------------------------------------------

      Code (inc. data)   RO Data    RW Data    ZI Data      Debug   Library Name

      1876        166        240          0          0        956   m_ws.l
       278         22          0          4          0        592   mc_w.l
      2082          0          0          0          0       1892   mf_w.l

    ----------------------------------------------------------------------
      4240        188        240          4          0       3440   Library Totals

    ----------------------------------------------------------------------

==============================================================================


      Code (inc. data)   RO Data    RW Data    ZI Data      Debug   

     22204       1100        524        292       1148     345174   Grand Totals
     22204       1100        524        292       1148     345174   ELF Image Totals
     22204       1100        524        292          0          0   ROM Totals

==============================================================================

    Total RO  Size (Code + RO Data)                22728 (  22.20kB)
    Total RW  Size (RW Data + ZI Data)              1440 (   1.41kB)
    Total ROM Size (Code + RO Data + RW Data)      23020 (  22.48kB)

==============================================================================

