Component: ARM Compiler 5.05 update 2 (build 169) Tool: armlink [4d0f33]

==============================================================================

Section Cross References

    startup_stm32f10x_md.o(RESET) refers to startup_stm32f10x_md.o(STACK) for __initial_sp
    startup_stm32f10x_md.o(RESET) refers to startup_stm32f10x_md.o(.text) for Reset_Handler
    startup_stm32f10x_md.o(RESET) refers to stm32f10x_it.o(.text) for NMI_Handler
    startup_stm32f10x_md.o(RESET) refers to usart.o(.text) for USART1_IRQHandler
    startup_stm32f10x_md.o(.text) refers to system_stm32f10x.o(.text) for SystemInit
    startup_stm32f10x_md.o(.text) refers to entry.o(.ARM.Collect$$$$00000000) for __main
    main.o(.text) refers to memseta.o(.text) for __aeabi_memclr4
    main.o(.text) refers to hseconf.o(.text) for RCC_HSE_Configuration
    main.o(.text) refers to delay.o(.text) for SysTick_Init
    main.o(.text) refers to usart.o(.text) for USART1_Config
    main.o(.text) refers to led.o(.text) for LED_Init
    main.o(.text) refers to ano_tc_stm32f1_i2c.o(.text) for ANO_TC_I2C2_INIT
    main.o(.text) refers to imu.o(.text) for Initial_Timer3
    main.o(.text) refers to motor.o(.text) for TIM2_Init
    main.o(.text) refers to mpu6050.o(.text) for Mpu6050init
    main.o(.text) refers to pid.o(.text) for Set_PWM
    main.o(.text) refers to 24l01.o(.text) for NRF24L01_Init
    main.o(.text) refers to stm32f10x_gpio.o(.text) for GPIO_ResetBits
    main.o(.text) refers to fflti.o(.text) for __aeabi_i2f
    main.o(.text) refers to f2d.o(.text) for __aeabi_f2d
    main.o(.text) refers to ddiv.o(.text) for __aeabi_ddiv
    main.o(.text) refers to d2f.o(.text) for __aeabi_d2f
    main.o(.text) refers to dmul.o(.text) for __aeabi_dmul
    main.o(.text) refers to dfixi.o(.text) for __aeabi_d2iz
    main.o(.text) refers to dflti.o(.text) for __aeabi_i2d
    main.o(.text) refers to strcpy.o(.text) for strcpy
    main.o(.text) refers to strcmp.o(.text) for strcmp
    main.o(.text) refers to wave.o(.text) for receive_Data
    main.o(.text) refers to fmul.o(.text) for __aeabi_fmul
    main.o(.text) refers to ffixi.o(.text) for __aeabi_f2iz
    main.o(.text) refers to dfixui.o(.text) for __aeabi_d2uiz
    main.o(.text) refers to pid.o(.data) for expRoll
    main.o(.text) refers to usart.o(.data) for STA
    main.o(.text) refers to mpu6050.o(.data) for fGYRO_Z
    stm32f10x_it.o(.text) refers to ano_tc_stm32f1_i2c.o(.text) for ANO_TC_I2C2_EV_IRQ
    stm32f10x_gpio.o(.text) refers to stm32f10x_rcc.o(.text) for RCC_APB2PeriphResetCmd
    stm32f10x_rcc.o(.text) refers to stm32f10x_rcc.o(.data) for APBAHBPrescTable
    stm32f10x_usart.o(.text) refers to stm32f10x_rcc.o(.text) for RCC_APB2PeriphResetCmd
    stm32f10x_i2c.o(.text) refers to stm32f10x_rcc.o(.text) for RCC_APB1PeriphResetCmd
    stm32f10x_tim.o(.text) refers to stm32f10x_rcc.o(.text) for RCC_APB2PeriphResetCmd
    stm32f10x_spi.o(.text) refers to stm32f10x_rcc.o(.text) for RCC_APB2PeriphResetCmd
    system_stm32f10x.o(.text) refers to system_stm32f10x.o(.data) for SystemCoreClock
    delay.o(.text) refers to delay.o(.data) for fac_us
    hseconf.o(.text) refers to stm32f10x_rcc.o(.text) for RCC_DeInit
    led.o(.text) refers to stm32f10x_rcc.o(.text) for RCC_APB2PeriphClockCmd
    led.o(.text) refers to stm32f10x_gpio.o(.text) for GPIO_PinRemapConfig
    led.o(.text) refers to delay.o(.text) for delay_us
    sys.o(.text) refers to misc.o(.text) for NVIC_PriorityGroupConfig
    usart.o(.text) refers to stm32f10x_rcc.o(.text) for RCC_APB2PeriphClockCmd
    usart.o(.text) refers to stm32f10x_gpio.o(.text) for GPIO_Init
    usart.o(.text) refers to stm32f10x_usart.o(.text) for USART_Init
    usart.o(.text) refers to misc.o(.text) for NVIC_Init
    usart.o(.text) refers to usart.o(.bss) for Res
    usart.o(.text) refers to usart.o(.data) for p
    iic.o(.text) refers to stm32f10x_rcc.o(.text) for RCC_APB2PeriphClockCmd
    iic.o(.text) refers to stm32f10x_gpio.o(.text) for GPIO_Init
    iic.o(.text) refers to delay.o(.text) for delay_us
    imu.o(.text) refers to stm32f10x_rcc.o(.text) for RCC_APB1PeriphClockCmd
    imu.o(.text) refers to stm32f10x_tim.o(.text) for TIM_TimeBaseStructInit
    imu.o(.text) refers to ffltui.o(.text) for __aeabi_ui2f
    imu.o(.text) refers to fdiv.o(.text) for __aeabi_fdiv
    imu.o(.text) refers to fmul.o(.text) for __aeabi_fmul
    imu.o(.text) refers to fadd.o(.text) for __aeabi_fadd
    imu.o(.text) refers to f2d.o(.text) for __aeabi_f2d
    imu.o(.text) refers to sqrt.o(i.sqrt) for sqrt
    imu.o(.text) refers to d2f.o(.text) for __aeabi_d2f
    imu.o(.text) refers to imu.o(.data) for now
    imu.o(.text) refers to fflti.o(.text) for __aeabi_i2f
    imu.o(.text) refers to atan2.o(i.atan2) for atan2
    imu.o(.text) refers to dmul.o(.text) for __aeabi_dmul
    imu.o(.text) refers to asin.o(i.asin) for asin
    imu.o(.text) refers to dadd.o(.text) for __aeabi_dsub
    imu.o(.text) refers to mpu6050.o(.data) for fACCEL_Z
[...]
    atan.o(i.atan) refers to dadd.o(.text) for __aeabi_dadd
    atan.o(i.atan) refers to dscalb.o(.text) for __ARM_scalbn
    atan.o(i.atan) refers to ddiv.o(.text) for __aeabi_ddiv
    atan.o(i.atan) refers to dmul.o(.text) for __aeabi_dmul
    atan.o(i.atan) refers to poly.o(i.__kernel_poly) for __kernel_poly
    atan.o(i.atan) refers to atan.o(.constdata) for .constdata
    atan.o(.constdata) refers (Special) to iusefp.o(.text) for __I$use$fp
    atan_x.o(i.____softfp_atan$lsc) refers (Special) to iusefp.o(.text) for __I$use$fp
    atan_x.o(i.____softfp_atan$lsc) refers to atan_x.o(i.__atan$lsc) for __atan$lsc
    atan_x.o(i.__atan$lsc) refers (Special) to iusefp.o(.text) for __I$use$fp
    atan_x.o(i.__atan$lsc) refers to dunder.o(i.__mathlib_dbl_infnan) for __mathlib_dbl_infnan
    atan_x.o(i.__atan$lsc) refers to dadd.o(.text) for __aeabi_dadd
    atan_x.o(i.__atan$lsc) refers to dscalb.o(.text) for __ARM_scalbn
    atan_x.o(i.__atan$lsc) refers to ddiv.o(.text) for __aeabi_ddiv
    atan_x.o(i.__atan$lsc) refers to dmul.o(.text) for __aeabi_dmul
    atan_x.o(i.__atan$lsc) refers to poly.o(i.__kernel_poly) for __kernel_poly
    atan_x.o(i.__atan$lsc) refers to atan_x.o(.constdata) for .constdata
    atan_x.o(.constdata) refers (Special) to iusefp.o(.text) for __I$use$fp
    dunder.o(i.__mathlib_dbl_divzero) refers to ddiv.o(.text) for __aeabi_ddiv
    dunder.o(i.__mathlib_dbl_infnan) refers to dscalb.o(.text) for __ARM_scalbn
    dunder.o(i.__mathlib_dbl_infnan2) refers to dadd.o(.text) for __aeabi_dadd
    dunder.o(i.__mathlib_dbl_invalid) refers to ddiv.o(.text) for __aeabi_ddiv
    dunder.o(i.__mathlib_dbl_overflow) refers to dscalb.o(.text) for __ARM_scalbn
    dunder.o(i.__mathlib_dbl_posinfnan) refers to dmul.o(.text) for __aeabi_dmul
    dunder.o(i.__mathlib_dbl_underflow) refers to dscalb.o(.text) for __ARM_scalbn
    fpclassify.o(i.__ARM_fpclassify) refers (Special) to iusefp.o(.text) for __I$use$fp
    poly.o(i.__kernel_poly) refers (Special) to iusefp.o(.text) for __I$use$fp
    poly.o(i.__kernel_poly) refers to dmul.o(.text) for __aeabi_dmul
    poly.o(i.__kernel_poly) refers to dadd.o(.text) for __aeabi_dadd
    qnan.o(.constdata) refers (Special) to iusefp.o(.text) for __I$use$fp
    entry2.o(.ARM.Collect$$$$00000001) refers to entry2.o(.ARM.Collect$$$$00002712) for __lit__00000000
    entry2.o(.ARM.Collect$$$$00002712) refers to startup_stm32f10x_md.o(STACK) for __initial_sp
    entry2.o(__vectab_stack_and_reset_area) refers to startup_stm32f10x_md.o(STACK) for __initial_sp
    entry2.o(__vectab_stack_and_reset_area) refers to entry.o(.ARM.Collect$$$$00000000) for __main
    entry5.o(.ARM.Collect$$$$00000004) refers to init.o(.text) for __scatterload
    entry9a.o(.ARM.Collect$$$$0000000B) refers to main.o(.text) for main
    entry9b.o(.ARM.Collect$$$$0000000C) refers to main.o(.text) for main
    errno.o(i.__aeabi_errno_addr) refers to errno.o(.data) for .data
    errno.o(i.__read_errno) refers to errno.o(.data) for .data
    errno.o(i.__set_errno) refers to errno.o(.data) for .data
    depilogue.o(.text) refers to llshl.o(.text) for __aeabi_llsl
    depilogue.o(.text) refers to llushr.o(.text) for __aeabi_llsr
    dsqrt.o(.text) refers to llushr.o(.text) for __aeabi_llsr
    dsqrt.o(.text) refers to depilogue.o(.text) for _double_round
    init.o(.text) refers to entry5.o(.ARM.Collect$$$$00000004) for __main_after_scatterload
    wave.o(i.UART_Putc) refers to stm32f10x_usart.o(.text) for USART_SendData


==============================================================================

Removing Unused input sections from the image.

    Removing startup_stm32f10x_md.o(HEAP), (512 bytes).
    Removing main.o(.data), (6 bytes).
    Removing core_cm3.o(.emb_text), (32 bytes).
    Removing sys.o(.text), (12 bytes).
    Removing iic.o(.text), (644 bytes).

5 unused section(s) (total 1206 bytes) removed from the image.

==============================================================================

Image Symbol Table

    Local Symbols

    Symbol Name                              Value     Ov Type        Size  Object(Section)

    ../clib/microlib/errno.c                 0x00000000   Number         0  errno.o ABSOLUTE
    ../clib/microlib/init/entry.s            0x00000000   Number         0  entry11a.o ABSOLUTE
    ../clib/microlib/init/entry.s            0x00000000   Number         0  entry10a.o ABSOLUTE
    ../clib/microlib/init/entry.s            0x00000000   Number         0  entry9b.o ABSOLUTE
    ../clib/microlib/init/entry.s            0x00000000   Number         0  entry9a.o ABSOLUTE
    ../clib/microlib/init/entry.s            0x00000000   Number         0  entry11b.o ABSOLUTE
    ../clib/microlib/init/entry.s            0x00000000   Number         0  entry8b.o ABSOLUTE
    ../clib/microlib/init/entry.s            0x00000000   Number         0  entry8a.o ABSOLUTE
    ../clib/microlib/init/entry.s            0x00000000   Number         0  entry7b.o ABSOLUTE
    ../clib/microlib/init/entry.s            0x00000000   Number         0  entry7a.o ABSOLUTE
    ../clib/microlib/init/entry.s            0x00000000   Number         0  entry5.o ABSOLUTE
    ../clib/microlib/init/entry.s            0x00000000   Number         0  entry2.o ABSOLUTE
    ../clib/microlib/init/entry.s            0x00000000   Number         0  entry.o ABSOLUTE
    ../clib/microlib/init/entry.s            0x00000000   Number         0  entry10b.o ABSOLUTE
    ../clib/microlib/longlong.c              0x00000000   Number         0  llshl.o ABSOLUTE
    ../clib/microlib/longlong.c              0x00000000   Number         0  llushr.o ABSOLUTE
    ../clib/microlib/longlong.c              0x00000000   Number         0  llsshr.o ABSOLUTE
    ../clib/microlib/string/memset.c         0x00000000   Number         0  memseta.o ABSOLUTE
    ../clib/microlib/string/strcmp.c         0x00000000   Number         0  strcmp.o ABSOLUTE
    ../clib/microlib/string/strcpy.c         0x00000000   Number         0  strcpy.o ABSOLUTE
    ../clib/microlib/stubs.s                 0x00000000   Number         0  iusefp.o ABSOLUTE
    ../fplib/microlib/d2f.c                  0x00000000   Number         0  d2f.o ABSOLUTE
    ../fplib/microlib/f2d.c                  0x00000000   Number         0  f2d.o ABSOLUTE
    ../fplib/microlib/fpadd.c                0x00000000   Number         0  fadd.o ABSOLUTE
    ../fplib/microlib/fpadd.c                0x00000000   Number         0  dadd.o ABSOLUTE
    ../fplib/microlib/fpdiv.c                0x00000000   Number         0  fdiv.o ABSOLUTE
    ../fplib/microlib/fpdiv.c                0x00000000   Number         0  ddiv.o ABSOLUTE
    ../fplib/microlib/fpepilogue.c           0x00000000   Number         0  depilogue.o ABSOLUTE
    ../fplib/microlib/fpepilogue.c           0x00000000   Number         0  fepilogue.o ABSOLUTE
    ../fplib/microlib/fpfix.c                0x00000000   Number         0  ffixui.o ABSOLUTE
    ../fplib/microlib/fpfix.c                0x00000000   Number         0  dfixui.o ABSOLUTE
    ../fplib/microlib/fpfix.c                0x00000000   Number         0  dfixi.o ABSOLUTE
    ../fplib/microlib/fpfix.c                0x00000000   Number         0  ffixi.o ABSOLUTE
    ../fplib/microlib/fpflt.c                0x00000000   Number         0  dflti.o ABSOLUTE
    ../fplib/microlib/fpflt.c                0x00000000   Number         0  ffltui.o ABSOLUTE
    ../fplib/microlib/fpflt.c                0x00000000   Number         0  fflti.o ABSOLUTE
    ../fplib/microlib/fpmul.c                0x00000000   Number         0  dmul.o ABSOLUTE
    ../fplib/microlib/fpmul.c                0x00000000   Number         0  fmul.o ABSOLUTE
    ../fplib/microlib/fpscalb.c              0x00000000   Number         0  dscalb.o ABSOLUTE
    ../fplib/microlib/fpsqrt.c               0x00000000   Number         0  dsqrt.o ABSOLUTE
    ../mathlib/asin.c                        0x00000000   Number         0  asin.o ABSOLUTE
    ../mathlib/asin.c                        0x00000000   Number         0  asin_x.o ABSOLUTE
    ../mathlib/atan.c                        0x00000000   Number         0  atan.o ABSOLUTE
    ../mathlib/atan.c                        0x00000000   Number         0  atan_x.o ABSOLUTE
    ../mathlib/atan2.c                       0x00000000   Number         0  atan2.o ABSOLUTE
    ../mathlib/atan2.c                       0x00000000   Number         0  atan2_x.o ABSOLUTE
    ../mathlib/dunder.c                      0x00000000   Number         0  dunder.o ABSOLUTE
    ../mathlib/fpclassify.c                  0x00000000   Number         0  fpclassify.o ABSOLUTE
    ../mathlib/poly.c                        0x00000000   Number         0  poly.o ABSOLUTE
    ../mathlib/qnan.c                        0x00000000   Number         0  qnan.o ABSOLUTE
    ../mathlib/sqrt.c                        0x00000000   Number         0  sqrt.o ABSOLUTE
    ../mathlib/sqrt.c                        0x00000000   Number         0  sqrt_x.o ABSOLUTE
    ..\CMSIS\Startup\startup_stm32f10x_md.s  0x00000000   Number         0  startup_stm32f10x_md.o ABSOLUTE
    ..\CMSIS\core_cm3.c                      0x00000000   Number         0  core_cm3.o ABSOLUTE
    ..\CMSIS\system_stm32f10x.c              0x00000000   Number         0  system_stm32f10x.o ABSOLUTE
    ..\FWlib\src\misc.c                      0x00000000   Number         0  misc.o ABSOLUTE
    ..\FWlib\src\stm32f10x_gpio.c            0x00000000   Number         0  stm32f10x_gpio.o ABSOLUTE
    ..\FWlib\src\stm32f10x_i2c.c             0x00000000   Number         0  stm32f10x_i2c.o ABSOLUTE
    ..\FWlib\src\stm32f10x_rcc.c             0x00000000   Number         0  stm32f10x_rcc.o ABSOLUTE
    ..\FWlib\src\stm32f10x_spi.c             0x00000000   Number         0  stm32f10x_spi.o ABSOLUTE
    ..\FWlib\src\stm32f10x_tim.c             0x00000000   Number         0  stm32f10x_tim.o ABSOLUTE
    ..\FWlib\src\stm32f10x_usart.c           0x00000000   Number         0  stm32f10x_usart.o ABSOLUTE
    ..\Hardware\24l01.c                      0x00000000   Number         0  24l01.o ABSOLUTE
    ..\Hardware\HSEconf.c                    0x00000000   Number         0  hseconf.o ABSOLUTE
    ..\Hardware\IIC.c                        0x00000000   Number         0  iic.o ABSOLUTE
    ..\Hardware\IMU.C                        0x00000000   Number         0  imu.o ABSOLUTE
    ..\Hardware\LED.c                        0x00000000   Number         0  led.o ABSOLUTE
    ..\Hardware\MOTOR.c                      0x00000000   Number         0  motor.o ABSOLUTE
    ..\Hardware\MPU6050.c                    0x00000000   Number         0  mpu6050.o ABSOLUTE
    ..\Hardware\PID.c                        0x00000000   Number         0  pid.o ABSOLUTE
    ..\Hardware\config.c                     0x00000000   Number         0  config.o ABSOLUTE
    ..\Hardware\delay.c                      0x00000000   Number         0  delay.o ABSOLUTE
    ..\Hardware\spi.c                        0x00000000   Number         0  spi.o ABSOLUTE
    ..\Hardware\sys.c                        0x00000000   Number         0  sys.o ABSOLUTE
    ..\Hardware\usart.c                      0x00000000   Number         0  usart.o ABSOLUTE
    ..\Hardware\wave.c                       0x00000000   Number         0  wave.o ABSOLUTE
    ..\\CMSIS\\core_cm3.c                    0x00000000   Number         0  core_cm3.o ABSOLUTE
    BSP\ANO_TC_STM32F1_I2C.c                 0x00000000   Number         0  ano_tc_stm32f1_i2c.o ABSOLUTE
    cdcmple.s                                0x00000000   Number         0  cdcmple.o ABSOLUTE
    cdrcmple.s                               0x00000000   Number         0  cdrcmple.o ABSOLUTE
    cfcmple.s                                0x00000000   Number         0  cfcmple.o ABSOLUTE
    cfrcmple.s                               0x00000000   Number         0  cfrcmple.o ABSOLUTE
    dc.s                                     0x00000000   Number         0  dc.o ABSOLUTE
    handlers.s                               0x00000000   Number         0  handlers.o ABSOLUTE
    init.s                                   0x00000000   Number         0  init.o ABSOLUTE
    main.c                                   0x00000000   Number         0  main.o ABSOLUTE
    stm32f10x_it.c                           0x00000000   Number         0  stm32f10x_it.o ABSOLUTE
    RESET                                    0x08000000   Section      236  startup_stm32f10x_md.o(RESET)
    .ARM.Collect$$$$00000000                 0x080000ec   Section        0  entry.o(.ARM.Collect$$$$00000000)
    .ARM.Collect$$$$00000001                 0x080000ec   Section        4  entry2.o(.ARM.Collect$$$$00000001)
    .ARM.Collect$$$$00000004                 0x080000f0   Section        4  entry5.o(.ARM.Collect$$$$00000004)
    .ARM.Collect$$$$00000008                 0x080000f4   Section        0  entry7b.o(.ARM.Collect$$$$00000008)
    .ARM.Collect$$$$0000000A                 0x080000f4   Section        0  entry8b.o(.ARM.Collect$$$$0000000A)
    .ARM.Collect$$$$0000000B                 0x080000f4   Section        8  entry9a.o(.ARM.Collect$$$$0000000B)
    .ARM.Collect$$$$0000000D                 0x080000fc   Section        0  entry10a.o(.ARM.Collect$$$$0000000D)
    .ARM.Collect$$$$0000000F                 0x080000fc   Section        0  entry11a.o(.ARM.Collect$$$$0000000F)
    .ARM.Collect$$$$00002712                 0x080000fc   Section        4  entry2.o(.ARM.Collect$$$$00002712)
    __lit__00000000                          0x080000fc   Data           4  entry2.o(.ARM.Collect$$$$00002712)
    .text                                    0x08000100   Section       36  startup_stm32f10x_md.o(.text)
    .text                                    0x08000124   Section        0  main.o(.text)
    .text                                    0x08000488   Section        0  stm32f10x_it.o(.text)
    .text                                    0x080004b4   Section        0  misc.o(.text)
    .text                                    0x08000590   Section        0  stm32f10x_gpio.o(.text)
    .text                                    0x080008ec   Section        0  stm32f10x_rcc.o(.text)
    .text                                    0x08000c94   Section        0  stm32f10x_usart.o(.text)
    .text                                    0x0800109c   Section        0  stm32f10x_i2c.o(.text)
    .text                                    0x080014a0   Section        0  stm32f10x_tim.o(.text)
    TI4_Config                               0x08001947   Thumb Code   130  stm32f10x_tim.o(.text)
    TI3_Config                               0x080019db   Thumb Code   122  stm32f10x_tim.o(.text)
    TI2_Config                               0x08001a6f   Thumb Code   130  stm32f10x_tim.o(.text)
    TI1_Config                               0x08001b03   Thumb Code   108  stm32f10x_tim.o(.text)
    .text                                    0x080022bc   Section        0  stm32f10x_spi.o(.text)
    .text                                    0x080025c8   Section        0  system_stm32f10x.o(.text)
    SetSysClockTo72                          0x080025c9   Thumb Code   214  system_stm32f10x.o(.text)
    SetSysClock                              0x0800269f   Thumb Code     8  system_stm32f10x.o(.text)
    .text                                    0x080027ac   Section        0  delay.o(.text)
    .text                                    0x08002854   Section        0  hseconf.o(.text)
    .text                                    0x080028d4   Section        0  led.o(.text)
    .text                                    0x080029ac   Section        0  usart.o(.text)
    .text                                    0x08002ad4   Section        0  imu.o(.text)
    .text                                    0x0800329c   Section        0  mpu6050.o(.text)
    .text                                    0x080038d4   Section        0  motor.o(.text)
    .text                                    0x08003a8c   Section        0  24l01.o(.text)
    .text                                    0x08003e90   Section        0  spi.o(.text)
    .text                                    0x08003f94   Section        0  wave.o(.text)
    .text                                    0x08004968   Section        0  pid.o(.text)
    .text                                    0x08004d2c   Section        0  ano_tc_stm32f1_i2c.o(.text)
    .text                                    0x08005578   Section        0  memseta.o(.text)
    .text                                    0x0800559c   Section        0  strcmp.o(.text)
    .text                                    0x080055b8   Section        0  strcpy.o(.text)
    .text                                    0x080055ca   Section        0  fadd.o(.text)
    .text                                    0x0800567a   Section        0  fmul.o(.text)
    .text                                    0x080056de   Section        0  fdiv.o(.text)
    .text                                    0x0800575a   Section        0  dadd.o(.text)
    .text                                    0x080058a8   Section        0  dmul.o(.text)
    .text                                    0x0800598c   Section        0  ddiv.o(.text)
    .text                                    0x08005a6a   Section        0  fflti.o(.text)
    .text                                    0x08005a7c   Section        0  ffltui.o(.text)
    .text                                    0x08005a86   Section        0  dflti.o(.text)
    .text                                    0x08005aa8   Section        0  ffixi.o(.text)
    .text                                    0x08005ada   Section        0  ffixui.o(.text)
    .text                                    0x08005b02   Section        0  dfixi.o(.text)
    .text                                    0x08005b40   Section        0  dfixui.o(.text)
    .text                                    0x08005b72   Section        0  f2d.o(.text)
    .text                                    0x08005b98   Section       48  cdcmple.o(.text)
    .text                                    0x08005bc8   Section       48  cdrcmple.o(.text)
    .text                                    0x08005bf8   Section        0  d2f.o(.text)
    .text                                    0x08005c30   Section       20  cfcmple.o(.text)
    .text                                    0x08005c44   Section       20  cfrcmple.o(.text)
    .text                                    0x08005c58   Section        0  llshl.o(.text)
    .text                                    0x08005c76   Section        0  llushr.o(.text)
    .text                                    0x08005c96   Section        0  llsshr.o(.text)
    .text                                    0x08005cba   Section        0  iusefp.o(.text)
    .text                                    0x08005cba   Section        0  fepilogue.o(.text)
    .text                                    0x08005d28   Section        0  depilogue.o(.text)
    .text                                    0x08005de2   Section        0  dscalb.o(.text)
    .text                                    0x08005e10   Section        0  dsqrt.o(.text)
    .text                                    0x08005eb4   Section       36  init.o(.text)
    i.UART_Putc                              0x08005ed8   Section        0  wave.o(i.UART_Putc)
    i.__ARM_fpclassify                       0x08005efc   Section        0  fpclassify.o(i.__ARM_fpclassify)
    i.__kernel_poly                          0x08005f24   Section        0  poly.o(i.__kernel_poly)
    i.__mathlib_dbl_infnan                   0x08005fce   Section        0  dunder.o(i.__mathlib_dbl_infnan)
    i.__mathlib_dbl_infnan2                  0x08005fd4   Section        0  dunder.o(i.__mathlib_dbl_infnan2)
    i.__mathlib_dbl_invalid                  0x08005fd8   Section        0  dunder.o(i.__mathlib_dbl_invalid)
    i.__mathlib_dbl_underflow                0x08005fe4   Section        0  dunder.o(i.__mathlib_dbl_underflow)
    i.__scatterload_copy                     0x08005ff4   Section       14  handlers.o(i.__scatterload_copy)
    i.__scatterload_null                     0x08006002   Section        2  handlers.o(i.__scatterload_null)
    i.__scatterload_zeroinit                 0x08006004   Section       14  handlers.o(i.__scatterload_zeroinit)
    i.__set_errno                            0x08006014   Section        0  errno.o(i.__set_errno)
    i.asin                                   0x08006020   Section        0  asin.o(i.asin)
    i.atan                                   0x08006290   Section        0  atan.o(i.atan)
    i.atan2                                  0x080064b0   Section        0  atan2.o(i.atan2)
    i.sqrt                                   0x08006630   Section        0  sqrt.o(i.sqrt)
    .constdata                               0x0800667c   Section       10  24l01.o(.constdata)
    .constdata                               0x08006688   Section       80  asin.o(.constdata)
    pS                                       0x08006688   Data          48  asin.o(.constdata)
    qS                                       0x080066b8   Data          32  asin.o(.constdata)
    .constdata                               0x080066d8   Section      152  atan.o(.constdata)
    atanhi                                   0x080066d8   Data          32  atan.o(.constdata)
    atanlo                                   0x080066f8   Data          32  atan.o(.constdata)
    aTodd                                    0x08006718   Data          40  atan.o(.constdata)
    aTeven                                   0x08006740   Data          48  atan.o(.constdata)
    .constdata                               0x08006770   Section        8  qnan.o(.constdata)
    .data                                    0x20000000   Section       20  stm32f10x_rcc.o(.data)
    APBAHBPrescTable                         0x20000000   Data          16  stm32f10x_rcc.o(.data)
    ADCPrescTable                            0x20000010   Data           4  stm32f10x_rcc.o(.data)
    .data                                    0x20000014   Section       20  system_stm32f10x.o(.data)
    .data                                    0x20000028   Section        4  delay.o(.data)
    fac_us                                   0x20000028   Data           1  delay.o(.data)
    fac_ms                                   0x2000002a   Data           2  delay.o(.data)
    .data                                    0x2000002c   Section        8  usart.o(.data)
    .data                                    0x20000034   Section       56  imu.o(.data)
    .data                                    0x2000006c   Section       70  mpu6050.o(.data)
    tempgx                                   0x20000094   Data           4  mpu6050.o(.data)
    tempgy                                   0x20000098   Data           4  mpu6050.o(.data)
    tempgz                                   0x2000009c   Data           4  mpu6050.o(.data)
    cnt_g                                    0x200000a0   Data           1  mpu6050.o(.data)
    tempax                                   0x200000a4   Data           4  mpu6050.o(.data)
    tempay                                   0x200000a8   Data           4  mpu6050.o(.data)
    tempaz                                   0x200000ac   Data           4  mpu6050.o(.data)
    cnt_a                                    0x200000b0   Data           1  mpu6050.o(.data)
    filter_cnt                               0x200000b1   Data           1  mpu6050.o(.data)
    .data                                    0x200000b2   Section        7  wave.o(.data)
    .data                                    0x200000bc   Section       68  pid.o(.data)
    roll_Out                                 0x200000e8   Data           4  pid.o(.data)
    pitch_Out                                0x200000ec   Data           4  pid.o(.data)
    yaw_Out                                  0x200000f0   Data           4  pid.o(.data)
    roll_i                                   0x200000f4   Data           4  pid.o(.data)
    pitch_i                                  0x200000f8   Data           4  pid.o(.data)
    yaw_i                                    0x200000fc   Data           4  pid.o(.data)
    .data                                    0x20000100   Section       17  ano_tc_stm32f1_i2c.o(.data)
    .data                                    0x20000114   Section        4  errno.o(.data)
    _errno                                   0x20000114   Data           4  errno.o(.data)
    .bss                                     0x20000118   Section       32  usart.o(.bss)
    .bss                                     0x20000138   Section      268  mpu6050.o(.bss)
    mpu6050_buffer                           0x20000138   Data          14  mpu6050.o(.bss)
    ACC_X_BUF                                0x20000154   Data          80  mpu6050.o(.bss)
    ACC_Y_BUF                                0x200001a4   Data          80  mpu6050.o(.bss)
    ACC_Z_BUF                                0x200001f4   Data          80  mpu6050.o(.bss)
    .bss                                     0x20000244   Section       32  wave.o(.bss)
    .bss                                     0x20000264   Section       48  pid.o(.bss)
    STACK                                    0x20000298   Section     1024  startup_stm32f10x_md.o(STACK)

    Global Symbols

    Symbol Name                              Value     Ov Type        Size  Object(Section)

    BuildAttributes$$THM_ISAv4$P$D$K$B$S$PE$A:L22UL41UL21$X:L11$S22US41US21$IEEE1$IW$USESV6$~STKCKD$USESV7$~SHL$OTIME$ROPI$IEEEX$EBA8$MICROLIB$REQ8$PRES8$EABIv2 0x00000000   Number         0  anon$$obj.o ABSOLUTE
    __ARM_use_no_argv                        0x00000000   Number         0  main.o ABSOLUTE
    __cpp_initialize__aeabi_                  - Undefined Weak Reference
    __cxa_finalize                            - Undefined Weak Reference
    __decompress                              - Undefined Weak Reference
    _clock_init                               - Undefined Weak Reference
    _microlib_exit                            - Undefined Weak Reference
    __Vectors_Size                           0x000000ec   Number         0  startup_stm32f10x_md.o ABSOLUTE
    __Vectors                                0x08000000   Data           4  startup_stm32f10x_md.o(RESET)
    __Vectors_End                            0x080000ec   Data           0  startup_stm32f10x_md.o(RESET)
    __main                                   0x080000ed   Thumb Code     0  entry.o(.ARM.Collect$$$$00000000)
    _main_stk                                0x080000ed   Thumb Code     0  entry2.o(.ARM.Collect$$$$00000001)
    _main_scatterload                        0x080000f1   Thumb Code     0  entry5.o(.ARM.Collect$$$$00000004)
    __main_after_scatterload                 0x080000f5   Thumb Code     0  entry5.o(.ARM.Collect$$$$00000004)
    _main_clock                              0x080000f5   Thumb Code     0  entry7b.o(.ARM.Collect$$$$00000008)
    _main_cpp_init                           0x080000f5   Thumb Code     0  entry8b.o(.ARM.Collect$$$$0000000A)
    _main_init                               0x080000f5   Thumb Code     0  entry9a.o(.ARM.Collect$$$$0000000B)
    __rt_final_cpp                           0x080000fd   Thumb Code     0  entry10a.o(.ARM.Collect$$$$0000000D)
    __rt_final_exit                          0x080000fd   Thumb Code     0  entry11a.o(.ARM.Collect$$$$0000000F)
    Reset_Handler                            0x08000101   Thumb Code     8  startup_stm32f10x_md.o(.text)
    ADC1_2_IRQHandler                        0x0800011b   Thumb Code     0  startup_stm32f10x_md.o(.text)
    CAN1_RX1_IRQHandler                      0x0800011b   Thumb Code     0  startup_stm32f10x_md.o(.text)
    CAN1_SCE_IRQHandler                      0x0800011b   Thumb Code     0  startup_stm32f10x_md.o(.text)
    DMA1_Channel1_IRQHandler                 0x0800011b   Thumb Code     0  startup_stm32f10x_md.o(.text)
    DMA1_Channel2_IRQHandler                 0x0800011b   Thumb Code     0  startup_stm32f10x_md.o(.text)
    DMA1_Channel3_IRQHandler                 0x0800011b   Thumb Code     0  startup_stm32f10x_md.o(.text)
    DMA1_Channel4_IRQHandler                 0x0800011b   Thumb Code     0  startup_stm32f10x_md.o(.text)
    DMA1_Channel5_IRQHandler                 0x0800011b   Thumb Code     0  startup_stm32f10x_md.o(.text)
    DMA1_Channel6_IRQHandler                 0x0800011b   Thumb Code     0  startup_stm32f10x_md.o(.text)
    DMA1_Channel7_IRQHandler                 0x0800011b   Thumb Code     0  startup_stm32f10x_md.o(.text)
    EXTI0_IRQHandler                         0x0800011b   Thumb Code     0  startup_stm32f10x_md.o(.text)
    EXTI15_10_IRQHandler                     0x0800011b   Thumb Code     0  startup_stm32f10x_md.o(.text)
    EXTI1_IRQHandler                         0x0800011b   Thumb Code     0  startup_stm32f10x_md.o(.text)
    EXTI2_IRQHandler                         0x0800011b   Thumb Code     0  startup_stm32f10x_md.o(.text)
    EXTI3_IRQHandler                         0x0800011b   Thumb Code     0  startup_stm32f10x_md.o(.text)
    EXTI4_IRQHandler                         0x0800011b   Thumb Code     0  startup_stm32f10x_md.o(.text)
    EXTI9_5_IRQHandler                       0x0800011b   Thumb Code     0  startup_stm32f10x_md.o(.text)
    FLASH_IRQHandler                         0x0800011b   Thumb Code     0  startup_stm32f10x_md.o(.text)
    I2C1_ER_IRQHandler                       0x0800011b   Thumb Code     0  startup_stm32f10x_md.o(.text)
    I2C1_EV_IRQHandler                       0x0800011b   Thumb Code     0  startup_stm32f10x_md.o(.text)
    PVD_IRQHandler                           0x0800011b   Thumb Code     0  startup_stm32f10x_md.o(.text)
    RCC_IRQHandler                           0x0800011b   Thumb Code     0  startup_stm32f10x_md.o(.text)
    RTCAlarm_IRQHandler                      0x0800011b   Thumb Code     0  startup_stm32f10x_md.o(.text)
    RTC_IRQHandler                           0x0800011b   Thumb Code     0  startup_stm32f10x_md.o(.text)
    SPI1_IRQHandler                          0x0800011b   Thumb Code     0  startup_stm32f10x_md.o(.text)
    SPI2_IRQHandler                          0x0800011b   Thumb Code     0  startup_stm32f10x_md.o(.text)
    TAMPER_IRQHandler                        0x0800011b   Thumb Code     0  startup_stm32f10x_md.o(.text)
    TIM1_BRK_IRQHandler                      0x0800011b   Thumb Code     0  startup_stm32f10x_md.o(.text)
    TIM1_CC_IRQHandler                       0x0800011b   Thumb Code     0  startup_stm32f10x_md.o(.text)
    TIM1_TRG_COM_IRQHandler                  0x0800011b   Thumb Code     0  startup_stm32f10x_md.o(.text)
    TIM1_UP_IRQHandler                       0x0800011b   Thumb Code     0  startup_stm32f10x_md.o(.text)
    TIM2_IRQHandler                          0x0800011b   Thumb Code     0  startup_stm32f10x_md.o(.text)
    TIM3_IRQHandler                          0x0800011b   Thumb Code     0  startup_stm32f10x_md.o(.text)
    TIM4_IRQHandler                          0x0800011b   Thumb Code     0  startup_stm32f10x_md.o(.text)
    USART2_IRQHandler                        0x0800011b   Thumb Code     0  startup_stm32f10x_md.o(.text)
    USART3_IRQHandler                        0x0800011b   Thumb Code     0  startup_stm32f10x_md.o(.text)
    USBWakeUp_IRQHandler                     0x0800011b   Thumb Code     0  startup_stm32f10x_md.o(.text)
    USB_HP_CAN1_TX_IRQHandler                0x0800011b   Thumb Code     0  startup_stm32f10x_md.o(.text)
    USB_LP_CAN1_RX0_IRQHandler               0x0800011b   Thumb Code     0  startup_stm32f10x_md.o(.text)
    WWDG_IRQHandler                          0x0800011b   Thumb Code     0  startup_stm32f10x_md.o(.text)
    main                                     0x08000125   Thumb Code   752  main.o(.text)
    NMI_Handler                              0x08000489   Thumb Code     2  stm32f10x_it.o(.text)
    HardFault_Handler                        0x0800048b   Thumb Code     4  stm32f10x_it.o(.text)
    MemManage_Handler                        0x0800048f   Thumb Code     4  stm32f10x_it.o(.text)
    BusFault_Handler                         0x08000493   Thumb Code     4  stm32f10x_it.o(.text)
    UsageFault_Handler                       0x08000497   Thumb Code     4  stm32f10x_it.o(.text)
    SVC_Handler                              0x0800049b   Thumb Code     2  stm32f10x_it.o(.text)
    DebugMon_Handler                         0x0800049d   Thumb Code     2  stm32f10x_it.o(.text)
    PendSV_Handler                           0x0800049f   Thumb Code     2  stm32f10x_it.o(.text)
    SysTick_Handler                          0x080004a1   Thumb Code     2  stm32f10x_it.o(.text)
    I2C2_EV_IRQHandler                       0x080004a3   Thumb Code     8  stm32f10x_it.o(.text)
    I2C2_ER_IRQHandler                       0x080004ab   Thumb Code     8  stm32f10x_it.o(.text)
    NVIC_PriorityGroupConfig                 0x080004b5   Thumb Code    10  misc.o(.text)
    NVIC_Init                                0x080004bf   Thumb Code   100  misc.o(.text)
    NVIC_SetVectorTable                      0x08000523   Thumb Code    14  misc.o(.text)
    NVIC_SystemLPConfig                      0x08000531   Thumb Code    34  misc.o(.text)
    SysTick_CLKSourceConfig                  0x08000553   Thumb Code    40  misc.o(.text)
    GPIO_DeInit                              0x08000591   Thumb Code   172  stm32f10x_gpio.o(.text)
    GPIO_AFIODeInit                          0x0800063d   Thumb Code    20  stm32f10x_gpio.o(.text)
    GPIO_Init                                0x08000651   Thumb Code   278  stm32f10x_gpio.o(.text)
    GPIO_StructInit                          0x08000767   Thumb Code    16  stm32f10x_gpio.o(.text)
    GPIO_ReadInputDataBit                    0x08000777   Thumb Code    18  stm32f10x_gpio.o(.text)
    GPIO_ReadInputData                       0x08000789   Thumb Code     8  stm32f10x_gpio.o(.text)
    GPIO_ReadOutputDataBit                   0x08000791   Thumb Code    18  stm32f10x_gpio.o(.text)
    GPIO_ReadOutputData                      0x080007a3   Thumb Code     8  stm32f10x_gpio.o(.text)
    GPIO_SetBits                             0x080007ab   Thumb Code     4  stm32f10x_gpio.o(.text)
    GPIO_ResetBits                           0x080007af   Thumb Code     4  stm32f10x_gpio.o(.text)
    GPIO_WriteBit                            0x080007b3   Thumb Code    10  stm32f10x_gpio.o(.text)
    GPIO_Write                               0x080007bd   Thumb Code     4  stm32f10x_gpio.o(.text)
    GPIO_PinLockConfig                       0x080007c1   Thumb Code    18  stm32f10x_gpio.o(.text)
    GPIO_EventOutputConfig                   0x080007d3   Thumb Code    26  stm32f10x_gpio.o(.text)
    GPIO_EventOutputCmd                      0x080007ed   Thumb Code     6  stm32f10x_gpio.o(.text)
    GPIO_PinRemapConfig                      0x080007f3   Thumb Code   138  stm32f10x_gpio.o(.text)
    GPIO_EXTILineConfig                      0x0800087d   Thumb Code    66  stm32f10x_gpio.o(.text)
    GPIO_ETH_MediaInterfaceConfig            0x080008bf   Thumb Code     8  stm32f10x_gpio.o(.text)
    RCC_DeInit                               0x080008ed   Thumb Code    64  stm32f10x_rcc.o(.text)
    RCC_HSEConfig                            0x0800092d   Thumb Code    70  stm32f10x_rcc.o(.text)
    RCC_GetFlagStatus                        0x08000973   Thumb Code    56  stm32f10x_rcc.o(.text)
    RCC_WaitForHSEStartUp                    0x080009ab   Thumb Code    56  stm32f10x_rcc.o(.text)
    RCC_AdjustHSICalibrationValue            0x080009e3   Thumb Code    20  stm32f10x_rcc.o(.text)
    RCC_HSICmd                               0x080009f7   Thumb Code     6  stm32f10x_rcc.o(.text)
    RCC_PLLConfig                            0x080009fd   Thumb Code    24  stm32f10x_rcc.o(.text)
    RCC_PLLCmd                               0x08000a15   Thumb Code     6  stm32f10x_rcc.o(.text)
    RCC_SYSCLKConfig                         0x08000a1b   Thumb Code    18  stm32f10x_rcc.o(.text)
    RCC_GetSYSCLKSource                      0x08000a2d   Thumb Code    10  stm32f10x_rcc.o(.text)
    RCC_HCLKConfig                           0x08000a37   Thumb Code    18  stm32f10x_rcc.o(.text)
    RCC_PCLK1Config                          0x08000a49   Thumb Code    18  stm32f10x_rcc.o(.text)
    RCC_PCLK2Config                          0x08000a5b   Thumb Code    20  stm32f10x_rcc.o(.text)
    RCC_ITConfig                             0x08000a6f   Thumb Code    26  stm32f10x_rcc.o(.text)
    RCC_USBCLKConfig                         0x08000a89   Thumb Code     8  stm32f10x_rcc.o(.text)
    RCC_ADCCLKConfig                         0x08000a91   Thumb Code    18  stm32f10x_rcc.o(.text)
    RCC_LSEConfig                            0x08000aa3   Thumb Code    50  stm32f10x_rcc.o(.text)
    RCC_LSICmd                               0x08000ad5   Thumb Code     6  stm32f10x_rcc.o(.text)
    RCC_RTCCLKConfig                         0x08000adb   Thumb Code    12  stm32f10x_rcc.o(.text)
    RCC_RTCCLKCmd                            0x08000ae7   Thumb Code     8  stm32f10x_rcc.o(.text)
    RCC_GetClocksFreq                        0x08000aef   Thumb Code   192  stm32f10x_rcc.o(.text)
    RCC_AHBPeriphClockCmd                    0x08000baf   Thumb Code    26  stm32f10x_rcc.o(.text)
    RCC_APB2PeriphClockCmd                   0x08000bc9   Thumb Code    26  stm32f10x_rcc.o(.text)
    RCC_APB1PeriphClockCmd                   0x08000be3   Thumb Code    26  stm32f10x_rcc.o(.text)
    RCC_APB2PeriphResetCmd                   0x08000bfd   Thumb Code    26  stm32f10x_rcc.o(.text)
    RCC_APB1PeriphResetCmd                   0x08000c17   Thumb Code    26  stm32f10x_rcc.o(.text)
    RCC_BackupResetCmd                       0x08000c31   Thumb Code     8  stm32f10x_rcc.o(.text)
    RCC_ClockSecuritySystemCmd               0x08000c39   Thumb Code     6  stm32f10x_rcc.o(.text)
    RCC_MCOConfig                            0x08000c3f   Thumb Code     6  stm32f10x_rcc.o(.text)
    RCC_ClearFlag                            0x08000c45   Thumb Code    14  stm32f10x_rcc.o(.text)
    RCC_GetITStatus                          0x08000c53   Thumb Code    20  stm32f10x_rcc.o(.text)
    RCC_ClearITPendingBit                    0x08000c67   Thumb Code     6  stm32f10x_rcc.o(.text)
    USART_DeInit                             0x08000c95   Thumb Code   134  stm32f10x_usart.o(.text)
    USART_Init                               0x08000d1b   Thumb Code   210  stm32f10x_usart.o(.text)
    USART_StructInit                         0x08000ded   Thumb Code    24  stm32f10x_usart.o(.text)
    USART_ClockInit                          0x08000e05   Thumb Code    34  stm32f10x_usart.o(.text)
    USART_ClockStructInit                    0x08000e27   Thumb Code    12  stm32f10x_usart.o(.text)
    USART_Cmd                                0x08000e33   Thumb Code    24  stm32f10x_usart.o(.text)
    USART_ITConfig                           0x08000e4b   Thumb Code    74  stm32f10x_usart.o(.text)
    USART_DMACmd                             0x08000e95   Thumb Code    18  stm32f10x_usart.o(.text)
    USART_SetAddress                         0x08000ea7   Thumb Code    18  stm32f10x_usart.o(.text)
    USART_WakeUpConfig                       0x08000eb9   Thumb Code    18  stm32f10x_usart.o(.text)
    USART_ReceiverWakeUpCmd                  0x08000ecb   Thumb Code    24  stm32f10x_usart.o(.text)
    USART_LINBreakDetectLengthConfig         0x08000ee3   Thumb Code    18  stm32f10x_usart.o(.text)
    USART_LINCmd                             0x08000ef5   Thumb Code    24  stm32f10x_usart.o(.text)
    USART_SendData                           0x08000f0d   Thumb Code     8  stm32f10x_usart.o(.text)
    USART_ReceiveData                        0x08000f15   Thumb Code    10  stm32f10x_usart.o(.text)
    USART_SendBreak                          0x08000f1f   Thumb Code    10  stm32f10x_usart.o(.text)
    USART_SetGuardTime                       0x08000f29   Thumb Code    16  stm32f10x_usart.o(.text)
    USART_SetPrescaler                       0x08000f39   Thumb Code    16  stm32f10x_usart.o(.text)
    USART_SmartCardCmd                       0x08000f49   Thumb Code    24  stm32f10x_usart.o(.text)
    USART_SmartCardNACKCmd                   0x08000f61   Thumb Code    24  stm32f10x_usart.o(.text)
    USART_HalfDuplexCmd                      0x08000f79   Thumb Code    24  stm32f10x_usart.o(.text)
    USART_OverSampling8Cmd                   0x08000f91   Thumb Code    22  stm32f10x_usart.o(.text)
    USART_OneBitMethodCmd                    0x08000fa7   Thumb Code    24  stm32f10x_usart.o(.text)
    USART_IrDAConfig                         0x08000fbf   Thumb Code    18  stm32f10x_usart.o(.text)
    USART_IrDACmd                            0x08000fd1   Thumb Code    24  stm32f10x_usart.o(.text)
    USART_GetFlagStatus                      0x08000fe9   Thumb Code    26  stm32f10x_usart.o(.text)
    USART_ClearFlag                          0x08001003   Thumb Code    18  stm32f10x_usart.o(.text)
    USART_GetITStatus                        0x08001015   Thumb Code    84  stm32f10x_usart.o(.text)
    USART_ClearITPendingBit                  0x08001069   Thumb Code    52  stm32f10x_usart.o(.text)
    I2C_DeInit                               0x0800109d   Thumb Code    50  stm32f10x_i2c.o(.text)
    I2C_Init                                 0x080010cf   Thumb Code   222  stm32f10x_i2c.o(.text)
    I2C_StructInit                           0x080011ad   Thumb Code    30  stm32f10x_i2c.o(.text)
    I2C_Cmd                                  0x080011cb   Thumb Code    24  stm32f10x_i2c.o(.text)
    I2C_DMACmd                               0x080011e3   Thumb Code    24  stm32f10x_i2c.o(.text)
    I2C_DMALastTransferCmd                   0x080011fb   Thumb Code    24  stm32f10x_i2c.o(.text)
    I2C_GenerateSTART                        0x08001213   Thumb Code    24  stm32f10x_i2c.o(.text)
    I2C_GenerateSTOP                         0x0800122b   Thumb Code    24  stm32f10x_i2c.o(.text)
    I2C_AcknowledgeConfig                    0x08001243   Thumb Code    24  stm32f10x_i2c.o(.text)
    I2C_OwnAddress2Config                    0x0800125b   Thumb Code    22  stm32f10x_i2c.o(.text)
    I2C_DualAddressCmd                       0x08001271   Thumb Code    24  stm32f10x_i2c.o(.text)
    I2C_GeneralCallCmd                       0x08001289   Thumb Code    24  stm32f10x_i2c.o(.text)
    I2C_ITConfig                             0x080012a1   Thumb Code    18  stm32f10x_i2c.o(.text)
    I2C_SendData                             0x080012b3   Thumb Code     4  stm32f10x_i2c.o(.text)
    I2C_ReceiveData                          0x080012b7   Thumb Code     8  stm32f10x_i2c.o(.text)
    I2C_Send7bitAddress                      0x080012bf   Thumb Code    18  stm32f10x_i2c.o(.text)
    I2C_ReadRegister                         0x080012d1   Thumb Code    22  stm32f10x_i2c.o(.text)
    I2C_SoftwareResetCmd                     0x080012e7   Thumb Code    22  stm32f10x_i2c.o(.text)
    I2C_NACKPositionConfig                   0x080012fd   Thumb Code    28  stm32f10x_i2c.o(.text)
    I2C_SMBusAlertConfig                     0x08001319   Thumb Code    28  stm32f10x_i2c.o(.text)
    I2C_TransmitPEC                          0x08001335   Thumb Code    24  stm32f10x_i2c.o(.text)
    I2C_PECPositionConfig                    0x0800134d   Thumb Code    28  stm32f10x_i2c.o(.text)
    I2C_CalculatePEC                         0x08001369   Thumb Code    24  stm32f10x_i2c.o(.text)
    I2C_GetPEC                               0x08001381   Thumb Code     8  stm32f10x_i2c.o(.text)
    I2C_ARPCmd                               0x08001389   Thumb Code    24  stm32f10x_i2c.o(.text)
    I2C_StretchClockCmd                      0x080013a1   Thumb Code    24  stm32f10x_i2c.o(.text)
    I2C_FastModeDutyCycleConfig              0x080013b9   Thumb Code    28  stm32f10x_i2c.o(.text)
    I2C_CheckEvent                           0x080013d5   Thumb Code    42  stm32f10x_i2c.o(.text)
    I2C_GetLastEvent                         0x080013ff   Thumb Code    26  stm32f10x_i2c.o(.text)
    I2C_GetFlagStatus                        0x08001419   Thumb Code    58  stm32f10x_i2c.o(.text)
    I2C_ClearFlag                            0x08001453   Thumb Code    12  stm32f10x_i2c.o(.text)
    I2C_GetITStatus                          0x0800145f   Thumb Code    54  stm32f10x_i2c.o(.text)
    I2C_ClearITPendingBit                    0x08001495   Thumb Code    12  stm32f10x_i2c.o(.text)
    TIM_DeInit                               0x080014a1   Thumb Code   424  stm32f10x_tim.o(.text)
    TIM_TimeBaseInit                         0x08001649   Thumb Code   122  stm32f10x_tim.o(.text)
    TIM_OC1Init                              0x080016c3   Thumb Code   132  stm32f10x_tim.o(.text)
    TIM_OC2Init                              0x08001747   Thumb Code   154  stm32f10x_tim.o(.text)
    TIM_OC3Init                              0x080017e1   Thumb Code   150  stm32f10x_tim.o(.text)
    TIM_OC4Init                              0x08001877   Thumb Code   182  stm32f10x_tim.o(.text)
    TIM_SetIC4Prescaler                      0x0800192d   Thumb Code    26  stm32f10x_tim.o(.text)
    TIM_SetIC3Prescaler                      0x080019c9   Thumb Code    18  stm32f10x_tim.o(.text)
    TIM_SetIC2Prescaler                      0x08001a55   Thumb Code    26  stm32f10x_tim.o(.text)
    TIM_SetIC1Prescaler                      0x08001af1   Thumb Code    18  stm32f10x_tim.o(.text)
    TIM_ICInit                               0x08001b6f   Thumb Code   150  stm32f10x_tim.o(.text)
    TIM_PWMIConfig                           0x08001c05   Thumb Code   124  stm32f10x_tim.o(.text)
    TIM_BDTRConfig                           0x08001c81   Thumb Code    32  stm32f10x_tim.o(.text)
    TIM_TimeBaseStructInit                   0x08001ca1   Thumb Code    18  stm32f10x_tim.o(.text)
    TIM_OCStructInit                         0x08001cb3   Thumb Code    20  stm32f10x_tim.o(.text)
    TIM_ICStructInit                         0x08001cc7   Thumb Code    18  stm32f10x_tim.o(.text)
    TIM_BDTRStructInit                       0x08001cd9   Thumb Code    40  stm32f10x_tim.o(.text)
    TIM_Cmd                                  0x08001d01   Thumb Code    24  stm32f10x_tim.o(.text)
    TIM_CtrlPWMOutputs                       0x08001d19   Thumb Code    30  stm32f10x_tim.o(.text)
    TIM_ITConfig                             0x08001d37   Thumb Code    18  stm32f10x_tim.o(.text)
    TIM_GenerateEvent                        0x08001d49   Thumb Code     4  stm32f10x_tim.o(.text)
    TIM_DMAConfig                            0x08001d4d   Thumb Code    10  stm32f10x_tim.o(.text)
    TIM_DMACmd                               0x08001d57   Thumb Code    18  stm32f10x_tim.o(.text)
    TIM_InternalClockConfig                  0x08001d69   Thumb Code    12  stm32f10x_tim.o(.text)
    TIM_SelectInputTrigger                   0x08001d75   Thumb Code    18  stm32f10x_tim.o(.text)
    TIM_ITRxExternalClockConfig              0x08001d87   Thumb Code    24  stm32f10x_tim.o(.text)
    TIM_TIxExternalClockConfig               0x08001d9f   Thumb Code    62  stm32f10x_tim.o(.text)
    TIM_ETRConfig                            0x08001ddd   Thumb Code    28  stm32f10x_tim.o(.text)
    TIM_ETRClockMode1Config                  0x08001df9   Thumb Code    54  stm32f10x_tim.o(.text)
    TIM_ETRClockMode2Config                  0x08001e2f   Thumb Code    32  stm32f10x_tim.o(.text)
    TIM_PrescalerConfig                      0x08001e4f   Thumb Code     6  stm32f10x_tim.o(.text)
    TIM_CounterModeConfig                    0x08001e55   Thumb Code    18  stm32f10x_tim.o(.text)
    TIM_EncoderInterfaceConfig               0x08001e67   Thumb Code    66  stm32f10x_tim.o(.text)
    TIM_ForcedOC1Config                      0x08001ea9   Thumb Code    18  stm32f10x_tim.o(.text)
    TIM_ForcedOC2Config                      0x08001ebb   Thumb Code    26  stm32f10x_tim.o(.text)
    TIM_ForcedOC3Config                      0x08001ed5   Thumb Code    18  stm32f10x_tim.o(.text)
    TIM_ForcedOC4Config                      0x08001ee7   Thumb Code    26  stm32f10x_tim.o(.text)
    TIM_ARRPreloadConfig                     0x08001f01   Thumb Code    24  stm32f10x_tim.o(.text)
    TIM_SelectCOM                            0x08001f19   Thumb Code    24  stm32f10x_tim.o(.text)
    TIM_SelectCCDMA                          0x08001f31   Thumb Code    24  stm32f10x_tim.o(.text)
    TIM_CCPreloadControl                     0x08001f49   Thumb Code    24  stm32f10x_tim.o(.text)
    TIM_OC1PreloadConfig                     0x08001f61   Thumb Code    18  stm32f10x_tim.o(.text)
    TIM_OC2PreloadConfig                     0x08001f73   Thumb Code    26  stm32f10x_tim.o(.text)
    TIM_OC3PreloadConfig                     0x08001f8d   Thumb Code    18  stm32f10x_tim.o(.text)
    TIM_OC4PreloadConfig                     0x08001f9f   Thumb Code    26  stm32f10x_tim.o(.text)
    TIM_OC1FastConfig                        0x08001fb9   Thumb Code    18  stm32f10x_tim.o(.text)
    TIM_OC2FastConfig                        0x08001fcb   Thumb Code    26  stm32f10x_tim.o(.text)
    TIM_OC3FastConfig                        0x08001fe5   Thumb Code    18  stm32f10x_tim.o(.text)
    TIM_OC4FastConfig                        0x08001ff7   Thumb Code    26  stm32f10x_tim.o(.text)
    TIM_ClearOC1Ref                          0x08002011   Thumb Code    18  stm32f10x_tim.o(.text)
    TIM_ClearOC2Ref                          0x08002023   Thumb Code    24  stm32f10x_tim.o(.text)
    TIM_ClearOC3Ref                          0x0800203b   Thumb Code    18  stm32f10x_tim.o(.text)
    TIM_ClearOC4Ref                          0x0800204d   Thumb Code    24  stm32f10x_tim.o(.text)
    TIM_OC1PolarityConfig                    0x08002065   Thumb Code    18  stm32f10x_tim.o(.text)
    TIM_OC1NPolarityConfig                   0x08002077   Thumb Code    18  stm32f10x_tim.o(.text)
    TIM_OC2PolarityConfig                    0x08002089   Thumb Code    26  stm32f10x_tim.o(.text)
    TIM_OC2NPolarityConfig                   0x080020a3   Thumb Code    26  stm32f10x_tim.o(.text)
    TIM_OC3PolarityConfig                    0x080020bd   Thumb Code    26  stm32f10x_tim.o(.text)
    TIM_OC3NPolarityConfig                   0x080020d7   Thumb Code    26  stm32f10x_tim.o(.text)
    TIM_OC4PolarityConfig                    0x080020f1   Thumb Code    26  stm32f10x_tim.o(.text)
    TIM_CCxCmd                               0x0800210b   Thumb Code    30  stm32f10x_tim.o(.text)
    TIM_CCxNCmd                              0x08002129   Thumb Code    30  stm32f10x_tim.o(.text)
    TIM_SelectOCxM                           0x08002147   Thumb Code    82  stm32f10x_tim.o(.text)
    TIM_UpdateDisableConfig                  0x08002199   Thumb Code    24  stm32f10x_tim.o(.text)
    TIM_UpdateRequestConfig                  0x080021b1   Thumb Code    24  stm32f10x_tim.o(.text)
    TIM_SelectHallSensor                     0x080021c9   Thumb Code    24  stm32f10x_tim.o(.text)
    TIM_SelectOnePulseMode                   0x080021e1   Thumb Code    18  stm32f10x_tim.o(.text)
    TIM_SelectOutputTrigger                  0x080021f3   Thumb Code    18  stm32f10x_tim.o(.text)
    TIM_SelectSlaveMode                      0x08002205   Thumb Code    18  stm32f10x_tim.o(.text)
    TIM_SelectMasterSlaveMode                0x08002217   Thumb Code    18  stm32f10x_tim.o(.text)
    TIM_SetCounter                           0x08002229   Thumb Code     4  stm32f10x_tim.o(.text)
    TIM_SetAutoreload                        0x0800222d   Thumb Code     4  stm32f10x_tim.o(.text)
    TIM_SetCompare1                          0x08002231   Thumb Code     4  stm32f10x_tim.o(.text)
    TIM_SetCompare2                          0x08002235   Thumb Code     4  stm32f10x_tim.o(.text)
    TIM_SetCompare3                          0x08002239   Thumb Code     4  stm32f10x_tim.o(.text)
    TIM_SetCompare4                          0x0800223d   Thumb Code     6  stm32f10x_tim.o(.text)
    TIM_SetClockDivision                     0x08002243   Thumb Code    18  stm32f10x_tim.o(.text)
    TIM_GetCapture1                          0x08002255   Thumb Code     6  stm32f10x_tim.o(.text)
    TIM_GetCapture2                          0x0800225b   Thumb Code     6  stm32f10x_tim.o(.text)
    TIM_GetCapture3                          0x08002261   Thumb Code     6  stm32f10x_tim.o(.text)
    TIM_GetCapture4                          0x08002267   Thumb Code     8  stm32f10x_tim.o(.text)
    TIM_GetCounter                           0x0800226f   Thumb Code     6  stm32f10x_tim.o(.text)
    TIM_GetPrescaler                         0x08002275   Thumb Code     6  stm32f10x_tim.o(.text)
    TIM_GetFlagStatus                        0x0800227b   Thumb Code    18  stm32f10x_tim.o(.text)
    TIM_ClearFlag                            0x0800228d   Thumb Code     6  stm32f10x_tim.o(.text)
    TIM_GetITStatus                          0x08002293   Thumb Code    34  stm32f10x_tim.o(.text)
    TIM_ClearITPendingBit                    0x080022b5   Thumb Code     6  stm32f10x_tim.o(.text)
    SPI_I2S_DeInit                           0x080022bd   Thumb Code    76  stm32f10x_spi.o(.text)
    SPI_Init                                 0x08002309   Thumb Code    60  stm32f10x_spi.o(.text)
    I2S_Init                                 0x08002345   Thumb Code   226  stm32f10x_spi.o(.text)
    SPI_StructInit                           0x08002427   Thumb Code    24  stm32f10x_spi.o(.text)
    I2S_StructInit                           0x0800243f   Thumb Code    20  stm32f10x_spi.o(.text)
    SPI_Cmd                                  0x08002453   Thumb Code    24  stm32f10x_spi.o(.text)
    I2S_Cmd                                  0x0800246b   Thumb Code    24  stm32f10x_spi.o(.text)
    SPI_I2S_ITConfig                         0x08002483   Thumb Code    32  stm32f10x_spi.o(.text)
    SPI_I2S_DMACmd                           0x080024a3   Thumb Code    18  stm32f10x_spi.o(.text)
    SPI_I2S_SendData                         0x080024b5   Thumb Code     4  stm32f10x_spi.o(.text)
    SPI_I2S_ReceiveData                      0x080024b9   Thumb Code     6  stm32f10x_spi.o(.text)
    SPI_NSSInternalSoftwareConfig            0x080024bf   Thumb Code    30  stm32f10x_spi.o(.text)
    SPI_SSOutputCmd                          0x080024dd   Thumb Code    24  stm32f10x_spi.o(.text)
    SPI_DataSizeConfig                       0x080024f5   Thumb Code    18  stm32f10x_spi.o(.text)
    SPI_TransmitCRC                          0x08002507   Thumb Code    10  stm32f10x_spi.o(.text)
    SPI_CalculateCRC                         0x08002511   Thumb Code    24  stm32f10x_spi.o(.text)
    SPI_GetCRC                               0x08002529   Thumb Code    16  stm32f10x_spi.o(.text)
    SPI_GetCRCPolynomial                     0x08002539   Thumb Code     6  stm32f10x_spi.o(.text)
    SPI_BiDirectionalLineConfig              0x0800253f   Thumb Code    28  stm32f10x_spi.o(.text)
    SPI_I2S_GetFlagStatus                    0x0800255b   Thumb Code    18  stm32f10x_spi.o(.text)
    SPI_I2S_ClearFlag                        0x0800256d   Thumb Code     6  stm32f10x_spi.o(.text)
    SPI_I2S_GetITStatus                      0x08002573   Thumb Code    52  stm32f10x_spi.o(.text)
    SPI_I2S_ClearITPendingBit                0x080025a7   Thumb Code    20  stm32f10x_spi.o(.text)
    SystemInit                               0x080026a7   Thumb Code    78  system_stm32f10x.o(.text)
    SystemCoreClockUpdate                    0x080026f5   Thumb Code   142  system_stm32f10x.o(.text)
    SysTick_Init                             0x080027ad   Thumb Code    48  delay.o(.text)
    delay_ms                                 0x080027dd   Thumb Code    56  delay.o(.text)
    delay_us                                 0x08002815   Thumb Code    56  delay.o(.text)
    RCC_HSE_Configuration                    0x08002855   Thumb Code   122  hseconf.o(.text)
    LED_Init                                 0x080028d5   Thumb Code    98  led.o(.text)
    LED2_Flash                               0x08002937   Thumb Code    48  led.o(.text)
    LED3_Flash                               0x08002967   Thumb Code    52  led.o(.text)
    USART1_Config                            0x080029ad   Thumb Code   152  usart.o(.text)
    fputc                                    0x08002a45   Thumb Code    32  usart.o(.text)
    fgetc                                    0x08002a65   Thumb Code    26  usart.o(.text)
    USART1_IRQHandler                        0x08002a7f   Thumb Code    64  usart.o(.text)
    Initial_Timer3                           0x08002ad5   Thumb Code   186  imu.o(.text)
    micros                                   0x08002b8f   Thumb Code    20  imu.o(.text)
    IMU_Quateration_Update                   0x08002ba3   Thumb Code  1156  imu.o(.text)
    IMU_getQ                                 0x08003027   Thumb Code   120  imu.o(.text)
    IMU_getYawPitchRoll                      0x0800309f   Thumb Code   456  imu.o(.text)
    Delay_ms_mpu                             0x0800329d   Thumb Code    30  mpu6050.o(.text)
    Mpu6050_Analyze                          0x080032bb   Thumb Code   814  mpu6050.o(.text)
    moveFilterAccData                        0x080035e9   Thumb Code   336  mpu6050.o(.text)
    Read_Mpu6050                             0x08003739   Thumb Code    16  mpu6050.o(.text)
    IICwriteBit                              0x08003749   Thumb Code    66  mpu6050.o(.text)
    IICwriteBits                             0x0800378b   Thumb Code   102  mpu6050.o(.text)
    MPU6050_setClockSource                   0x080037f1   Thumb Code    20  mpu6050.o(.text)
    MPU6050_setFullScaleGyroRange            0x08003805   Thumb Code    20  mpu6050.o(.text)
    MPU6050_setFullScaleAccelRange           0x08003819   Thumb Code    20  mpu6050.o(.text)
    MPU6050_setSleepEnabled                  0x0800382d   Thumb Code    18  mpu6050.o(.text)
    MPU6050_setI2CMasterModeEnabled          0x0800383f   Thumb Code    18  mpu6050.o(.text)
    MPU6050_setI2CBypassEnabled              0x08003851   Thumb Code    18  mpu6050.o(.text)
    MPU6050_setDLPF                          0x08003863   Thumb Code    20  mpu6050.o(.text)
    Mpu6050init                              0x08003877   Thumb Code    88  mpu6050.o(.text)
    TIM2_Init                                0x080038d5   Thumb Code    52  motor.o(.text)
    MOT1_GPIO_init                           0x08003909   Thumb Code    38  motor.o(.text)
    MOT1_PWM_init                            0x0800392f   Thumb Code    48  motor.o(.text)
    MOT2_GPIO_init                           0x0800395f   Thumb Code    38  motor.o(.text)
    MOT2_PWM_init                            0x08003985   Thumb Code    48  motor.o(.text)
    MOT0_GPIO_init                           0x080039b5   Thumb Code    38  motor.o(.text)
    MOT0_PWM_init                            0x080039db   Thumb Code    48  motor.o(.text)
    MOT3_GPIO_init                           0x08003a0b   Thumb Code    38  motor.o(.text)
    MOT3_PWM_init                            0x08003a31   Thumb Code    48  motor.o(.text)
    MOT_GPIO_init                            0x08003a61   Thumb Code    20  motor.o(.text)
    MOT_PWM_init                             0x08003a75   Thumb Code    20  motor.o(.text)
    NRF24L01_Init                            0x08003a8d   Thumb Code   188  24l01.o(.text)
    NRF24L01_Read_Buf                        0x08003b49   Thumb Code    56  24l01.o(.text)
    NRF24L01_Write_Buf                       0x08003b81   Thumb Code    56  24l01.o(.text)
    NRF24L01_Check                           0x08003bb9   Thumb Code    72  24l01.o(.text)
    NRF24L01_Write_Reg                       0x08003c01   Thumb Code    38  24l01.o(.text)
    NRF24L01_Read_Reg                        0x08003c27   Thumb Code    36  24l01.o(.text)
    NRF24L01_TxPacket                        0x08003c4b   Thumb Code    94  24l01.o(.text)
    NRF24L01_RxPacket                        0x08003ca9   Thumb Code    58  24l01.o(.text)
    NRF24L01_RX_Mode                         0x08003ce3   Thumb Code    76  24l01.o(.text)
    NRF24L01_TX_Mode                         0x08003d2f   Thumb Code    86  24l01.o(.text)
    NRF24L01_Mode_Config                     0x08003d85   Thumb Code   222  24l01.o(.text)
    SPI1_ReadWriteByte                       0x08003e91   Thumb Code    78  spi.o(.text)
    SPI1_Init                                0x08003edf   Thumb Code   136  spi.o(.text)
    SPI1_SetSpeed                            0x08003f67   Thumb Code    36  spi.o(.text)
    Uart1_Put_Char                           0x08003f95   Thumb Code    18  wave.o(.text)
    Uart1_Put_temp                           0x08003fa7   Thumb Code    18  wave.o(.text)
    Uart1_Put_UInt16                         0x08003fb9   Thumb Code    60  wave.o(.text)
    Uart1_Put_Int16                          0x08003ff5   Thumb Code    60  wave.o(.text)
    Uart1_Put_float                          0x08004031   Thumb Code   112  wave.o(.text)
    Uart1_send_temp                          0x080040a1   Thumb Code    72  wave.o(.text)
    Uart1_send_custom_uint16                 0x080040e9   Thumb Code    60  wave.o(.text)
    Uart1_send_custom_int16                  0x08004125   Thumb Code    60  wave.o(.text)
    Uart1_send_custom_three_int16            0x08004161   Thumb Code    84  wave.o(.text)
    Uart1_send_custom_float                  0x080041b5   Thumb Code    90  wave.o(.text)
    Uart1_send_custom_PID                    0x0800420f   Thumb Code    60  wave.o(.text)
    Uart1_Send_AF                            0x0800424b   Thumb Code   326  wave.o(.text)
    Uart1_Send_AE                            0x08004391   Thumb Code   276  wave.o(.text)
    Uart1_Send_PID                           0x080044a5   Thumb Code   292  wave.o(.text)
    send_wave                                0x080045c9   Thumb Code    28  wave.o(.text)
    send_temp                                0x080045e5   Thumb Code    28  wave.o(.text)
    printhh                                  0x08004601   Thumb Code    16  wave.o(.text)
    print5n                                  0x08004611   Thumb Code   128  wave.o(.text)
    print4n                                  0x08004691   Thumb Code    98  wave.o(.text)
    print3n                                  0x080046f3   Thumb Code    68  wave.o(.text)
    print2n                                  0x08004737   Thumb Code    42  wave.o(.text)
    receive_Data                             0x08004761   Thumb Code   498  wave.o(.text)
    PID_Init                                 0x08004969   Thumb Code    46  pid.o(.text)
    PID_Set                                  0x08004997   Thumb Code   696  pid.o(.text)
    Set_PWM                                  0x08004c4f   Thumb Code   120  pid.o(.text)
    DELAY_MS_I2C2                            0x08004d2d   Thumb Code    30  ano_tc_stm32f1_i2c.o(.text)
    ANO_TC_I2C2_RESET                        0x08004d4b   Thumb Code   284  ano_tc_stm32f1_i2c.o(.text)
    ANO_TC_I2C2_INIT                         0x08004e67   Thumb Code   204  ano_tc_stm32f1_i2c.o(.text)
    I2C2_PullDownSCL                         0x08004f33   Thumb Code    28  ano_tc_stm32f1_i2c.o(.text)
    I2C2_ReleaseSCL                          0x08004f4f   Thumb Code    18  ano_tc_stm32f1_i2c.o(.text)
    ANO_TC_I2C2_Read_Int                     0x08004f61   Thumb Code   126  ano_tc_stm32f1_i2c.o(.text)
    ANO_TC_I2C2_Read_Buf                     0x08004fdf   Thumb Code   136  ano_tc_stm32f1_i2c.o(.text)
    ANO_TC_I2C2_Write_Int                    0x08005067   Thumb Code   122  ano_tc_stm32f1_i2c.o(.text)
    ANO_TC_I2C2_Write_Buf                    0x080050e1   Thumb Code   176  ano_tc_stm32f1_i2c.o(.text)
    ANO_TC_I2C2_EV_IRQ                       0x08005191   Thumb Code   920  ano_tc_stm32f1_i2c.o(.text)
    ANO_TC_I2C2_ER_IRQ                       0x08005529   Thumb Code    32  ano_tc_stm32f1_i2c.o(.text)
    __aeabi_memset                           0x08005579   Thumb Code    14  memseta.o(.text)
    __aeabi_memset4                          0x08005579   Thumb Code     0  memseta.o(.text)
    __aeabi_memset8                          0x08005579   Thumb Code     0  memseta.o(.text)
    __aeabi_memclr                           0x08005587   Thumb Code     4  memseta.o(.text)
    __aeabi_memclr4                          0x08005587   Thumb Code     0  memseta.o(.text)
    __aeabi_memclr8                          0x08005587   Thumb Code     0  memseta.o(.text)
    _memset$wrapper                          0x0800558b   Thumb Code    18  memseta.o(.text)
    strcmp                                   0x0800559d   Thumb Code    28  strcmp.o(.text)
    strcpy                                   0x080055b9   Thumb Code    18  strcpy.o(.text)
    __aeabi_fadd                             0x080055cb   Thumb Code   164  fadd.o(.text)
    __aeabi_fsub                             0x0800566f   Thumb Code     6  fadd.o(.text)
    __aeabi_frsub                            0x08005675   Thumb Code     6  fadd.o(.text)
    __aeabi_fmul                             0x0800567b   Thumb Code   100  fmul.o(.text)
    __aeabi_fdiv                             0x080056df   Thumb Code   124  fdiv.o(.text)
    __aeabi_dadd                             0x0800575b   Thumb Code   322  dadd.o(.text)
    __aeabi_dsub                             0x0800589d   Thumb Code     6  dadd.o(.text)
    __aeabi_drsub                            0x080058a3   Thumb Code     6  dadd.o(.text)
    __aeabi_dmul                             0x080058a9   Thumb Code   228  dmul.o(.text)
    __aeabi_ddiv                             0x0800598d   Thumb Code   222  ddiv.o(.text)
    __aeabi_i2f                              0x08005a6b   Thumb Code    18  fflti.o(.text)
    __aeabi_ui2f                             0x08005a7d   Thumb Code    10  ffltui.o(.text)
    __aeabi_i2d                              0x08005a87   Thumb Code    34  dflti.o(.text)
    __aeabi_f2iz                             0x08005aa9   Thumb Code    50  ffixi.o(.text)
    __aeabi_f2uiz                            0x08005adb   Thumb Code    40  ffixui.o(.text)
    __aeabi_d2iz                             0x08005b03   Thumb Code    62  dfixi.o(.text)
    __aeabi_d2uiz                            0x08005b41   Thumb Code    50  dfixui.o(.text)
    __aeabi_f2d                              0x08005b73   Thumb Code    38  f2d.o(.text)
    __aeabi_cdcmpeq                          0x08005b99   Thumb Code     0  cdcmple.o(.text)
    __aeabi_cdcmple                          0x08005b99   Thumb Code    48  cdcmple.o(.text)
    __aeabi_cdrcmple                         0x08005bc9   Thumb Code    48  cdrcmple.o(.text)
    __aeabi_d2f                              0x08005bf9   Thumb Code    56  d2f.o(.text)
    __aeabi_cfcmpeq                          0x08005c31   Thumb Code     0  cfcmple.o(.text)
    __aeabi_cfcmple                          0x08005c31   Thumb Code    20  cfcmple.o(.text)
    __aeabi_cfrcmple                         0x08005c45   Thumb Code    20  cfrcmple.o(.text)
    __aeabi_llsl                             0x08005c59   Thumb Code    30  llshl.o(.text)
    _ll_shift_l                              0x08005c59   Thumb Code     0  llshl.o(.text)
    __aeabi_llsr                             0x08005c77   Thumb Code    32  llushr.o(.text)
    _ll_ushift_r                             0x08005c77   Thumb Code     0  llushr.o(.text)
    __aeabi_lasr                             0x08005c97   Thumb Code    36  llsshr.o(.text)
    _ll_sshift_r                             0x08005c97   Thumb Code     0  llsshr.o(.text)
    __I$use$fp                               0x08005cbb   Thumb Code     0  iusefp.o(.text)
    _float_round                             0x08005cbb   Thumb Code    18  fepilogue.o(.text)
    _float_epilogue                          0x08005ccd   Thumb Code    92  fepilogue.o(.text)
    _double_round                            0x08005d29   Thumb Code    30  depilogue.o(.text)
    _double_epilogue                         0x08005d47   Thumb Code   156  depilogue.o(.text)
    __ARM_scalbn                             0x08005de3   Thumb Code    46  dscalb.o(.text)
    scalbn                                   0x08005de3   Thumb Code     0  dscalb.o(.text)
    _dsqrt                                   0x08005e11   Thumb Code   162  dsqrt.o(.text)
    __scatterload                            0x08005eb5   Thumb Code    28  init.o(.text)
    __scatterload_rt2                        0x08005eb5   Thumb Code     0  init.o(.text)
    UART_Putc                                0x08005ed9   Thumb Code    30  wave.o(i.UART_Putc)
    __ARM_fpclassify                         0x08005efd   Thumb Code    40  fpclassify.o(i.__ARM_fpclassify)
    __kernel_poly                            0x08005f25   Thumb Code   170  poly.o(i.__kernel_poly)
    __mathlib_dbl_infnan                     0x08005fcf   Thumb Code     6  dunder.o(i.__mathlib_dbl_infnan)
    __mathlib_dbl_infnan2                    0x08005fd5   Thumb Code     4  dunder.o(i.__mathlib_dbl_infnan2)
    __mathlib_dbl_invalid                    0x08005fd9   Thumb Code    12  dunder.o(i.__mathlib_dbl_invalid)
    __mathlib_dbl_underflow                  0x08005fe5   Thumb Code    10  dunder.o(i.__mathlib_dbl_underflow)
    __scatterload_copy                       0x08005ff5   Thumb Code    14  handlers.o(i.__scatterload_copy)
    __scatterload_null                       0x08006003   Thumb Code     2  handlers.o(i.__scatterload_null)
    __scatterload_zeroinit                   0x08006005   Thumb Code    14  handlers.o(i.__scatterload_zeroinit)
    __set_errno                              0x08006015   Thumb Code     6  errno.o(i.__set_errno)
    asin                                     0x08006021   Thumb Code   572  asin.o(i.asin)
    atan                                     0x08006291   Thumb Code   474  atan.o(i.atan)
    atan2                                    0x080064b1   Thumb Code   346  atan2.o(i.atan2)
    sqrt                                     0x08006631   Thumb Code    76  sqrt.o(i.sqrt)
    TX_ADDRESS                               0x0800667c   Data           5  24l01.o(.constdata)
    RX_ADDRESS                               0x08006681   Data           5  24l01.o(.constdata)
    __mathlib_zero                           0x08006770   Data           8  qnan.o(.constdata)
    Region$$Table$$Base                      0x08006778   Number         0  anon$$obj.o(Region$$Table)
    Region$$Table$$Limit                     0x08006798   Number         0  anon$$obj.o(Region$$Table)
    SystemCoreClock                          0x20000014   Data           4  system_stm32f10x.o(.data)
    AHBPrescTable                            0x20000018   Data          16  system_stm32f10x.o(.data)
    p                                        0x2000002c   Data           4  usart.o(.data)
    STA                                      0x20000030   Data           4  usart.o(.data)
    lastUpdate                               0x20000034   Data           4  imu.o(.data)
    now                                      0x20000038   Data           4  imu.o(.data)
    q0                                       0x2000003c   Data           4  imu.o(.data)
    q1                                       0x20000040   Data           4  imu.o(.data)
    q2                                       0x20000044   Data           4  imu.o(.data)
    q3                                       0x20000048   Data           4  imu.o(.data)
    exInt                                    0x2000004c   Data           4  imu.o(.data)
    eyInt                                    0x20000050   Data           4  imu.o(.data)
    ezInt                                    0x20000054   Data           4  imu.o(.data)
    angle_offset_cnt                         0x20000058   Data           1  imu.o(.data)
    angle_offset_OK                          0x20000059   Data           1  imu.o(.data)
    pitch_offset                             0x2000005c   Data           4  imu.o(.data)
    roll_offset                              0x20000060   Data           4  imu.o(.data)
    sum_roll                                 0x20000064   Data           4  imu.o(.data)
    sum_pitch                                0x20000068   Data           4  imu.o(.data)
    fGYRO_X                                  0x2000006c   Data           2  mpu6050.o(.data)
    fGYRO_Y                                  0x2000006e   Data           2  mpu6050.o(.data)
    fGYRO_Z                                  0x20000070   Data           2  mpu6050.o(.data)
    fACCEL_X                                 0x20000072   Data           2  mpu6050.o(.data)
    fACCEL_Y                                 0x20000074   Data           2  mpu6050.o(.data)
    fACCEL_Z                                 0x20000076   Data           2  mpu6050.o(.data)
    Gx_offset                                0x20000078   Data           2  mpu6050.o(.data)
    Gy_offset                                0x2000007a   Data           2  mpu6050.o(.data)
    Gz_offset                                0x2000007c   Data           2  mpu6050.o(.data)
    Ax_offset                                0x2000007e   Data           2  mpu6050.o(.data)
    Ay_offset                                0x20000080   Data           2  mpu6050.o(.data)
    Az_offset                                0x20000082   Data           2  mpu6050.o(.data)
    Mpu6050_init_offset_OK                   0x20000084   Data           4  mpu6050.o(.data)
    GYRO_OFFSET_OK                           0x20000088   Data           4  mpu6050.o(.data)
    ACC_OFFSET_OK                            0x2000008c   Data           4  mpu6050.o(.data)
    id                                       0x20000090   Data           4  mpu6050.o(.data)
    temp                                     0x200000b2   Data           6  wave.o(.data)
    count                                    0x200000b8   Data           1  wave.o(.data)
    expRoll                                  0x200000bc   Data           4  pid.o(.data)
    expPitch                                 0x200000c0   Data           4  pid.o(.data)
    surYaw                                   0x200000c4   Data           4  pid.o(.data)
    surRoll                                  0x200000c8   Data           4  pid.o(.data)
    surPitch                                 0x200000cc   Data           4  pid.o(.data)
    diffYaw                                  0x200000d0   Data           4  pid.o(.data)
    diffRoll                                 0x200000d4   Data           4  pid.o(.data)
    diffPitch                                0x200000d8   Data           4  pid.o(.data)
    motor0                                   0x200000dc   Data           2  pid.o(.data)
    motor1                                   0x200000de   Data           2  pid.o(.data)
    motor2                                   0x200000e0   Data           2  pid.o(.data)
    motor3                                   0x200000e2   Data           2  pid.o(.data)
    expThro                                  0x200000e4   Data           4  pid.o(.data)
    STOP_DELAY_TIME                          0x20000100   Data           4  ano_tc_stm32f1_i2c.o(.data)
    Dev_Addr                                 0x20000104   Data           1  ano_tc_stm32f1_i2c.o(.data)
    Reg_Addr                                 0x20000105   Data           1  ano_tc_stm32f1_i2c.o(.data)
    WR_Num                                   0x20000106   Data           1  ano_tc_stm32f1_i2c.o(.data)
    WR_Num_Cnt                               0x20000107   Data           1  ano_tc_stm32f1_i2c.o(.data)
    WR_Temp                                  0x20000108   Data           4  ano_tc_stm32f1_i2c.o(.data)
    W_R                                      0x2000010c   Data           1  ano_tc_stm32f1_i2c.o(.data)
    Send_WRReg_OK                            0x2000010d   Data           1  ano_tc_stm32f1_i2c.o(.data)
    Send_WRReg_OK2                           0x2000010e   Data           1  ano_tc_stm32f1_i2c.o(.data)
    I2C_BUSY                                 0x2000010f   Data           1  ano_tc_stm32f1_i2c.o(.data)
    IIC_ERROR_CNT                            0x20000110   Data           1  ano_tc_stm32f1_i2c.o(.data)
    Res                                      0x20000118   Data          32  usart.o(.bss)
    BUF                                      0x20000146   Data          12  mpu6050.o(.bss)
    TxBuffer                                 0x20000244   Data          32  wave.o(.bss)
    PID_ROLL                                 0x20000264   Data          16  pid.o(.bss)
    PID_PITCH                                0x20000274   Data          16  pid.o(.bss)
    PID_YAW                                  0x20000284   Data          16  pid.o(.bss)
    __initial_sp                             0x20000698   Data           0  startup_stm32f10x_md.o(STACK)



==============================================================================

Memory Map of the image

  Image Entry point : 0x080000ed

  Load Region LR_IROM1 (Base: 0x08000000, Size: 0x000068b0, Max: 0x00010000, ABSOLUTE)

    Execution Region ER_IROM1 (Base: 0x08000000, Size: 0x00006798, Max: 0x00010000, ABSOLUTE)

    Base Addr    Size         Type   Attr      Idx    E Section Name        Object

    0x08000000   0x000000ec   Data   RO            3    RESET               startup_stm32f10x_md.o
    0x080000ec   0x00000000   Code   RO          591  * .ARM.Collect$$$$00000000  mc_w.l(entry.o)
    0x080000ec   0x00000004   Code   RO          667    .ARM.Collect$$$$00000001  mc_w.l(entry2.o)
    0x080000f0   0x00000004   Code   RO          670    .ARM.Collect$$$$00000004  mc_w.l(entry5.o)
    0x080000f4   0x00000000   Code   RO          672    .ARM.Collect$$$$00000008  mc_w.l(entry7b.o)
    0x080000f4   0x00000000   Code   RO          674    .ARM.Collect$$$$0000000A  mc_w.l(entry8b.o)
    0x080000f4   0x00000008   Code   RO          675    .ARM.Collect$$$$0000000B  mc_w.l(entry9a.o)
    0x080000fc   0x00000000   Code   RO          677    .ARM.Collect$$$$0000000D  mc_w.l(entry10a.o)
    0x080000fc   0x00000000   Code   RO          679    .ARM.Collect$$$$0000000F  mc_w.l(entry11a.o)
    0x080000fc   0x00000004   Code   RO          668    .ARM.Collect$$$$00002712  mc_w.l(entry2.o)
    0x08000100   0x00000024   Code   RO            4    .text               startup_stm32f10x_md.o
    0x08000124   0x00000364   Code   RO           10    .text               main.o
    0x08000488   0x0000002a   Code   RO          171    .text               stm32f10x_it.o
    0x080004b2   0x00000002   PAD
    0x080004b4   0x000000dc   Code   RO          186    .text               misc.o
    0x08000590   0x0000035c   Code   RO          198    .text               stm32f10x_gpio.o
    0x080008ec   0x000003a8   Code   RO          210    .text               stm32f10x_rcc.o
    0x08000c94   0x00000408   Code   RO          224    .text               stm32f10x_usart.o
    0x0800109c   0x00000404   Code   RO          236    .text               stm32f10x_i2c.o
    0x080014a0   0x00000e1a   Code   RO          248    .text               stm32f10x_tim.o
    0x080022ba   0x00000002   PAD
    0x080022bc   0x0000030c   Code   RO          260    .text               stm32f10x_spi.o
    0x080025c8   0x000001e4   Code   RO          282    .text               system_stm32f10x.o
    0x080027ac   0x000000a8   Code   RO          306    .text               delay.o
    0x08002854   0x00000080   Code   RO          320    .text               hseconf.o
    0x080028d4   0x000000d8   Code   RO          332    .text               led.o
    0x080029ac   0x00000128   Code   RO          356    .text               usart.o
    0x08002ad4   0x000007c8   Code   RO          384    .text               imu.o
    0x0800329c   0x00000638   Code   RO          403    .text               mpu6050.o
    0x080038d4   0x000001b8   Code   RO          419    .text               motor.o
    0x08003a8c   0x00000404   Code   RO          431    .text               24l01.o
    0x08003e90   0x00000104   Code   RO          446    .text               spi.o
    0x08003f94   0x000009d4   Code   RO          458    .text               wave.o
    0x08004968   0x000003c4   Code   RO          483    .text               pid.o
    0x08004d2c   0x0000084c   Code   RO          500    .text               ANO_TC_STM32F1_I2C.lib(ano_tc_stm32f1_i2c.o)
    0x08005578   0x00000024   Code   RO          594    .text               mc_w.l(memseta.o)
    0x0800559c   0x0000001c   Code   RO          596    .text               mc_w.l(strcmp.o)
    0x080055b8   0x00000012   Code   RO          598    .text               mc_w.l(strcpy.o)
    0x080055ca   0x000000b0   Code   RO          600    .text               mf_w.l(fadd.o)
    0x0800567a   0x00000064   Code   RO          602    .text               mf_w.l(fmul.o)
    0x080056de   0x0000007c   Code   RO          604    .text               mf_w.l(fdiv.o)
    0x0800575a   0x0000014e   Code   RO          606    .text               mf_w.l(dadd.o)
    0x080058a8   0x000000e4   Code   RO          608    .text               mf_w.l(dmul.o)
    0x0800598c   0x000000de   Code   RO          610    .text               mf_w.l(ddiv.o)
    0x08005a6a   0x00000012   Code   RO          612    .text               mf_w.l(fflti.o)
    0x08005a7c   0x0000000a   Code   RO          614    .text               mf_w.l(ffltui.o)
    0x08005a86   0x00000022   Code   RO          616    .text               mf_w.l(dflti.o)
    0x08005aa8   0x00000032   Code   RO          618    .text               mf_w.l(ffixi.o)
    0x08005ada   0x00000028   Code   RO          620    .text               mf_w.l(ffixui.o)
    0x08005b02   0x0000003e   Code   RO          622    .text               mf_w.l(dfixi.o)
    0x08005b40   0x00000032   Code   RO          624    .text               mf_w.l(dfixui.o)
    0x08005b72   0x00000026   Code   RO          626    .text               mf_w.l(f2d.o)
    0x08005b98   0x00000030   Code   RO          628    .text               mf_w.l(cdcmple.o)
    0x08005bc8   0x00000030   Code   RO          630    .text               mf_w.l(cdrcmple.o)
    0x08005bf8   0x00000038   Code   RO          632    .text               mf_w.l(d2f.o)
    0x08005c30   0x00000014   Code   RO          634    .text               mf_w.l(cfcmple.o)
    0x08005c44   0x00000014   Code   RO          636    .text               mf_w.l(cfrcmple.o)
    0x08005c58   0x0000001e   Code   RO          681    .text               mc_w.l(llshl.o)
    0x08005c76   0x00000020   Code   RO          683    .text               mc_w.l(llushr.o)
    0x08005c96   0x00000024   Code   RO          685    .text               mc_w.l(llsshr.o)
    0x08005cba   0x00000000   Code   RO          694    .text               mc_w.l(iusefp.o)
    0x08005cba   0x0000006e   Code   RO          695    .text               mf_w.l(fepilogue.o)
    0x08005d28   0x000000ba   Code   RO          697    .text               mf_w.l(depilogue.o)
    0x08005de2   0x0000002e   Code   RO          699    .text               mf_w.l(dscalb.o)
    0x08005e10   0x000000a2   Code   RO          701    .text               mf_w.l(dsqrt.o)
    0x08005eb2   0x00000002   PAD
    0x08005eb4   0x00000024   Code   RO          703    .text               mc_w.l(init.o)
    0x08005ed8   0x00000024   Code   RO          471    i.UART_Putc         wave.o
    0x08005efc   0x00000028   Code   RO          662    i.__ARM_fpclassify  m_ws.l(fpclassify.o)
    0x08005f24   0x000000aa   Code   RO          664    i.__kernel_poly     m_ws.l(poly.o)
    0x08005fce   0x00000006   Code   RO          649    i.__mathlib_dbl_infnan  m_ws.l(dunder.o)
    0x08005fd4   0x00000004   Code   RO          650    i.__mathlib_dbl_infnan2  m_ws.l(dunder.o)
    0x08005fd8   0x0000000c   Code   RO          651    i.__mathlib_dbl_invalid  m_ws.l(dunder.o)
    0x08005fe4   0x00000010   Code   RO          654    i.__mathlib_dbl_underflow  m_ws.l(dunder.o)
    0x08005ff4   0x0000000e   Code   RO          707    i.__scatterload_copy  mc_w.l(handlers.o)
    0x08006002   0x00000002   Code   RO          708    i.__scatterload_null  mc_w.l(handlers.o)
    0x08006004   0x0000000e   Code   RO          709    i.__scatterload_zeroinit  mc_w.l(handlers.o)
    0x08006012   0x00000002   PAD
    0x08006014   0x0000000c   Code   RO          689    i.__set_errno       mc_w.l(errno.o)
    0x08006020   0x00000270   Code   RO          566    i.asin              m_ws.l(asin.o)
    0x08006290   0x00000220   Code   RO          639    i.atan              m_ws.l(atan.o)
    0x080064b0   0x00000180   Code   RO          576    i.atan2             m_ws.l(atan2.o)
    0x08006630   0x0000004c   Code   RO          584    i.sqrt              m_ws.l(sqrt.o)
    0x0800667c   0x0000000a   Data   RO          432    .constdata          24l01.o
    0x08006686   0x00000002   PAD
    0x08006688   0x00000050   Data   RO          567    .constdata          m_ws.l(asin.o)
    0x080066d8   0x00000098   Data   RO          640    .constdata          m_ws.l(atan.o)
    0x08006770   0x00000008   Data   RO          666    .constdata          m_ws.l(qnan.o)
    0x08006778   0x00000020   Data   RO          705    Region$$Table       anon$$obj.o


    Execution Region RW_IRAM1 (Base: 0x20000000, Size: 0x00000698, Max: 0x00005000, ABSOLUTE)

    Base Addr    Size         Type   Attr      Idx    E Section Name        Object

    0x20000000   0x00000014   Data   RW          211    .data               stm32f10x_rcc.o
    0x20000014   0x00000014   Data   RW          283    .data               system_stm32f10x.o
    0x20000028   0x00000004   Data   RW          307    .data               delay.o
    0x2000002c   0x00000008   Data   RW          358    .data               usart.o
    0x20000034   0x00000038   Data   RW          385    .data               imu.o
    0x2000006c   0x00000046   Data   RW          405    .data               mpu6050.o
    0x200000b2   0x00000007   Data   RW          460    .data               wave.o
    0x200000b9   0x00000003   PAD
    0x200000bc   0x00000044   Data   RW          485    .data               pid.o
    0x20000100   0x00000011   Data   RW          501    .data               ANO_TC_STM32F1_I2C.lib(ano_tc_stm32f1_i2c.o)
    0x20000111   0x00000003   PAD
    0x20000114   0x00000004   Data   RW          690    .data               mc_w.l(errno.o)
    0x20000118   0x00000020   Zero   RW          357    .bss                usart.o
    0x20000138   0x0000010c   Zero   RW          404    .bss                mpu6050.o
    0x20000244   0x00000020   Zero   RW          459    .bss                wave.o
    0x20000264   0x00000030   Zero   RW          484    .bss                pid.o
    0x20000294   0x00000004   PAD
    0x20000298   0x00000400   Zero   RW            1    STACK               startup_stm32f10x_md.o


==============================================================================

Image component sizes


      Code (inc. data)   RO Data    RW Data    ZI Data      Debug   Object Name

      1028         46         10          0          0       3800   24l01.o
       168          8          0          4          0        989   delay.o
       128          6          0          0          0        504   hseconf.o
      1992        114          0         56          0       3052   imu.o
       216         18          0          0          0        905   led.o
       868        116          0          0          0     268457   main.o
       220         22          0          0          0       1705   misc.o
       440          4          0          0          0       2143   motor.o
      1592        118          0         70        268       5503   mpu6050.o
       964        102          0         68         48       1892   pid.o
       260         10          0          0          0       1069   spi.o
        36          8        236          0       1024        824   startup_stm32f10x_md.o
       860         38          0          0          0       5557   stm32f10x_gpio.o
      1028         16          0          0          0       9015   stm32f10x_i2c.o
        42          0          0          0          0       1480   stm32f10x_it.o
       936         40          0         20          0       8700   stm32f10x_rcc.o
       780         14          0          0          0       6434   stm32f10x_spi.o
      3610         88          0          0          0      22040   stm32f10x_tim.o
      1032         22          0          0          0       8276   stm32f10x_usart.o
       484         42          0         20          0       1731   system_stm32f10x.o
       296         22          0          8         32       1698   usart.o
      2552         58          0          7         32       6805   wave.o

    ----------------------------------------------------------------------
     19536        912        280        256       1408     362579   Object Totals
         0          0         32          0          0          0   (incl. Generated)
         4          0          2          3          4          0   (incl. Padding)

    ----------------------------------------------------------------------

      Code (inc. data)   RO Data    RW Data    ZI Data      Debug   Library Member Name

      2124         92          0         17          0     227346   ano_tc_stm32f1_i2c.o
       624         52         80          0          0        168   asin.o
       544         70        152          0          0        124   atan.o
       384         38          0          0          0        144   atan2.o
        38          6          0          0          0        272   dunder.o
        40          0          0          0          0         68   fpclassify.o
       170          0          0          0          0         96   poly.o
         0          0          8          0          0          0   qnan.o
        76          0          0          0          0         84   sqrt.o
         0          0          0          0          0          0   entry.o
         0          0          0          0          0          0   entry10a.o
         0          0          0          0          0          0   entry11a.o
         8          4          0          0          0          0   entry2.o
         4          0          0          0          0          0   entry5.o
         0          0          0          0          0          0   entry7b.o
         0          0          0          0          0          0   entry8b.o
         8          4          0          0          0          0   entry9a.o
        12          6          0          4          0         68   errno.o
        30          0          0          0          0          0   handlers.o
        36          8          0          0          0         68   init.o
         0          0          0          0          0          0   iusefp.o
        30          0          0          0          0         68   llshl.o
        36          0          0          0          0         68   llsshr.o
        32          0          0          0          0         68   llushr.o
        36          0          0          0          0        108   memseta.o
        28          0          0          0          0         76   strcmp.o
        18          0          0          0          0         68   strcpy.o
        48          0          0          0          0         68   cdcmple.o
        48          0          0          0          0         68   cdrcmple.o
        20          0          0          0          0         68   cfcmple.o
        20          0          0          0          0         68   cfrcmple.o
        56          0          0          0          0         88   d2f.o
       334          0          0          0          0        148   dadd.o
       222          0          0          0          0        100   ddiv.o
       186          0          0          0          0        176   depilogue.o
        62          0          0          0          0         80   dfixi.o
        50          0          0          0          0         76   dfixui.o
        34          0          0          0          0         76   dflti.o
       228          0          0          0          0         96   dmul.o
        46          0          0          0          0         80   dscalb.o
       162          0          0          0          0        100   dsqrt.o
        38          0          0          0          0         68   f2d.o
       176          0          0          0          0        140   fadd.o
       124          0          0          0          0         88   fdiv.o
       110          0          0          0          0        168   fepilogue.o
        50          0          0          0          0         68   ffixi.o
        40          0          0          0          0         68   ffixui.o
        18          0          0          0          0         68   fflti.o
        10          0          0          0          0         68   ffltui.o
       100          0          0          0          0         76   fmul.o

    ----------------------------------------------------------------------
      6464        280        240         24          0     230998   Library Totals
         4          0          0          3          0          0   (incl. Padding)

    ----------------------------------------------------------------------

      Code (inc. data)   RO Data    RW Data    ZI Data      Debug   Library Name

      2124         92          0         17          0     227346   ANO_TC_STM32F1_I2C.lib
      1876        166        240          0          0        956   m_ws.l
       278         22          0          4          0        592   mc_w.l
      2182          0          0          0          0       2104   mf_w.l

    ----------------------------------------------------------------------
      6464        280        240         24          0     230998   Library Totals

    ----------------------------------------------------------------------

==============================================================================


      Code (inc. data)   RO Data    RW Data    ZI Data      Debug   

     26000       1192        520        280       1408     589725   Grand Totals
     26000       1192        520        280       1408     589725   ELF Image Totals
     26000       1192        520        280          0          0   ROM Totals

==============================================================================

    Total RO  Size (Code + RO Data)                26520 (  25.90kB)
    Total RW  Size (RW Data + ZI Data)              1688 (   1.65kB)
    Total ROM Size (Code + RO Data + RW Data)      26800 (  26.17kB)

==============================================================================

