Component: ARM Compiler 5.05 update 2 (build 169) Tool: armlink [4d0f33]

==============================================================================

Section Cross References

    startup_stm32f10x_md.o(RESET) refers to startup_stm32f10x_md.o(STACK) for __initial_sp
    startup_stm32f10x_md.o(RESET) refers to startup_stm32f10x_md.o(.text) for Reset_Handler
    startup_stm32f10x_md.o(RESET) refers to stm32f10x_it.o(.text) for NMI_Handler
    startup_stm32f10x_md.o(.text) refers to system_stm32f10x.o(.text) for SystemInit
    startup_stm32f10x_md.o(.text) refers to entry.o(.ARM.Collect$$$$00000000) for __main
    main.o(.text) refers to memseta.o(.text) for __aeabi_memclr4
    main.o(.text) refers to hseconf.o(.text) for RCC_HSE_Configuration
    main.o(.text) refers to delay.o(.text) for SysTick_Init
    main.o(.text) refers to usart.o(.text) for USART1_Config
    main.o(.text) refers to led.o(.text) for LED_Init
    main.o(.text) refers to iic.o(.text) for IIC_Init
    main.o(.text) refers to imu.o(.text) for Initial_Timer3
    main.o(.text) refers to motor.o(.text) for TIM2_Init
    main.o(.text) refers to mpu6050.o(.text) for Mpu6050_Init_offset
    main.o(.text) refers to pid.o(.text) for Set_PWM
    main.o(.text) refers to 24l01.o(.text) for NRF24L01_Init
    main.o(.text) refers to printf1.o(i.__0printf$1) for __2printf
    main.o(.text) refers to dflti.o(.text) for __aeabi_i2d
    main.o(.text) refers to ddiv.o(.text) for __aeabi_ddiv
    main.o(.text) refers to d2f.o(.text) for __aeabi_d2f
    main.o(.text) refers to dfixi.o(.text) for __aeabi_d2iz
    main.o(.text) refers to fflti.o(.text) for __aeabi_i2f
    main.o(.text) refers to pid.o(.data) for expRoll
    stm32f10x_gpio.o(.text) refers to stm32f10x_rcc.o(.text) for RCC_APB2PeriphResetCmd
    stm32f10x_rcc.o(.text) refers to stm32f10x_rcc.o(.data) for APBAHBPrescTable
    stm32f10x_usart.o(.text) refers to stm32f10x_rcc.o(.text) for RCC_APB2PeriphResetCmd
    stm32f10x_i2c.o(.text) refers to stm32f10x_rcc.o(.text) for RCC_APB1PeriphResetCmd
    stm32f10x_tim.o(.text) refers to stm32f10x_rcc.o(.text) for RCC_APB2PeriphResetCmd
    stm32f10x_spi.o(.text) refers to stm32f10x_rcc.o(.text) for RCC_APB2PeriphResetCmd
    system_stm32f10x.o(.text) refers to system_stm32f10x.o(.data) for SystemCoreClock
    delay.o(.text) refers to delay.o(.data) for fac_us
    hseconf.o(.text) refers to stm32f10x_rcc.o(.text) for RCC_DeInit
    led.o(.text) refers to stm32f10x_rcc.o(.text) for RCC_APB2PeriphClockCmd
    led.o(.text) refers to stm32f10x_gpio.o(.text) for GPIO_Init
    led.o(.text) refers to delay.o(.text) for delay_us
    sys.o(.text) refers to misc.o(.text) for NVIC_PriorityGroupConfig
    usart.o(.text) refers to stm32f10x_rcc.o(.text) for RCC_APB2PeriphClockCmd
    usart.o(.text) refers to stm32f10x_gpio.o(.text) for GPIO_Init
    usart.o(.text) refers to stm32f10x_usart.o(.text) for USART_Init
    iic.o(.text) refers to stm32f10x_rcc.o(.text) for RCC_APB2PeriphClockCmd
    iic.o(.text) refers to stm32f10x_gpio.o(.text) for GPIO_Init
    iic.o(.text) refers to delay.o(.text) for delay_us
    imu.o(.text) refers to stm32f10x_rcc.o(.text) for RCC_APB1PeriphClockCmd
    imu.o(.text) refers to stm32f10x_tim.o(.text) for TIM_TimeBaseStructInit
    imu.o(.text) refers to ffltui.o(.text) for __aeabi_ui2f
    imu.o(.text) refers to fdiv.o(.text) for __aeabi_fdiv
    imu.o(.text) refers to fmul.o(.text) for __aeabi_fmul
    imu.o(.text) refers to fadd.o(.text) for __aeabi_fadd
    imu.o(.text) refers to f2d.o(.text) for __aeabi_f2d
    imu.o(.text) refers to sqrt.o(i.sqrt) for sqrt
    imu.o(.text) refers to d2f.o(.text) for __aeabi_d2f
    imu.o(.text) refers to imu.o(.data) for now
    imu.o(.text) refers to dmul.o(.text) for __aeabi_dmul
    imu.o(.text) refers to ddiv.o(.text) for __aeabi_ddiv
    imu.o(.text) refers to atan2.o(i.atan2) for atan2
    imu.o(.text) refers to asin.o(i.asin) for asin
    imu.o(.text) refers to mpu6050.o(.data) for fGYRO_Z
    mpu6050.o(.text) refers to iic.o(.text) for IIC_Start
    mpu6050.o(.text) refers to delay.o(.text) for delay_ms
    mpu6050.o(.text) refers to dflti.o(.text) for __aeabi_i2d
    mpu6050.o(.text) refers to ddiv.o(.text) for __aeabi_ddiv
    mpu6050.o(.text) refers to dadd.o(.text) for __aeabi_dsub
    mpu6050.o(.text) refers to d2f.o(.text) for __aeabi_d2f
    mpu6050.o(.text) refers to fmul.o(.text) for __aeabi_fmul
    mpu6050.o(.text) refers to fadd.o(.text) for __aeabi_fadd
    mpu6050.o(.text) refers to f2d.o(.text) for __aeabi_f2d
    mpu6050.o(.text) refers to sqrt.o(i.sqrt) for sqrt
    mpu6050.o(.text) refers to atan.o(i.atan) for atan
    mpu6050.o(.text) refers to dmul.o(.text) for __aeabi_dmul
    mpu6050.o(.text) refers to mpu6050.o(.data) for ID
    mpu6050.o(.text) refers to mpu6050.o(.bss) for BUF
    motor.o(.text) refers to stm32f10x_rcc.o(.text) for RCC_APB1PeriphClockCmd
    motor.o(.text) refers to stm32f10x_tim.o(.text) for TIM_TimeBaseInit
[...]
    printf7.o(i.__0vfprintf$7) refers to printf7.o(i._printf_core) for _printf_core
    printf7.o(i.__0vfprintf$7) refers to usart.o(.text) for fputc
    printf7.o(i.__0vprintf$7) refers to printf7.o(i._printf_core) for _printf_core
    printf7.o(i.__0vprintf$7) refers to usart.o(.text) for fputc
    printf7.o(i.__0vprintf$7) refers to stdout.o(.data) for __stdout
    printf7.o(i.__0vsnprintf$7) refers to printf7.o(i._printf_core) for _printf_core
    printf7.o(i.__0vsnprintf$7) refers to printf7.o(i._snputc) for _snputc
    printf7.o(i.__0vsprintf$7) refers to printf7.o(i._printf_core) for _printf_core
    printf7.o(i.__0vsprintf$7) refers to printf7.o(i._sputc) for _sputc
    printf7.o(i._printf_core) refers to printf7.o(i._printf_pre_padding) for _printf_pre_padding
    printf7.o(i._printf_core) refers to uldiv.o(.text) for __aeabi_uldivmod
    printf7.o(i._printf_core) refers to printf7.o(i._printf_post_padding) for _printf_post_padding
    printf8.o(i.__0fprintf$8) refers to printf8.o(i._printf_core) for _printf_core
    printf8.o(i.__0fprintf$8) refers to usart.o(.text) for fputc
    printf8.o(i.__0printf$8) refers to printf8.o(i._printf_core) for _printf_core
    printf8.o(i.__0printf$8) refers to usart.o(.text) for fputc
    printf8.o(i.__0printf$8) refers to stdout.o(.data) for __stdout
    printf8.o(i.__0snprintf$8) refers to printf8.o(i._printf_core) for _printf_core
    printf8.o(i.__0snprintf$8) refers to printf8.o(i._snputc) for _snputc
    printf8.o(i.__0sprintf$8) refers to printf8.o(i._printf_core) for _printf_core
    printf8.o(i.__0sprintf$8) refers to printf8.o(i._sputc) for _sputc
    printf8.o(i.__0vfprintf$8) refers to printf8.o(i._printf_core) for _printf_core
    printf8.o(i.__0vfprintf$8) refers to usart.o(.text) for fputc
    printf8.o(i.__0vprintf$8) refers to printf8.o(i._printf_core) for _printf_core
    printf8.o(i.__0vprintf$8) refers to usart.o(.text) for fputc
    printf8.o(i.__0vprintf$8) refers to stdout.o(.data) for __stdout
    printf8.o(i.__0vsnprintf$8) refers to printf8.o(i._printf_core) for _printf_core
    printf8.o(i.__0vsnprintf$8) refers to printf8.o(i._snputc) for _snputc
    printf8.o(i.__0vsprintf$8) refers to printf8.o(i._printf_core) for _printf_core
    printf8.o(i.__0vsprintf$8) refers to printf8.o(i._sputc) for _sputc
    printf8.o(i._printf_core) refers to printf8.o(i._printf_pre_padding) for _printf_pre_padding
    printf8.o(i._printf_core) refers to uldiv.o(.text) for __aeabi_uldivmod
    printf8.o(i._printf_core) refers to printf8.o(i._printf_post_padding) for _printf_post_padding
    printfa.o(i.__0fprintf) refers (Special) to iusefp.o(.text) for __I$use$fp
    printfa.o(i.__0fprintf) refers to printfa.o(i._printf_core) for _printf_core
    printfa.o(i.__0fprintf) refers to usart.o(.text) for fputc
    printfa.o(i.__0printf) refers (Special) to iusefp.o(.text) for __I$use$fp
    printfa.o(i.__0printf) refers to printfa.o(i._printf_core) for _printf_core
    printfa.o(i.__0printf) refers to usart.o(.text) for fputc
    printfa.o(i.__0printf) refers to stdout.o(.data) for __stdout
    printfa.o(i.__0snprintf) refers (Special) to iusefp.o(.text) for __I$use$fp
    printfa.o(i.__0snprintf) refers to printfa.o(i._printf_core) for _printf_core
    printfa.o(i.__0snprintf) refers to printfa.o(i._snputc) for _snputc
    printfa.o(i.__0sprintf) refers (Special) to iusefp.o(.text) for __I$use$fp
    printfa.o(i.__0sprintf) refers to printfa.o(i._printf_core) for _printf_core
    printfa.o(i.__0sprintf) refers to printfa.o(i._sputc) for _sputc
    printfa.o(i.__0vfprintf) refers (Special) to iusefp.o(.text) for __I$use$fp
    printfa.o(i.__0vfprintf) refers to printfa.o(i._printf_core) for _printf_core
    printfa.o(i.__0vfprintf) refers to usart.o(.text) for fputc
    printfa.o(i.__0vprintf) refers (Special) to iusefp.o(.text) for __I$use$fp
    printfa.o(i.__0vprintf) refers to printfa.o(i._printf_core) for _printf_core
    printfa.o(i.__0vprintf) refers to usart.o(.text) for fputc
    printfa.o(i.__0vprintf) refers to stdout.o(.data) for __stdout
    printfa.o(i.__0vsnprintf) refers (Special) to iusefp.o(.text) for __I$use$fp
    printfa.o(i.__0vsnprintf) refers to printfa.o(i._printf_core) for _printf_core
    printfa.o(i.__0vsnprintf) refers to printfa.o(i._snputc) for _snputc
    printfa.o(i.__0vsprintf) refers (Special) to iusefp.o(.text) for __I$use$fp
    printfa.o(i.__0vsprintf) refers to printfa.o(i._printf_core) for _printf_core
    printfa.o(i.__0vsprintf) refers to printfa.o(i._sputc) for _sputc
    printfa.o(i._fp_digits) refers (Special) to iusefp.o(.text) for __I$use$fp
    printfa.o(i._fp_digits) refers to dmul.o(.text) for __aeabi_dmul
    printfa.o(i._fp_digits) refers to ddiv.o(.text) for __aeabi_ddiv
    printfa.o(i._fp_digits) refers to cdrcmple.o(.text) for __aeabi_cdrcmple
    printfa.o(i._fp_digits) refers to dadd.o(.text) for __aeabi_dadd
    printfa.o(i._fp_digits) refers to dfixul.o(.text) for __aeabi_d2ulz
    printfa.o(i._fp_digits) refers to uldiv.o(.text) for __aeabi_uldivmod
    printfa.o(i._printf_core) refers (Special) to iusefp.o(.text) for __I$use$fp
    printfa.o(i._printf_core) refers to printfa.o(i._printf_pre_padding) for _printf_pre_padding
    printfa.o(i._printf_core) refers to uldiv.o(.text) for __aeabi_uldivmod
    printfa.o(i._printf_core) refers to printfa.o(i._printf_post_padding) for _printf_post_padding
    printfa.o(i._printf_core) refers to printfa.o(i._fp_digits) for _fp_digits
    printfa.o(i._printf_core) refers to uidiv.o(.text) for __aeabi_uidivmod
    printfa.o(i._printf_post_padding) refers (Special) to iusefp.o(.text) for __I$use$fp
    printfa.o(i._printf_pre_padding) refers (Special) to iusefp.o(.text) for __I$use$fp
    printfa.o(i._snputc) refers (Special) to iusefp.o(.text) for __I$use$fp
    printfa.o(i._sputc) refers (Special) to iusefp.o(.text) for __I$use$fp
    fadd.o(.text) refers (Special) to iusefp.o(.text) for __I$use$fp
    fadd.o(.text) refers to fepilogue.o(.text) for _float_epilogue
    fmul.o(.text) refers (Special) to iusefp.o(.text) for __I$use$fp
    fdiv.o(.text) refers (Special) to iusefp.o(.text) for __I$use$fp
    fdiv.o(.text) refers to fepilogue.o(.text) for _float_round
    dadd.o(.text) refers (Special) to iusefp.o(.text) for __I$use$fp
    dadd.o(.text) refers to llshl.o(.text) for __aeabi_llsl
    dadd.o(.text) refers to llsshr.o(.text) for __aeabi_lasr
    dadd.o(.text) refers to depilogue.o(.text) for _double_epilogue
    dmul.o(.text) refers (Special) to iusefp.o(.text) for __I$use$fp
    dmul.o(.text) refers to depilogue.o(.text) for _double_epilogue
    ddiv.o(.text) refers (Special) to iusefp.o(.text) for __I$use$fp
    ddiv.o(.text) refers to depilogue.o(.text) for _double_round
    fflti.o(.text) refers (Special) to iusefp.o(.text) for __I$use$fp
    fflti.o(.text) refers to fepilogue.o(.text) for _float_epilogue
    ffltui.o(.text) refers (Special) to iusefp.o(.text) for __I$use$fp
    ffltui.o(.text) refers to fepilogue.o(.text) for _float_epilogue
    dflti.o(.text) refers (Special) to iusefp.o(.text) for __I$use$fp
    dflti.o(.text) refers to depilogue.o(.text) for _double_epilogue
    ffixi.o(.text) refers (Special) to iusefp.o(.text) for __I$use$fp
    dfixi.o(.text) refers (Special) to iusefp.o(.text) for __I$use$fp
    dfixi.o(.text) refers to llushr.o(.text) for __aeabi_llsr
    f2d.o(.text) refers (Special) to iusefp.o(.text) for __I$use$fp
    cdcmple.o(.text) refers (Special) to iusefp.o(.text) for __I$use$fp
    cdrcmple.o(.text) refers (Special) to iusefp.o(.text) for __I$use$fp
    d2f.o(.text) refers (Special) to iusefp.o(.text) for __I$use$fp
    d2f.o(.text) refers to fepilogue.o(.text) for _float_round
    cfcmple.o(.text) refers (Special) to iusefp.o(.text) for __I$use$fp
    cfrcmple.o(.text) refers (Special) to iusefp.o(.text) for __I$use$fp
    dunder.o(i.__mathlib_dbl_divzero) refers to ddiv.o(.text) for __aeabi_ddiv
    dunder.o(i.__mathlib_dbl_infnan) refers to dscalb.o(.text) for __ARM_scalbn
    dunder.o(i.__mathlib_dbl_infnan2) refers to dadd.o(.text) for __aeabi_dadd
    dunder.o(i.__mathlib_dbl_invalid) refers to ddiv.o(.text) for __aeabi_ddiv
    dunder.o(i.__mathlib_dbl_overflow) refers to dscalb.o(.text) for __ARM_scalbn
    dunder.o(i.__mathlib_dbl_posinfnan) refers to dmul.o(.text) for __aeabi_dmul
    dunder.o(i.__mathlib_dbl_underflow) refers to dscalb.o(.text) for __ARM_scalbn
    fpclassify.o(i.__ARM_fpclassify) refers (Special) to iusefp.o(.text) for __I$use$fp
    poly.o(i.__kernel_poly) refers (Special) to iusefp.o(.text) for __I$use$fp
    poly.o(i.__kernel_poly) refers to dmul.o(.text) for __aeabi_dmul
    poly.o(i.__kernel_poly) refers to dadd.o(.text) for __aeabi_dadd
    qnan.o(.constdata) refers (Special) to iusefp.o(.text) for __I$use$fp
    entry2.o(.ARM.Collect$$$$00000001) refers to entry2.o(.ARM.Collect$$$$00002712) for __lit__00000000
    entry2.o(.ARM.Collect$$$$00002712) refers to startup_stm32f10x_md.o(STACK) for __initial_sp
    entry2.o(__vectab_stack_and_reset_area) refers to startup_stm32f10x_md.o(STACK) for __initial_sp
    entry2.o(__vectab_stack_and_reset_area) refers to entry.o(.ARM.Collect$$$$00000000) for __main
    entry5.o(.ARM.Collect$$$$00000004) refers to init.o(.text) for __scatterload
    entry9a.o(.ARM.Collect$$$$0000000B) refers to main.o(.text) for main
    entry9b.o(.ARM.Collect$$$$0000000C) refers to main.o(.text) for main
    uldiv.o(.text) refers to llushr.o(.text) for __aeabi_llsr
    uldiv.o(.text) refers to llshl.o(.text) for __aeabi_llsl
    errno.o(i.__aeabi_errno_addr) refers to errno.o(.data) for .data
    errno.o(i.__read_errno) refers to errno.o(.data) for .data
    errno.o(i.__set_errno) refers to errno.o(.data) for .data
    depilogue.o(.text) refers to llshl.o(.text) for __aeabi_llsl
    depilogue.o(.text) refers to llushr.o(.text) for __aeabi_llsr
    dsqrt.o(.text) refers to llushr.o(.text) for __aeabi_llsr
    dsqrt.o(.text) refers to depilogue.o(.text) for _double_round
    dfixul.o(.text) refers to llushr.o(.text) for __aeabi_llsr
    dfixul.o(.text) refers to llshl.o(.text) for __aeabi_llsl
    init.o(.text) refers to entry5.o(.ARM.Collect$$$$00000004) for __main_after_scatterload


==============================================================================

Removing Unused input sections from the image.

    Removing startup_stm32f10x_md.o(HEAP), (512 bytes).
    Removing main.o(.data), (4 bytes).
    Removing misc.o(.text), (220 bytes).
    Removing stm32f10x_i2c.o(.text), (1028 bytes).
    Removing core_cm3.o(.emb_text), (32 bytes).
    Removing sys.o(.text), (12 bytes).
    Removing dfixul.o(.text), (48 bytes).

7 unused section(s) (total 1856 bytes) removed from the image.

==============================================================================

Image Symbol Table

    Local Symbols

    Symbol Name                              Value     Ov Type        Size  Object(Section)

    ../clib/microlib/division.c              0x00000000   Number         0  uidiv.o ABSOLUTE
    ../clib/microlib/division.c              0x00000000   Number         0  uldiv.o ABSOLUTE
    ../clib/microlib/errno.c                 0x00000000   Number         0  errno.o ABSOLUTE
    ../clib/microlib/init/entry.s            0x00000000   Number         0  entry7a.o ABSOLUTE
    ../clib/microlib/init/entry.s            0x00000000   Number         0  entry5.o ABSOLUTE
    ../clib/microlib/init/entry.s            0x00000000   Number         0  entry2.o ABSOLUTE
    ../clib/microlib/init/entry.s            0x00000000   Number         0  entry10b.o ABSOLUTE
    ../clib/microlib/init/entry.s            0x00000000   Number         0  entry10a.o ABSOLUTE
    ../clib/microlib/init/entry.s            0x00000000   Number         0  entry.o ABSOLUTE
    ../clib/microlib/init/entry.s            0x00000000   Number         0  entry9a.o ABSOLUTE
    ../clib/microlib/init/entry.s            0x00000000   Number         0  entry8b.o ABSOLUTE
    ../clib/microlib/init/entry.s            0x00000000   Number         0  entry8a.o ABSOLUTE
    ../clib/microlib/init/entry.s            0x00000000   Number         0  entry7b.o ABSOLUTE
    ../clib/microlib/init/entry.s            0x00000000   Number         0  entry9b.o ABSOLUTE
    ../clib/microlib/init/entry.s            0x00000000   Number         0  entry11b.o ABSOLUTE
    ../clib/microlib/init/entry.s            0x00000000   Number         0  entry11a.o ABSOLUTE
    ../clib/microlib/longlong.c              0x00000000   Number         0  llshl.o ABSOLUTE
    ../clib/microlib/longlong.c              0x00000000   Number         0  llsshr.o ABSOLUTE
    ../clib/microlib/longlong.c              0x00000000   Number         0  llushr.o ABSOLUTE
    ../clib/microlib/printf/printf.c         0x00000000   Number         0  printfa.o ABSOLUTE
    ../clib/microlib/printf/printf.c         0x00000000   Number         0  printf8.o ABSOLUTE
    ../clib/microlib/printf/printf.c         0x00000000   Number         0  printf7.o ABSOLUTE
    ../clib/microlib/printf/printf.c         0x00000000   Number         0  printfb.o ABSOLUTE
    ../clib/microlib/printf/printf.c         0x00000000   Number         0  printf1.o ABSOLUTE
    ../clib/microlib/printf/printf.c         0x00000000   Number         0  printf6.o ABSOLUTE
    ../clib/microlib/printf/printf.c         0x00000000   Number         0  printf4.o ABSOLUTE
    ../clib/microlib/printf/printf.c         0x00000000   Number         0  printf2.o ABSOLUTE
    ../clib/microlib/printf/printf.c         0x00000000   Number         0  printf0.o ABSOLUTE
    ../clib/microlib/printf/printf.c         0x00000000   Number         0  printf3.o ABSOLUTE
    ../clib/microlib/printf/printf.c         0x00000000   Number         0  printf5.o ABSOLUTE
    ../clib/microlib/printf/stubs.s          0x00000000   Number         0  stubs.o ABSOLUTE
    ../clib/microlib/stdio/streams.c         0x00000000   Number         0  stdout.o ABSOLUTE
    ../clib/microlib/string/memset.c         0x00000000   Number         0  memseta.o ABSOLUTE
    ../clib/microlib/stubs.s                 0x00000000   Number         0  iusefp.o ABSOLUTE
    ../fplib/microlib/d2f.c                  0x00000000   Number         0  d2f.o ABSOLUTE
    ../fplib/microlib/f2d.c                  0x00000000   Number         0  f2d.o ABSOLUTE
    ../fplib/microlib/fpadd.c                0x00000000   Number         0  dadd.o ABSOLUTE
    ../fplib/microlib/fpadd.c                0x00000000   Number         0  fadd.o ABSOLUTE
    ../fplib/microlib/fpdiv.c                0x00000000   Number         0  fdiv.o ABSOLUTE
    ../fplib/microlib/fpdiv.c                0x00000000   Number         0  ddiv.o ABSOLUTE
    ../fplib/microlib/fpepilogue.c           0x00000000   Number         0  depilogue.o ABSOLUTE
    ../fplib/microlib/fpepilogue.c           0x00000000   Number         0  fepilogue.o ABSOLUTE
    ../fplib/microlib/fpfix.c                0x00000000   Number         0  ffixi.o ABSOLUTE
    ../fplib/microlib/fpfix.c                0x00000000   Number         0  dfixi.o ABSOLUTE
    ../fplib/microlib/fpfix.c                0x00000000   Number         0  dfixul.o ABSOLUTE
    ../fplib/microlib/fpflt.c                0x00000000   Number         0  dflti.o ABSOLUTE
    ../fplib/microlib/fpflt.c                0x00000000   Number         0  ffltui.o ABSOLUTE
    ../fplib/microlib/fpflt.c                0x00000000   Number         0  fflti.o ABSOLUTE
    ../fplib/microlib/fpmul.c                0x00000000   Number         0  fmul.o ABSOLUTE
    ../fplib/microlib/fpmul.c                0x00000000   Number         0  dmul.o ABSOLUTE
    ../fplib/microlib/fpscalb.c              0x00000000   Number         0  dscalb.o ABSOLUTE
    ../fplib/microlib/fpsqrt.c               0x00000000   Number         0  dsqrt.o ABSOLUTE
    ../mathlib/asin.c                        0x00000000   Number         0  asin.o ABSOLUTE
    ../mathlib/asin.c                        0x00000000   Number         0  asin_x.o ABSOLUTE
    ../mathlib/atan.c                        0x00000000   Number         0  atan_x.o ABSOLUTE
    ../mathlib/atan.c                        0x00000000   Number         0  atan.o ABSOLUTE
    ../mathlib/atan2.c                       0x00000000   Number         0  atan2.o ABSOLUTE
    ../mathlib/atan2.c                       0x00000000   Number         0  atan2_x.o ABSOLUTE
    ../mathlib/dunder.c                      0x00000000   Number         0  dunder.o ABSOLUTE
    ../mathlib/fpclassify.c                  0x00000000   Number         0  fpclassify.o ABSOLUTE
    ../mathlib/poly.c                        0x00000000   Number         0  poly.o ABSOLUTE
    ../mathlib/qnan.c                        0x00000000   Number         0  qnan.o ABSOLUTE
    ../mathlib/sqrt.c                        0x00000000   Number         0  sqrt.o ABSOLUTE
    ../mathlib/sqrt.c                        0x00000000   Number         0  sqrt_x.o ABSOLUTE
    ..\CMSIS\Startup\startup_stm32f10x_md.s  0x00000000   Number         0  startup_stm32f10x_md.o ABSOLUTE
    ..\CMSIS\core_cm3.c                      0x00000000   Number         0  core_cm3.o ABSOLUTE
    ..\CMSIS\system_stm32f10x.c              0x00000000   Number         0  system_stm32f10x.o ABSOLUTE
    ..\FWlib\src\misc.c                      0x00000000   Number         0  misc.o ABSOLUTE
    ..\FWlib\src\stm32f10x_gpio.c            0x00000000   Number         0  stm32f10x_gpio.o ABSOLUTE
    ..\FWlib\src\stm32f10x_i2c.c             0x00000000   Number         0  stm32f10x_i2c.o ABSOLUTE
    ..\FWlib\src\stm32f10x_rcc.c             0x00000000   Number         0  stm32f10x_rcc.o ABSOLUTE
    ..\FWlib\src\stm32f10x_spi.c             0x00000000   Number         0  stm32f10x_spi.o ABSOLUTE
    ..\FWlib\src\stm32f10x_tim.c             0x00000000   Number         0  stm32f10x_tim.o ABSOLUTE
    ..\FWlib\src\stm32f10x_usart.c           0x00000000   Number         0  stm32f10x_usart.o ABSOLUTE
    ..\Hardware\24l01.c                      0x00000000   Number         0  24l01.o ABSOLUTE
    ..\Hardware\HSEconf.c                    0x00000000   Number         0  hseconf.o ABSOLUTE
    ..\Hardware\IIC.c                        0x00000000   Number         0  iic.o ABSOLUTE
    ..\Hardware\IMU.C                        0x00000000   Number         0  imu.o ABSOLUTE
    ..\Hardware\LED.c                        0x00000000   Number         0  led.o ABSOLUTE
    ..\Hardware\MOTOR.c                      0x00000000   Number         0  motor.o ABSOLUTE
    ..\Hardware\MPU6050.c                    0x00000000   Number         0  mpu6050.o ABSOLUTE
    ..\Hardware\PID.c                        0x00000000   Number         0  pid.o ABSOLUTE
    ..\Hardware\config.c                     0x00000000   Number         0  config.o ABSOLUTE
    ..\Hardware\delay.c                      0x00000000   Number         0  delay.o ABSOLUTE
    ..\Hardware\spi.c                        0x00000000   Number         0  spi.o ABSOLUTE
    ..\Hardware\sys.c                        0x00000000   Number         0  sys.o ABSOLUTE
    ..\Hardware\usart.c                      0x00000000   Number         0  usart.o ABSOLUTE
    ..\\CMSIS\\core_cm3.c                    0x00000000   Number         0  core_cm3.o ABSOLUTE
    cdcmple.s                                0x00000000   Number         0  cdcmple.o ABSOLUTE
    cdrcmple.s                               0x00000000   Number         0  cdrcmple.o ABSOLUTE
    cfcmple.s                                0x00000000   Number         0  cfcmple.o ABSOLUTE
    cfrcmple.s                               0x00000000   Number         0  cfrcmple.o ABSOLUTE
    dc.s                                     0x00000000   Number         0  dc.o ABSOLUTE
    handlers.s                               0x00000000   Number         0  handlers.o ABSOLUTE
    init.s                                   0x00000000   Number         0  init.o ABSOLUTE
    main.c                                   0x00000000   Number         0  main.o ABSOLUTE
    stm32f10x_it.c                           0x00000000   Number         0  stm32f10x_it.o ABSOLUTE
    RESET                                    0x08000000   Section      236  startup_stm32f10x_md.o(RESET)
    .ARM.Collect$$$$00000000                 0x080000ec   Section        0  entry.o(.ARM.Collect$$$$00000000)
    .ARM.Collect$$$$00000001                 0x080000ec   Section        4  entry2.o(.ARM.Collect$$$$00000001)
    .ARM.Collect$$$$00000004                 0x080000f0   Section        4  entry5.o(.ARM.Collect$$$$00000004)
    .ARM.Collect$$$$00000008                 0x080000f4   Section        0  entry7b.o(.ARM.Collect$$$$00000008)
    .ARM.Collect$$$$0000000A                 0x080000f4   Section        0  entry8b.o(.ARM.Collect$$$$0000000A)
    .ARM.Collect$$$$0000000B                 0x080000f4   Section        8  entry9a.o(.ARM.Collect$$$$0000000B)
    .ARM.Collect$$$$0000000D                 0x080000fc   Section        0  entry10a.o(.ARM.Collect$$$$0000000D)
    .ARM.Collect$$$$0000000F                 0x080000fc   Section        0  entry11a.o(.ARM.Collect$$$$0000000F)
    .ARM.Collect$$$$00002712                 0x080000fc   Section        4  entry2.o(.ARM.Collect$$$$00002712)
    __lit__00000000                          0x080000fc   Data           4  entry2.o(.ARM.Collect$$$$00002712)
    .text                                    0x08000100   Section       36  startup_stm32f10x_md.o(.text)
    .text                                    0x08000124   Section        0  main.o(.text)
    .text                                    0x08000288   Section        0  stm32f10x_it.o(.text)
    .text                                    0x080002a4   Section        0  stm32f10x_gpio.o(.text)
    .text                                    0x08000600   Section        0  stm32f10x_rcc.o(.text)
    .text                                    0x080009a8   Section        0  stm32f10x_usart.o(.text)
    .text                                    0x08000db0   Section        0  stm32f10x_tim.o(.text)
    TI4_Config                               0x08001257   Thumb Code   130  stm32f10x_tim.o(.text)
    TI3_Config                               0x080012eb   Thumb Code   122  stm32f10x_tim.o(.text)
    TI2_Config                               0x0800137f   Thumb Code   130  stm32f10x_tim.o(.text)
    TI1_Config                               0x08001413   Thumb Code   108  stm32f10x_tim.o(.text)
    .text                                    0x08001bcc   Section        0  stm32f10x_spi.o(.text)
    .text                                    0x08001ed8   Section        0  system_stm32f10x.o(.text)
    SetSysClockTo72                          0x08001ed9   Thumb Code   214  system_stm32f10x.o(.text)
    SetSysClock                              0x08001faf   Thumb Code     8  system_stm32f10x.o(.text)
    .text                                    0x080020bc   Section        0  delay.o(.text)
    .text                                    0x08002164   Section        0  hseconf.o(.text)
    .text                                    0x080021e4   Section        0  led.o(.text)
    .text                                    0x08002248   Section        0  usart.o(.text)
    .text                                    0x080022fc   Section        0  iic.o(.text)
    .text                                    0x08002580   Section        0  imu.o(.text)
    .text                                    0x08002d4c   Section        0  mpu6050.o(.text)
    .text                                    0x08003344   Section        0  motor.o(.text)
    .text                                    0x080034fc   Section        0  24l01.o(.text)
    .text                                    0x08003820   Section        0  spi.o(.text)
    .text                                    0x08003924   Section        0  pid.o(.text)
    .text                                    0x08003ccc   Section        0  memseta.o(.text)
    .text                                    0x08003cf0   Section        0  fadd.o(.text)
    .text                                    0x08003da0   Section        0  fmul.o(.text)
    .text                                    0x08003e04   Section        0  fdiv.o(.text)
    .text                                    0x08003e80   Section        0  dadd.o(.text)
    .text                                    0x08003fce   Section        0  dmul.o(.text)
    .text                                    0x080040b2   Section        0  ddiv.o(.text)
    .text                                    0x08004190   Section        0  fflti.o(.text)
    .text                                    0x080041a2   Section        0  ffltui.o(.text)
    .text                                    0x080041ac   Section        0  dflti.o(.text)
    .text                                    0x080041ce   Section        0  ffixi.o(.text)
    .text                                    0x08004200   Section        0  dfixi.o(.text)
    .text                                    0x0800423e   Section        0  f2d.o(.text)
    .text                                    0x08004264   Section       48  cdcmple.o(.text)
    .text                                    0x08004294   Section       48  cdrcmple.o(.text)
    .text                                    0x080042c4   Section        0  d2f.o(.text)
    .text                                    0x080042fc   Section       20  cfcmple.o(.text)
    .text                                    0x08004310   Section       20  cfrcmple.o(.text)
    .text                                    0x08004324   Section        0  uidiv.o(.text)
    .text                                    0x08004350   Section        0  llshl.o(.text)
    .text                                    0x0800436e   Section        0  llushr.o(.text)
    .text                                    0x0800438e   Section        0  llsshr.o(.text)
    .text                                    0x080043b2   Section        0  fepilogue.o(.text)
    .text                                    0x080043b2   Section        0  iusefp.o(.text)
    .text                                    0x08004420   Section        0  depilogue.o(.text)
    .text                                    0x080044da   Section        0  dscalb.o(.text)
    .text                                    0x08004508   Section        0  dsqrt.o(.text)
    .text                                    0x080045ac   Section       36  init.o(.text)
    i.__0printf$1                            0x080045d0   Section        0  printf1.o(i.__0printf$1)
    i.__ARM_fpclassify                       0x080045f0   Section        0  fpclassify.o(i.__ARM_fpclassify)
    i.__kernel_poly                          0x08004618   Section        0  poly.o(i.__kernel_poly)
    i.__mathlib_dbl_infnan                   0x080046c2   Section        0  dunder.o(i.__mathlib_dbl_infnan)
    i.__mathlib_dbl_infnan2                  0x080046c8   Section        0  dunder.o(i.__mathlib_dbl_infnan2)
    i.__mathlib_dbl_invalid                  0x080046cc   Section        0  dunder.o(i.__mathlib_dbl_invalid)
    i.__mathlib_dbl_underflow                0x080046d8   Section        0  dunder.o(i.__mathlib_dbl_underflow)
    i.__scatterload_copy                     0x080046e8   Section       14  handlers.o(i.__scatterload_copy)
    i.__scatterload_null                     0x080046f6   Section        2  handlers.o(i.__scatterload_null)
    i.__scatterload_zeroinit                 0x080046f8   Section       14  handlers.o(i.__scatterload_zeroinit)
    i.__set_errno                            0x08004708   Section        0  errno.o(i.__set_errno)
    i._printf_core                           0x08004714   Section        0  printf1.o(i._printf_core)
    _printf_core                             0x08004715   Thumb Code   336  printf1.o(i._printf_core)
    i.asin                                   0x08004868   Section        0  asin.o(i.asin)
    i.atan                                   0x08004ad8   Section        0  atan.o(i.atan)
    i.atan2                                  0x08004cf8   Section        0  atan2.o(i.atan2)
    i.sqrt                                   0x08004e78   Section        0  sqrt.o(i.sqrt)
    .constdata                               0x08004ec4   Section       10  24l01.o(.constdata)
    .constdata                               0x08004ed0   Section       80  asin.o(.constdata)
    pS                                       0x08004ed0   Data          48  asin.o(.constdata)
    qS                                       0x08004f00   Data          32  asin.o(.constdata)
    .constdata                               0x08004f20   Section      152  atan.o(.constdata)
    atanhi                                   0x08004f20   Data          32  atan.o(.constdata)
    atanlo                                   0x08004f40   Data          32  atan.o(.constdata)
    aTodd                                    0x08004f60   Data          40  atan.o(.constdata)
    aTeven                                   0x08004f88   Data          48  atan.o(.constdata)
    .constdata                               0x08004fb8   Section        8  qnan.o(.constdata)
    .data                                    0x20000000   Section       20  stm32f10x_rcc.o(.data)
    APBAHBPrescTable                         0x20000000   Data          16  stm32f10x_rcc.o(.data)
    ADCPrescTable                            0x20000010   Data           4  stm32f10x_rcc.o(.data)
    .data                                    0x20000014   Section       20  system_stm32f10x.o(.data)
    .data                                    0x20000028   Section        4  delay.o(.data)
    fac_us                                   0x20000028   Data           1  delay.o(.data)
    fac_ms                                   0x2000002a   Data           2  delay.o(.data)
    .data                                    0x2000002c   Section       36  imu.o(.data)
    .data                                    0x20000050   Section      117  mpu6050.o(.data)
    .data                                    0x200000c8   Section       68  pid.o(.data)
    roll_Out                                 0x200000f4   Data           4  pid.o(.data)
    pitch_Out                                0x200000f8   Data           4  pid.o(.data)
    yaw_Out                                  0x200000fc   Data           4  pid.o(.data)
    roll_i                                   0x20000100   Data           4  pid.o(.data)
    pitch_i                                  0x20000104   Data           4  pid.o(.data)
    yaw_i                                    0x20000108   Data           4  pid.o(.data)
    .data                                    0x2000010c   Section        4  stdout.o(.data)
    .data                                    0x20000110   Section        4  errno.o(.data)
    _errno                                   0x20000110   Data           4  errno.o(.data)
    .bss                                     0x20000114   Section       12  mpu6050.o(.bss)
    .bss                                     0x20000120   Section       48  pid.o(.bss)
    STACK                                    0x20000150   Section     1024  startup_stm32f10x_md.o(STACK)

    Global Symbols

    Symbol Name                              Value     Ov Type        Size  Object(Section)

    BuildAttributes$$THM_ISAv4$P$D$K$B$S$PE$A:L22UL41UL21$X:L11$S22US41US21$IEEE1$IW$USESV6$~STKCKD$USESV7$~SHL$OTIME$ROPI$IEEEX$EBA8$MICROLIB$REQ8$PRES8$EABIv2 0x00000000   Number         0  anon$$obj.o ABSOLUTE
    __ARM_use_no_argv                        0x00000000   Number         0  main.o ABSOLUTE
    _printf_a                                0x00000000   Number         0  stubs.o ABSOLUTE
    _printf_c                                0x00000000   Number         0  stubs.o ABSOLUTE
    _printf_charcount                        0x00000000   Number         0  stubs.o ABSOLUTE
    _printf_d                                0x00000000   Number         0  stubs.o ABSOLUTE
    _printf_e                                0x00000000   Number         0  stubs.o ABSOLUTE
    _printf_f                                0x00000000   Number         0  stubs.o ABSOLUTE
    _printf_flags                            0x00000000   Number         0  stubs.o ABSOLUTE
    _printf_fp_dec                           0x00000000   Number         0  stubs.o ABSOLUTE
    _printf_fp_hex                           0x00000000   Number         0  stubs.o ABSOLUTE
    _printf_g                                0x00000000   Number         0  stubs.o ABSOLUTE
    _printf_i                                0x00000000   Number         0  stubs.o ABSOLUTE
    _printf_int_dec                          0x00000000   Number         0  stubs.o ABSOLUTE
    _printf_l                                0x00000000   Number         0  stubs.o ABSOLUTE
    _printf_lc                               0x00000000   Number         0  stubs.o ABSOLUTE
    _printf_ll                               0x00000000   Number         0  stubs.o ABSOLUTE
    _printf_lld                              0x00000000   Number         0  stubs.o ABSOLUTE
    _printf_lli                              0x00000000   Number         0  stubs.o ABSOLUTE
    _printf_llo                              0x00000000   Number         0  stubs.o ABSOLUTE
    _printf_llu                              0x00000000   Number         0  stubs.o ABSOLUTE
    _printf_llx                              0x00000000   Number         0  stubs.o ABSOLUTE
    _printf_longlong_dec                     0x00000000   Number         0  stubs.o ABSOLUTE
    _printf_longlong_hex                     0x00000000   Number         0  stubs.o ABSOLUTE
    _printf_longlong_oct                     0x00000000   Number         0  stubs.o ABSOLUTE
    _printf_ls                               0x00000000   Number         0  stubs.o ABSOLUTE
    _printf_mbtowc                           0x00000000   Number         0  stubs.o ABSOLUTE
    _printf_n                                0x00000000   Number         0  stubs.o ABSOLUTE
    _printf_o                                0x00000000   Number         0  stubs.o ABSOLUTE
    _printf_p                                0x00000000   Number         0  stubs.o ABSOLUTE
    _printf_percent                          0x00000000   Number         0  stubs.o ABSOLUTE
    _printf_pre_padding                      0x00000000   Number         0  stubs.o ABSOLUTE
    _printf_return_value                     0x00000000   Number         0  stubs.o ABSOLUTE
    _printf_s                                0x00000000   Number         0  stubs.o ABSOLUTE
    _printf_sizespec                         0x00000000   Number         0  stubs.o ABSOLUTE
    _printf_str                              0x00000000   Number         0  stubs.o ABSOLUTE
    _printf_truncate_signed                  0x00000000   Number         0  stubs.o ABSOLUTE
    _printf_truncate_unsigned                0x00000000   Number         0  stubs.o ABSOLUTE
    _printf_u                                0x00000000   Number         0  stubs.o ABSOLUTE
    _printf_wc                               0x00000000   Number         0  stubs.o ABSOLUTE
    _printf_wctomb                           0x00000000   Number         0  stubs.o ABSOLUTE
    _printf_widthprec                        0x00000000   Number         0  stubs.o ABSOLUTE
    _printf_x                                0x00000000   Number         0  stubs.o ABSOLUTE
    __cpp_initialize__aeabi_                  - Undefined Weak Reference
    __cxa_finalize                            - Undefined Weak Reference
    __decompress                              - Undefined Weak Reference
    _clock_init                               - Undefined Weak Reference
    _microlib_exit                            - Undefined Weak Reference
    __Vectors_Size                           0x000000ec   Number         0  startup_stm32f10x_md.o ABSOLUTE
    __Vectors                                0x08000000   Data           4  startup_stm32f10x_md.o(RESET)
    __Vectors_End                            0x080000ec   Data           0  startup_stm32f10x_md.o(RESET)
    __main                                   0x080000ed   Thumb Code     0  entry.o(.ARM.Collect$$$$00000000)
    _main_stk                                0x080000ed   Thumb Code     0  entry2.o(.ARM.Collect$$$$00000001)
    _main_scatterload                        0x080000f1   Thumb Code     0  entry5.o(.ARM.Collect$$$$00000004)
    __main_after_scatterload                 0x080000f5   Thumb Code     0  entry5.o(.ARM.Collect$$$$00000004)
    _main_clock                              0x080000f5   Thumb Code     0  entry7b.o(.ARM.Collect$$$$00000008)
    _main_cpp_init                           0x080000f5   Thumb Code     0  entry8b.o(.ARM.Collect$$$$0000000A)
    _main_init                               0x080000f5   Thumb Code     0  entry9a.o(.ARM.Collect$$$$0000000B)
    __rt_final_cpp                           0x080000fd   Thumb Code     0  entry10a.o(.ARM.Collect$$$$0000000D)
    __rt_final_exit                          0x080000fd   Thumb Code     0  entry11a.o(.ARM.Collect$$$$0000000F)
    Reset_Handler                            0x08000101   Thumb Code     8  startup_stm32f10x_md.o(.text)
    ADC1_2_IRQHandler                        0x0800011b   Thumb Code     0  startup_stm32f10x_md.o(.text)
    CAN1_RX1_IRQHandler                      0x0800011b   Thumb Code     0  startup_stm32f10x_md.o(.text)
    CAN1_SCE_IRQHandler                      0x0800011b   Thumb Code     0  startup_stm32f10x_md.o(.text)
    DMA1_Channel1_IRQHandler                 0x0800011b   Thumb Code     0  startup_stm32f10x_md.o(.text)
    DMA1_Channel2_IRQHandler                 0x0800011b   Thumb Code     0  startup_stm32f10x_md.o(.text)
    DMA1_Channel3_IRQHandler                 0x0800011b   Thumb Code     0  startup_stm32f10x_md.o(.text)
    DMA1_Channel4_IRQHandler                 0x0800011b   Thumb Code     0  startup_stm32f10x_md.o(.text)
    DMA1_Channel5_IRQHandler                 0x0800011b   Thumb Code     0  startup_stm32f10x_md.o(.text)
    DMA1_Channel6_IRQHandler                 0x0800011b   Thumb Code     0  startup_stm32f10x_md.o(.text)
    DMA1_Channel7_IRQHandler                 0x0800011b   Thumb Code     0  startup_stm32f10x_md.o(.text)
    EXTI0_IRQHandler                         0x0800011b   Thumb Code     0  startup_stm32f10x_md.o(.text)
    EXTI15_10_IRQHandler                     0x0800011b   Thumb Code     0  startup_stm32f10x_md.o(.text)
    EXTI1_IRQHandler                         0x0800011b   Thumb Code     0  startup_stm32f10x_md.o(.text)
    EXTI2_IRQHandler                         0x0800011b   Thumb Code     0  startup_stm32f10x_md.o(.text)
    EXTI3_IRQHandler                         0x0800011b   Thumb Code     0  startup_stm32f10x_md.o(.text)
    EXTI4_IRQHandler                         0x0800011b   Thumb Code     0  startup_stm32f10x_md.o(.text)
    EXTI9_5_IRQHandler                       0x0800011b   Thumb Code     0  startup_stm32f10x_md.o(.text)
    FLASH_IRQHandler                         0x0800011b   Thumb Code     0  startup_stm32f10x_md.o(.text)
    I2C1_ER_IRQHandler                       0x0800011b   Thumb Code     0  startup_stm32f10x_md.o(.text)
    I2C1_EV_IRQHandler                       0x0800011b   Thumb Code     0  startup_stm32f10x_md.o(.text)
    I2C2_ER_IRQHandler                       0x0800011b   Thumb Code     0  startup_stm32f10x_md.o(.text)
    I2C2_EV_IRQHandler                       0x0800011b   Thumb Code     0  startup_stm32f10x_md.o(.text)
    PVD_IRQHandler                           0x0800011b   Thumb Code     0  startup_stm32f10x_md.o(.text)
    RCC_IRQHandler                           0x0800011b   Thumb Code     0  startup_stm32f10x_md.o(.text)
    RTCAlarm_IRQHandler                      0x0800011b   Thumb Code     0  startup_stm32f10x_md.o(.text)
    RTC_IRQHandler                           0x0800011b   Thumb Code     0  startup_stm32f10x_md.o(.text)
    SPI1_IRQHandler                          0x0800011b   Thumb Code     0  startup_stm32f10x_md.o(.text)
    SPI2_IRQHandler                          0x0800011b   Thumb Code     0  startup_stm32f10x_md.o(.text)
    TAMPER_IRQHandler                        0x0800011b   Thumb Code     0  startup_stm32f10x_md.o(.text)
    TIM1_BRK_IRQHandler                      0x0800011b   Thumb Code     0  startup_stm32f10x_md.o(.text)
    TIM1_CC_IRQHandler                       0x0800011b   Thumb Code     0  startup_stm32f10x_md.o(.text)
    TIM1_TRG_COM_IRQHandler                  0x0800011b   Thumb Code     0  startup_stm32f10x_md.o(.text)
    TIM1_UP_IRQHandler                       0x0800011b   Thumb Code     0  startup_stm32f10x_md.o(.text)
    TIM2_IRQHandler                          0x0800011b   Thumb Code     0  startup_stm32f10x_md.o(.text)
    TIM3_IRQHandler                          0x0800011b   Thumb Code     0  startup_stm32f10x_md.o(.text)
    TIM4_IRQHandler                          0x0800011b   Thumb Code     0  startup_stm32f10x_md.o(.text)
    USART1_IRQHandler                        0x0800011b   Thumb Code     0  startup_stm32f10x_md.o(.text)
    USART2_IRQHandler                        0x0800011b   Thumb Code     0  startup_stm32f10x_md.o(.text)
    USART3_IRQHandler                        0x0800011b   Thumb Code     0  startup_stm32f10x_md.o(.text)
    USBWakeUp_IRQHandler                     0x0800011b   Thumb Code     0  startup_stm32f10x_md.o(.text)
    USB_HP_CAN1_TX_IRQHandler                0x0800011b   Thumb Code     0  startup_stm32f10x_md.o(.text)
    USB_LP_CAN1_RX0_IRQHandler               0x0800011b   Thumb Code     0  startup_stm32f10x_md.o(.text)
    WWDG_IRQHandler                          0x0800011b   Thumb Code     0  startup_stm32f10x_md.o(.text)
    main                                     0x08000125   Thumb Code   294  main.o(.text)
    NMI_Handler                              0x08000289   Thumb Code     2  stm32f10x_it.o(.text)
    HardFault_Handler                        0x0800028b   Thumb Code     4  stm32f10x_it.o(.text)
    MemManage_Handler                        0x0800028f   Thumb Code     4  stm32f10x_it.o(.text)
    BusFault_Handler                         0x08000293   Thumb Code     4  stm32f10x_it.o(.text)
    UsageFault_Handler                       0x08000297   Thumb Code     4  stm32f10x_it.o(.text)
    SVC_Handler                              0x0800029b   Thumb Code     2  stm32f10x_it.o(.text)
    DebugMon_Handler                         0x0800029d   Thumb Code     2  stm32f10x_it.o(.text)
    PendSV_Handler                           0x0800029f   Thumb Code     2  stm32f10x_it.o(.text)
    SysTick_Handler                          0x080002a1   Thumb Code     2  stm32f10x_it.o(.text)
    GPIO_DeInit                              0x080002a5   Thumb Code   172  stm32f10x_gpio.o(.text)
    GPIO_AFIODeInit                          0x08000351   Thumb Code    20  stm32f10x_gpio.o(.text)
    GPIO_Init                                0x08000365   Thumb Code   278  stm32f10x_gpio.o(.text)
    GPIO_StructInit                          0x0800047b   Thumb Code    16  stm32f10x_gpio.o(.text)
    GPIO_ReadInputDataBit                    0x0800048b   Thumb Code    18  stm32f10x_gpio.o(.text)
    GPIO_ReadInputData                       0x0800049d   Thumb Code     8  stm32f10x_gpio.o(.text)
    GPIO_ReadOutputDataBit                   0x080004a5   Thumb Code    18  stm32f10x_gpio.o(.text)
    GPIO_ReadOutputData                      0x080004b7   Thumb Code     8  stm32f10x_gpio.o(.text)
    GPIO_SetBits                             0x080004bf   Thumb Code     4  stm32f10x_gpio.o(.text)
    GPIO_ResetBits                           0x080004c3   Thumb Code     4  stm32f10x_gpio.o(.text)
    GPIO_WriteBit                            0x080004c7   Thumb Code    10  stm32f10x_gpio.o(.text)
    GPIO_Write                               0x080004d1   Thumb Code     4  stm32f10x_gpio.o(.text)
    GPIO_PinLockConfig                       0x080004d5   Thumb Code    18  stm32f10x_gpio.o(.text)
    GPIO_EventOutputConfig                   0x080004e7   Thumb Code    26  stm32f10x_gpio.o(.text)
    GPIO_EventOutputCmd                      0x08000501   Thumb Code     6  stm32f10x_gpio.o(.text)
    GPIO_PinRemapConfig                      0x08000507   Thumb Code   138  stm32f10x_gpio.o(.text)
    GPIO_EXTILineConfig                      0x08000591   Thumb Code    66  stm32f10x_gpio.o(.text)
    GPIO_ETH_MediaInterfaceConfig            0x080005d3   Thumb Code     8  stm32f10x_gpio.o(.text)
    RCC_DeInit                               0x08000601   Thumb Code    64  stm32f10x_rcc.o(.text)
    RCC_HSEConfig                            0x08000641   Thumb Code    70  stm32f10x_rcc.o(.text)
    RCC_GetFlagStatus                        0x08000687   Thumb Code    56  stm32f10x_rcc.o(.text)
    RCC_WaitForHSEStartUp                    0x080006bf   Thumb Code    56  stm32f10x_rcc.o(.text)
    RCC_AdjustHSICalibrationValue            0x080006f7   Thumb Code    20  stm32f10x_rcc.o(.text)
    RCC_HSICmd                               0x0800070b   Thumb Code     6  stm32f10x_rcc.o(.text)
    RCC_PLLConfig                            0x08000711   Thumb Code    24  stm32f10x_rcc.o(.text)
    RCC_PLLCmd                               0x08000729   Thumb Code     6  stm32f10x_rcc.o(.text)
    RCC_SYSCLKConfig                         0x0800072f   Thumb Code    18  stm32f10x_rcc.o(.text)
    RCC_GetSYSCLKSource                      0x08000741   Thumb Code    10  stm32f10x_rcc.o(.text)
    RCC_HCLKConfig                           0x0800074b   Thumb Code    18  stm32f10x_rcc.o(.text)
    RCC_PCLK1Config                          0x0800075d   Thumb Code    18  stm32f10x_rcc.o(.text)
    RCC_PCLK2Config                          0x0800076f   Thumb Code    20  stm32f10x_rcc.o(.text)
    RCC_ITConfig                             0x08000783   Thumb Code    26  stm32f10x_rcc.o(.text)
    RCC_USBCLKConfig                         0x0800079d   Thumb Code     8  stm32f10x_rcc.o(.text)
    RCC_ADCCLKConfig                         0x080007a5   Thumb Code    18  stm32f10x_rcc.o(.text)
    RCC_LSEConfig                            0x080007b7   Thumb Code    50  stm32f10x_rcc.o(.text)
    RCC_LSICmd                               0x080007e9   Thumb Code     6  stm32f10x_rcc.o(.text)
    RCC_RTCCLKConfig                         0x080007ef   Thumb Code    12  stm32f10x_rcc.o(.text)
    RCC_RTCCLKCmd                            0x080007fb   Thumb Code     8  stm32f10x_rcc.o(.text)
    RCC_GetClocksFreq                        0x08000803   Thumb Code   192  stm32f10x_rcc.o(.text)
    RCC_AHBPeriphClockCmd                    0x080008c3   Thumb Code    26  stm32f10x_rcc.o(.text)
    RCC_APB2PeriphClockCmd                   0x080008dd   Thumb Code    26  stm32f10x_rcc.o(.text)
    RCC_APB1PeriphClockCmd                   0x080008f7   Thumb Code    26  stm32f10x_rcc.o(.text)
    RCC_APB2PeriphResetCmd                   0x08000911   Thumb Code    26  stm32f10x_rcc.o(.text)
    RCC_APB1PeriphResetCmd                   0x0800092b   Thumb Code    26  stm32f10x_rcc.o(.text)
    RCC_BackupResetCmd                       0x08000945   Thumb Code     8  stm32f10x_rcc.o(.text)
    RCC_ClockSecuritySystemCmd               0x0800094d   Thumb Code     6  stm32f10x_rcc.o(.text)
    RCC_MCOConfig                            0x08000953   Thumb Code     6  stm32f10x_rcc.o(.text)
    RCC_ClearFlag                            0x08000959   Thumb Code    14  stm32f10x_rcc.o(.text)
    RCC_GetITStatus                          0x08000967   Thumb Code    20  stm32f10x_rcc.o(.text)
    RCC_ClearITPendingBit                    0x0800097b   Thumb Code     6  stm32f10x_rcc.o(.text)
    USART_DeInit                             0x080009a9   Thumb Code   134  stm32f10x_usart.o(.text)
    USART_Init                               0x08000a2f   Thumb Code   210  stm32f10x_usart.o(.text)
    USART_StructInit                         0x08000b01   Thumb Code    24  stm32f10x_usart.o(.text)
    USART_ClockInit                          0x08000b19   Thumb Code    34  stm32f10x_usart.o(.text)
    USART_ClockStructInit                    0x08000b3b   Thumb Code    12  stm32f10x_usart.o(.text)
    USART_Cmd                                0x08000b47   Thumb Code    24  stm32f10x_usart.o(.text)
    USART_ITConfig                           0x08000b5f   Thumb Code    74  stm32f10x_usart.o(.text)
    USART_DMACmd                             0x08000ba9   Thumb Code    18  stm32f10x_usart.o(.text)
    USART_SetAddress                         0x08000bbb   Thumb Code    18  stm32f10x_usart.o(.text)
    USART_WakeUpConfig                       0x08000bcd   Thumb Code    18  stm32f10x_usart.o(.text)
    USART_ReceiverWakeUpCmd                  0x08000bdf   Thumb Code    24  stm32f10x_usart.o(.text)
    USART_LINBreakDetectLengthConfig         0x08000bf7   Thumb Code    18  stm32f10x_usart.o(.text)
    USART_LINCmd                             0x08000c09   Thumb Code    24  stm32f10x_usart.o(.text)
    USART_SendData                           0x08000c21   Thumb Code     8  stm32f10x_usart.o(.text)
    USART_ReceiveData                        0x08000c29   Thumb Code    10  stm32f10x_usart.o(.text)
    USART_SendBreak                          0x08000c33   Thumb Code    10  stm32f10x_usart.o(.text)
    USART_SetGuardTime                       0x08000c3d   Thumb Code    16  stm32f10x_usart.o(.text)
    USART_SetPrescaler                       0x08000c4d   Thumb Code    16  stm32f10x_usart.o(.text)
    USART_SmartCardCmd                       0x08000c5d   Thumb Code    24  stm32f10x_usart.o(.text)
    USART_SmartCardNACKCmd                   0x08000c75   Thumb Code    24  stm32f10x_usart.o(.text)
    USART_HalfDuplexCmd                      0x08000c8d   Thumb Code    24  stm32f10x_usart.o(.text)
    USART_OverSampling8Cmd                   0x08000ca5   Thumb Code    22  stm32f10x_usart.o(.text)
    USART_OneBitMethodCmd                    0x08000cbb   Thumb Code    24  stm32f10x_usart.o(.text)
    USART_IrDAConfig                         0x08000cd3   Thumb Code    18  stm32f10x_usart.o(.text)
    USART_IrDACmd                            0x08000ce5   Thumb Code    24  stm32f10x_usart.o(.text)
    USART_GetFlagStatus                      0x08000cfd   Thumb Code    26  stm32f10x_usart.o(.text)
    USART_ClearFlag                          0x08000d17   Thumb Code    18  stm32f10x_usart.o(.text)
    USART_GetITStatus                        0x08000d29   Thumb Code    84  stm32f10x_usart.o(.text)
    USART_ClearITPendingBit                  0x08000d7d   Thumb Code    52  stm32f10x_usart.o(.text)
    TIM_DeInit                               0x08000db1   Thumb Code   424  stm32f10x_tim.o(.text)
    TIM_TimeBaseInit                         0x08000f59   Thumb Code   122  stm32f10x_tim.o(.text)
    TIM_OC1Init                              0x08000fd3   Thumb Code   132  stm32f10x_tim.o(.text)
    TIM_OC2Init                              0x08001057   Thumb Code   154  stm32f10x_tim.o(.text)
    TIM_OC3Init                              0x080010f1   Thumb Code   150  stm32f10x_tim.o(.text)
    TIM_OC4Init                              0x08001187   Thumb Code   182  stm32f10x_tim.o(.text)
    TIM_SetIC4Prescaler                      0x0800123d   Thumb Code    26  stm32f10x_tim.o(.text)
    TIM_SetIC3Prescaler                      0x080012d9   Thumb Code    18  stm32f10x_tim.o(.text)
    TIM_SetIC2Prescaler                      0x08001365   Thumb Code    26  stm32f10x_tim.o(.text)
    TIM_SetIC1Prescaler                      0x08001401   Thumb Code    18  stm32f10x_tim.o(.text)
    TIM_ICInit                               0x0800147f   Thumb Code   150  stm32f10x_tim.o(.text)
    TIM_PWMIConfig                           0x08001515   Thumb Code   124  stm32f10x_tim.o(.text)
    TIM_BDTRConfig                           0x08001591   Thumb Code    32  stm32f10x_tim.o(.text)
    TIM_TimeBaseStructInit                   0x080015b1   Thumb Code    18  stm32f10x_tim.o(.text)
    TIM_OCStructInit                         0x080015c3   Thumb Code    20  stm32f10x_tim.o(.text)
    TIM_ICStructInit                         0x080015d7   Thumb Code    18  stm32f10x_tim.o(.text)
    TIM_BDTRStructInit                       0x080015e9   Thumb Code    40  stm32f10x_tim.o(.text)
    TIM_Cmd                                  0x08001611   Thumb Code    24  stm32f10x_tim.o(.text)
    TIM_CtrlPWMOutputs                       0x08001629   Thumb Code    30  stm32f10x_tim.o(.text)
    TIM_ITConfig                             0x08001647   Thumb Code    18  stm32f10x_tim.o(.text)
    TIM_GenerateEvent                        0x08001659   Thumb Code     4  stm32f10x_tim.o(.text)
    TIM_DMAConfig                            0x0800165d   Thumb Code    10  stm32f10x_tim.o(.text)
    TIM_DMACmd                               0x08001667   Thumb Code    18  stm32f10x_tim.o(.text)
    TIM_InternalClockConfig                  0x08001679   Thumb Code    12  stm32f10x_tim.o(.text)
    TIM_SelectInputTrigger                   0x08001685   Thumb Code    18  stm32f10x_tim.o(.text)
    TIM_ITRxExternalClockConfig              0x08001697   Thumb Code    24  stm32f10x_tim.o(.text)
    TIM_TIxExternalClockConfig               0x080016af   Thumb Code    62  stm32f10x_tim.o(.text)
    TIM_ETRConfig                            0x080016ed   Thumb Code    28  stm32f10x_tim.o(.text)
    TIM_ETRClockMode1Config                  0x08001709   Thumb Code    54  stm32f10x_tim.o(.text)
    TIM_ETRClockMode2Config                  0x0800173f   Thumb Code    32  stm32f10x_tim.o(.text)
    TIM_PrescalerConfig                      0x0800175f   Thumb Code     6  stm32f10x_tim.o(.text)
    TIM_CounterModeConfig                    0x08001765   Thumb Code    18  stm32f10x_tim.o(.text)
    TIM_EncoderInterfaceConfig               0x08001777   Thumb Code    66  stm32f10x_tim.o(.text)
    TIM_ForcedOC1Config                      0x080017b9   Thumb Code    18  stm32f10x_tim.o(.text)
    TIM_ForcedOC2Config                      0x080017cb   Thumb Code    26  stm32f10x_tim.o(.text)
    TIM_ForcedOC3Config                      0x080017e5   Thumb Code    18  stm32f10x_tim.o(.text)
    TIM_ForcedOC4Config                      0x080017f7   Thumb Code    26  stm32f10x_tim.o(.text)
    TIM_ARRPreloadConfig                     0x08001811   Thumb Code    24  stm32f10x_tim.o(.text)
    TIM_SelectCOM                            0x08001829   Thumb Code    24  stm32f10x_tim.o(.text)
    TIM_SelectCCDMA                          0x08001841   Thumb Code    24  stm32f10x_tim.o(.text)
    TIM_CCPreloadControl                     0x08001859   Thumb Code    24  stm32f10x_tim.o(.text)
    TIM_OC1PreloadConfig                     0x08001871   Thumb Code    18  stm32f10x_tim.o(.text)
    TIM_OC2PreloadConfig                     0x08001883   Thumb Code    26  stm32f10x_tim.o(.text)
    TIM_OC3PreloadConfig                     0x0800189d   Thumb Code    18  stm32f10x_tim.o(.text)
    TIM_OC4PreloadConfig                     0x080018af   Thumb Code    26  stm32f10x_tim.o(.text)
    TIM_OC1FastConfig                        0x080018c9   Thumb Code    18  stm32f10x_tim.o(.text)
    TIM_OC2FastConfig                        0x080018db   Thumb Code    26  stm32f10x_tim.o(.text)
    TIM_OC3FastConfig                        0x080018f5   Thumb Code    18  stm32f10x_tim.o(.text)
    TIM_OC4FastConfig                        0x08001907   Thumb Code    26  stm32f10x_tim.o(.text)
    TIM_ClearOC1Ref                          0x08001921   Thumb Code    18  stm32f10x_tim.o(.text)
    TIM_ClearOC2Ref                          0x08001933   Thumb Code    24  stm32f10x_tim.o(.text)
    TIM_ClearOC3Ref                          0x0800194b   Thumb Code    18  stm32f10x_tim.o(.text)
    TIM_ClearOC4Ref                          0x0800195d   Thumb Code    24  stm32f10x_tim.o(.text)
    TIM_OC1PolarityConfig                    0x08001975   Thumb Code    18  stm32f10x_tim.o(.text)
    TIM_OC1NPolarityConfig                   0x08001987   Thumb Code    18  stm32f10x_tim.o(.text)
    TIM_OC2PolarityConfig                    0x08001999   Thumb Code    26  stm32f10x_tim.o(.text)
    TIM_OC2NPolarityConfig                   0x080019b3   Thumb Code    26  stm32f10x_tim.o(.text)
    TIM_OC3PolarityConfig                    0x080019cd   Thumb Code    26  stm32f10x_tim.o(.text)
    TIM_OC3NPolarityConfig                   0x080019e7   Thumb Code    26  stm32f10x_tim.o(.text)
    TIM_OC4PolarityConfig                    0x08001a01   Thumb Code    26  stm32f10x_tim.o(.text)
    TIM_CCxCmd                               0x08001a1b   Thumb Code    30  stm32f10x_tim.o(.text)
    TIM_CCxNCmd                              0x08001a39   Thumb Code    30  stm32f10x_tim.o(.text)
    TIM_SelectOCxM                           0x08001a57   Thumb Code    82  stm32f10x_tim.o(.text)
    TIM_UpdateDisableConfig                  0x08001aa9   Thumb Code    24  stm32f10x_tim.o(.text)
    TIM_UpdateRequestConfig                  0x08001ac1   Thumb Code    24  stm32f10x_tim.o(.text)
    TIM_SelectHallSensor                     0x08001ad9   Thumb Code    24  stm32f10x_tim.o(.text)
    TIM_SelectOnePulseMode                   0x08001af1   Thumb Code    18  stm32f10x_tim.o(.text)
    TIM_SelectOutputTrigger                  0x08001b03   Thumb Code    18  stm32f10x_tim.o(.text)
    TIM_SelectSlaveMode                      0x08001b15   Thumb Code    18  stm32f10x_tim.o(.text)
    TIM_SelectMasterSlaveMode                0x08001b27   Thumb Code    18  stm32f10x_tim.o(.text)
    TIM_SetCounter                           0x08001b39   Thumb Code     4  stm32f10x_tim.o(.text)
    TIM_SetAutoreload                        0x08001b3d   Thumb Code     4  stm32f10x_tim.o(.text)
    TIM_SetCompare1                          0x08001b41   Thumb Code     4  stm32f10x_tim.o(.text)
    TIM_SetCompare2                          0x08001b45   Thumb Code     4  stm32f10x_tim.o(.text)
    TIM_SetCompare3                          0x08001b49   Thumb Code     4  stm32f10x_tim.o(.text)
    TIM_SetCompare4                          0x08001b4d   Thumb Code     6  stm32f10x_tim.o(.text)
    TIM_SetClockDivision                     0x08001b53   Thumb Code    18  stm32f10x_tim.o(.text)
    TIM_GetCapture1                          0x08001b65   Thumb Code     6  stm32f10x_tim.o(.text)
    TIM_GetCapture2                          0x08001b6b   Thumb Code     6  stm32f10x_tim.o(.text)
    TIM_GetCapture3                          0x08001b71   Thumb Code     6  stm32f10x_tim.o(.text)
    TIM_GetCapture4                          0x08001b77   Thumb Code     8  stm32f10x_tim.o(.text)
    TIM_GetCounter                           0x08001b7f   Thumb Code     6  stm32f10x_tim.o(.text)
    TIM_GetPrescaler                         0x08001b85   Thumb Code     6  stm32f10x_tim.o(.text)
    TIM_GetFlagStatus                        0x08001b8b   Thumb Code    18  stm32f10x_tim.o(.text)
    TIM_ClearFlag                            0x08001b9d   Thumb Code     6  stm32f10x_tim.o(.text)
    TIM_GetITStatus                          0x08001ba3   Thumb Code    34  stm32f10x_tim.o(.text)
    TIM_ClearITPendingBit                    0x08001bc5   Thumb Code     6  stm32f10x_tim.o(.text)
    SPI_I2S_DeInit                           0x08001bcd   Thumb Code    76  stm32f10x_spi.o(.text)
    SPI_Init                                 0x08001c19   Thumb Code    60  stm32f10x_spi.o(.text)
    I2S_Init                                 0x08001c55   Thumb Code   226  stm32f10x_spi.o(.text)
    SPI_StructInit                           0x08001d37   Thumb Code    24  stm32f10x_spi.o(.text)
    I2S_StructInit                           0x08001d4f   Thumb Code    20  stm32f10x_spi.o(.text)
    SPI_Cmd                                  0x08001d63   Thumb Code    24  stm32f10x_spi.o(.text)
    I2S_Cmd                                  0x08001d7b   Thumb Code    24  stm32f10x_spi.o(.text)
    SPI_I2S_ITConfig                         0x08001d93   Thumb Code    32  stm32f10x_spi.o(.text)
    SPI_I2S_DMACmd                           0x08001db3   Thumb Code    18  stm32f10x_spi.o(.text)
    SPI_I2S_SendData                         0x08001dc5   Thumb Code     4  stm32f10x_spi.o(.text)
    SPI_I2S_ReceiveData                      0x08001dc9   Thumb Code     6  stm32f10x_spi.o(.text)
    SPI_NSSInternalSoftwareConfig            0x08001dcf   Thumb Code    30  stm32f10x_spi.o(.text)
    SPI_SSOutputCmd                          0x08001ded   Thumb Code    24  stm32f10x_spi.o(.text)
    SPI_DataSizeConfig                       0x08001e05   Thumb Code    18  stm32f10x_spi.o(.text)
    SPI_TransmitCRC                          0x08001e17   Thumb Code    10  stm32f10x_spi.o(.text)
    SPI_CalculateCRC                         0x08001e21   Thumb Code    24  stm32f10x_spi.o(.text)
    SPI_GetCRC                               0x08001e39   Thumb Code    16  stm32f10x_spi.o(.text)
    SPI_GetCRCPolynomial                     0x08001e49   Thumb Code     6  stm32f10x_spi.o(.text)
    SPI_BiDirectionalLineConfig              0x08001e4f   Thumb Code    28  stm32f10x_spi.o(.text)
    SPI_I2S_GetFlagStatus                    0x08001e6b   Thumb Code    18  stm32f10x_spi.o(.text)
    SPI_I2S_ClearFlag                        0x08001e7d   Thumb Code     6  stm32f10x_spi.o(.text)
    SPI_I2S_GetITStatus                      0x08001e83   Thumb Code    52  stm32f10x_spi.o(.text)
    SPI_I2S_ClearITPendingBit                0x08001eb7   Thumb Code    20  stm32f10x_spi.o(.text)
    SystemInit                               0x08001fb7   Thumb Code    78  system_stm32f10x.o(.text)
    SystemCoreClockUpdate                    0x08002005   Thumb Code   142  system_stm32f10x.o(.text)
    SysTick_Init                             0x080020bd   Thumb Code    48  delay.o(.text)
    delay_ms                                 0x080020ed   Thumb Code    56  delay.o(.text)
    delay_us                                 0x08002125   Thumb Code    56  delay.o(.text)
    RCC_HSE_Configuration                    0x08002165   Thumb Code   122  hseconf.o(.text)
    LED_Init                                 0x080021e5   Thumb Code    38  led.o(.text)
    LED_Flash                                0x0800220b   Thumb Code    56  led.o(.text)
    USART1_Config                            0x08002249   Thumb Code   112  usart.o(.text)
    fputc                                    0x080022b9   Thumb Code    32  usart.o(.text)
    fgetc                                    0x080022d9   Thumb Code    26  usart.o(.text)
    IIC_Init                                 0x080022fd   Thumb Code    62  iic.o(.text)
    IIC_Start                                0x0800233b   Thumb Code    72  iic.o(.text)
    IIC_Stop                                 0x08002383   Thumb Code    66  iic.o(.text)
    IIC_Wait_Ack                             0x080023c5   Thumb Code    90  iic.o(.text)
    IIC_Ack                                  0x0800241f   Thumb Code    70  iic.o(.text)
    IIC_NAck                                 0x08002465   Thumb Code    70  iic.o(.text)
    IIC_Send_Byte                            0x080024ab   Thumb Code   112  iic.o(.text)
    IIC_Read_Byte                            0x0800251b   Thumb Code    88  iic.o(.text)
    Initial_Timer3                           0x08002581   Thumb Code   186  imu.o(.text)
    micros                                   0x0800263b   Thumb Code    20  imu.o(.text)
    IMU_Quateration_Update                   0x0800264f   Thumb Code  1126  imu.o(.text)
    IMU_getQ                                 0x08002ab5   Thumb Code   176  imu.o(.text)
    IMU_getYawPitchRoll                      0x08002b65   Thumb Code   436  imu.o(.text)
    Single_Write_Mpu6050                     0x08002d4d   Thumb Code    36  mpu6050.o(.text)
    Single_Read_Mpu6050                      0x08002d71   Thumb Code    52  mpu6050.o(.text)
    Mpu6050init                              0x08002da5   Thumb Code    70  mpu6050.o(.text)
    Read_Mpu6050                             0x08002deb   Thumb Code   948  mpu6050.o(.text)
    Mpu6050_Init_offset                      0x0800319f   Thumb Code   384  mpu6050.o(.text)
    TIM2_Init                                0x08003345   Thumb Code    52  motor.o(.text)
    MOT1_GPIO_init                           0x08003379   Thumb Code    38  motor.o(.text)
    MOT1_PWM_init                            0x0800339f   Thumb Code    48  motor.o(.text)
    MOT2_GPIO_init                           0x080033cf   Thumb Code    38  motor.o(.text)
    MOT2_PWM_init                            0x080033f5   Thumb Code    48  motor.o(.text)
    MOT0_GPIO_init                           0x08003425   Thumb Code    38  motor.o(.text)
    MOT0_PWM_init                            0x0800344b   Thumb Code    48  motor.o(.text)
    MOT3_GPIO_init                           0x0800347b   Thumb Code    38  motor.o(.text)
    MOT3_PWM_init                            0x080034a1   Thumb Code    48  motor.o(.text)
    MOT_GPIO_init                            0x080034d1   Thumb Code    20  motor.o(.text)
    MOT_PWM_init                             0x080034e5   Thumb Code    20  motor.o(.text)
    NRF24L01_Init                            0x080034fd   Thumb Code   188  24l01.o(.text)
    NRF24L01_Read_Buf                        0x080035b9   Thumb Code    56  24l01.o(.text)
    NRF24L01_Write_Buf                       0x080035f1   Thumb Code    56  24l01.o(.text)
    NRF24L01_Check                           0x08003629   Thumb Code    72  24l01.o(.text)
    NRF24L01_Write_Reg                       0x08003671   Thumb Code    38  24l01.o(.text)
    NRF24L01_Read_Reg                        0x08003697   Thumb Code    36  24l01.o(.text)
    NRF24L01_TxPacket                        0x080036bb   Thumb Code    94  24l01.o(.text)
    NRF24L01_RxPacket                        0x08003719   Thumb Code    58  24l01.o(.text)
    NRF24L01_RX_Mode                         0x08003753   Thumb Code    76  24l01.o(.text)
    NRF24L01_TX_Mode                         0x0800379f   Thumb Code    86  24l01.o(.text)
    SPI1_ReadWriteByte                       0x08003821   Thumb Code    78  spi.o(.text)
    SPI1_Init                                0x0800386f   Thumb Code   136  spi.o(.text)
    SPI1_SetSpeed                            0x080038f7   Thumb Code    36  spi.o(.text)
    PID_Init                                 0x08003925   Thumb Code    38  pid.o(.text)
    PID_Set                                  0x0800394b   Thumb Code   676  pid.o(.text)
    Set_PWM                                  0x08003bef   Thumb Code   120  pid.o(.text)
    __aeabi_memset                           0x08003ccd   Thumb Code    14  memseta.o(.text)
    __aeabi_memset4                          0x08003ccd   Thumb Code     0  memseta.o(.text)
    __aeabi_memset8                          0x08003ccd   Thumb Code     0  memseta.o(.text)
    __aeabi_memclr                           0x08003cdb   Thumb Code     4  memseta.o(.text)
    __aeabi_memclr4                          0x08003cdb   Thumb Code     0  memseta.o(.text)
    __aeabi_memclr8                          0x08003cdb   Thumb Code     0  memseta.o(.text)
    _memset$wrapper                          0x08003cdf   Thumb Code    18  memseta.o(.text)
    __aeabi_fadd                             0x08003cf1   Thumb Code   164  fadd.o(.text)
    __aeabi_fsub                             0x08003d95   Thumb Code     6  fadd.o(.text)
    __aeabi_frsub                            0x08003d9b   Thumb Code     6  fadd.o(.text)
    __aeabi_fmul                             0x08003da1   Thumb Code   100  fmul.o(.text)
    __aeabi_fdiv                             0x08003e05   Thumb Code   124  fdiv.o(.text)
    __aeabi_dadd                             0x08003e81   Thumb Code   322  dadd.o(.text)
    __aeabi_dsub                             0x08003fc3   Thumb Code     6  dadd.o(.text)
    __aeabi_drsub                            0x08003fc9   Thumb Code     6  dadd.o(.text)
    __aeabi_dmul                             0x08003fcf   Thumb Code   228  dmul.o(.text)
    __aeabi_ddiv                             0x080040b3   Thumb Code   222  ddiv.o(.text)
    __aeabi_i2f                              0x08004191   Thumb Code    18  fflti.o(.text)
    __aeabi_ui2f                             0x080041a3   Thumb Code    10  ffltui.o(.text)
    __aeabi_i2d                              0x080041ad   Thumb Code    34  dflti.o(.text)
    __aeabi_f2iz                             0x080041cf   Thumb Code    50  ffixi.o(.text)
    __aeabi_d2iz                             0x08004201   Thumb Code    62  dfixi.o(.text)
    __aeabi_f2d                              0x0800423f   Thumb Code    38  f2d.o(.text)
    __aeabi_cdcmpeq                          0x08004265   Thumb Code     0  cdcmple.o(.text)
    __aeabi_cdcmple                          0x08004265   Thumb Code    48  cdcmple.o(.text)
    __aeabi_cdrcmple                         0x08004295   Thumb Code    48  cdrcmple.o(.text)
    __aeabi_d2f                              0x080042c5   Thumb Code    56  d2f.o(.text)
    __aeabi_cfcmpeq                          0x080042fd   Thumb Code     0  cfcmple.o(.text)
    __aeabi_cfcmple                          0x080042fd   Thumb Code    20  cfcmple.o(.text)
    __aeabi_cfrcmple                         0x08004311   Thumb Code    20  cfrcmple.o(.text)
    __aeabi_uidiv                            0x08004325   Thumb Code     0  uidiv.o(.text)
    __aeabi_uidivmod                         0x08004325   Thumb Code    44  uidiv.o(.text)
    __aeabi_llsl                             0x08004351   Thumb Code    30  llshl.o(.text)
    _ll_shift_l                              0x08004351   Thumb Code     0  llshl.o(.text)
    __aeabi_llsr                             0x0800436f   Thumb Code    32  llushr.o(.text)
    _ll_ushift_r                             0x0800436f   Thumb Code     0  llushr.o(.text)
    __aeabi_lasr                             0x0800438f   Thumb Code    36  llsshr.o(.text)
    _ll_sshift_r                             0x0800438f   Thumb Code     0  llsshr.o(.text)
    __I$use$fp                               0x080043b3   Thumb Code     0  iusefp.o(.text)
    _float_round                             0x080043b3   Thumb Code    18  fepilogue.o(.text)
    _float_epilogue                          0x080043c5   Thumb Code    92  fepilogue.o(.text)
    _double_round                            0x08004421   Thumb Code    30  depilogue.o(.text)
    _double_epilogue                         0x0800443f   Thumb Code   156  depilogue.o(.text)
    __ARM_scalbn                             0x080044db   Thumb Code    46  dscalb.o(.text)
    scalbn                                   0x080044db   Thumb Code     0  dscalb.o(.text)
    _dsqrt                                   0x08004509   Thumb Code   162  dsqrt.o(.text)
    __scatterload                            0x080045ad   Thumb Code    28  init.o(.text)
    __scatterload_rt2                        0x080045ad   Thumb Code     0  init.o(.text)
    __0printf$1                              0x080045d1   Thumb Code    22  printf1.o(i.__0printf$1)
    __1printf$1                              0x080045d1   Thumb Code     0  printf1.o(i.__0printf$1)
    __2printf                                0x080045d1   Thumb Code     0  printf1.o(i.__0printf$1)
    __ARM_fpclassify                         0x080045f1   Thumb Code    40  fpclassify.o(i.__ARM_fpclassify)
    __kernel_poly                            0x08004619   Thumb Code   170  poly.o(i.__kernel_poly)
    __mathlib_dbl_infnan                     0x080046c3   Thumb Code     6  dunder.o(i.__mathlib_dbl_infnan)
    __mathlib_dbl_infnan2                    0x080046c9   Thumb Code     4  dunder.o(i.__mathlib_dbl_infnan2)
    __mathlib_dbl_invalid                    0x080046cd   Thumb Code    12  dunder.o(i.__mathlib_dbl_invalid)
    __mathlib_dbl_underflow                  0x080046d9   Thumb Code    10  dunder.o(i.__mathlib_dbl_underflow)
    __scatterload_copy                       0x080046e9   Thumb Code    14  handlers.o(i.__scatterload_copy)
    __scatterload_null                       0x080046f7   Thumb Code     2  handlers.o(i.__scatterload_null)
    __scatterload_zeroinit                   0x080046f9   Thumb Code    14  handlers.o(i.__scatterload_zeroinit)
    __set_errno                              0x08004709   Thumb Code     6  errno.o(i.__set_errno)
    asin                                     0x08004869   Thumb Code   572  asin.o(i.asin)
    atan                                     0x08004ad9   Thumb Code   474  atan.o(i.atan)
    atan2                                    0x08004cf9   Thumb Code   346  atan2.o(i.atan2)
    sqrt                                     0x08004e79   Thumb Code    76  sqrt.o(i.sqrt)
    TX_ADDRESS                               0x08004ec4   Data           5  24l01.o(.constdata)
    RX_ADDRESS                               0x08004ec9   Data           5  24l01.o(.constdata)
    __mathlib_zero                           0x08004fb8   Data           8  qnan.o(.constdata)
    Region$$Table$$Base                      0x08004fc0   Number         0  anon$$obj.o(Region$$Table)
    Region$$Table$$Limit                     0x08004fe0   Number         0  anon$$obj.o(Region$$Table)
    SystemCoreClock                          0x20000014   Data           4  system_stm32f10x.o(.data)
    AHBPrescTable                            0x20000018   Data          16  system_stm32f10x.o(.data)
    lastUpdate                               0x2000002c   Data           4  imu.o(.data)
    now                                      0x20000030   Data           4  imu.o(.data)
    q0                                       0x20000034   Data           4  imu.o(.data)
    q1                                       0x20000038   Data           4  imu.o(.data)
    q2                                       0x2000003c   Data           4  imu.o(.data)
    q3                                       0x20000040   Data           4  imu.o(.data)
    exInt                                    0x20000044   Data           4  imu.o(.data)
    eyInt                                    0x20000048   Data           4  imu.o(.data)
    ezInt                                    0x2000004c   Data           4  imu.o(.data)
    GYRO_X_last                              0x20000050   Data           2  mpu6050.o(.data)
    GYRO_Y_last                              0x20000052   Data           2  mpu6050.o(.data)
    GYRO_Z_last                              0x20000054   Data           2  mpu6050.o(.data)
    ACCEL_X_last                             0x20000056   Data           2  mpu6050.o(.data)
    ACCEL_Y_last                             0x20000058   Data           2  mpu6050.o(.data)
    ACCEL_Z_last                             0x2000005a   Data           2  mpu6050.o(.data)
    fGYRO_X                                  0x2000005c   Data           4  mpu6050.o(.data)
    fGYRO_Y                                  0x20000060   Data           4  mpu6050.o(.data)
    fGYRO_Z                                  0x20000064   Data           4  mpu6050.o(.data)
    fACCEL_X                                 0x20000068   Data           4  mpu6050.o(.data)
    fACCEL_Y                                 0x2000006c   Data           4  mpu6050.o(.data)
    fACCEL_Z                                 0x20000070   Data           4  mpu6050.o(.data)
    Angle_accX                               0x20000074   Data           4  mpu6050.o(.data)
    Angle_accY                               0x20000078   Data           4  mpu6050.o(.data)
    Angle_accZ                               0x2000007c   Data           4  mpu6050.o(.data)
    Angle_gyroX                              0x20000080   Data           4  mpu6050.o(.data)
    Angle_gyroY                              0x20000084   Data           4  mpu6050.o(.data)
    Angle_gyroZ                              0x20000088   Data           4  mpu6050.o(.data)
    Gx_offset                                0x20000090   Data           8  mpu6050.o(.data)
    Gy_offset                                0x20000098   Data           8  mpu6050.o(.data)
    Gz_offset                                0x200000a0   Data           8  mpu6050.o(.data)
    Ax_offset                                0x200000a8   Data           8  mpu6050.o(.data)
    Ay_offset                                0x200000b0   Data           8  mpu6050.o(.data)
    Az_offset                                0x200000b8   Data           8  mpu6050.o(.data)
    Mpu6050_init_offset_OK                   0x200000c0   Data           4  mpu6050.o(.data)
    ID                                       0x200000c4   Data           1  mpu6050.o(.data)
    expRoll                                  0x200000c8   Data           4  pid.o(.data)
    expPitch                                 0x200000cc   Data           4  pid.o(.data)
    surYaw                                   0x200000d0   Data           4  pid.o(.data)
    surRoll                                  0x200000d4   Data           4  pid.o(.data)
    surPitch                                 0x200000d8   Data           4  pid.o(.data)
    diffYaw                                  0x200000dc   Data           4  pid.o(.data)
    diffRoll                                 0x200000e0   Data           4  pid.o(.data)
    diffPitch                                0x200000e4   Data           4  pid.o(.data)
    motor0                                   0x200000e8   Data           2  pid.o(.data)
    motor1                                   0x200000ea   Data           2  pid.o(.data)
    motor2                                   0x200000ec   Data           2  pid.o(.data)
    motor3                                   0x200000ee   Data           2  pid.o(.data)
    expThro                                  0x200000f0   Data           4  pid.o(.data)
    __stdout                                 0x2000010c   Data           4  stdout.o(.data)
    BUF                                      0x20000114   Data          12  mpu6050.o(.bss)
    PID_ROLL                                 0x20000120   Data          16  pid.o(.bss)
    PID_PITCH                                0x20000130   Data          16  pid.o(.bss)
    PID_YAW                                  0x20000140   Data          16  pid.o(.bss)
    __initial_sp                             0x20000550   Data           0  startup_stm32f10x_md.o(STACK)



==============================================================================

Memory Map of the image

  Image Entry point : 0x080000ed

  Load Region LR_IROM1 (Base: 0x08000000, Size: 0x000050f4, Max: 0x00010000, ABSOLUTE)

    Execution Region ER_IROM1 (Base: 0x08000000, Size: 0x00004fe0, Max: 0x00010000, ABSOLUTE)

    Base Addr    Size         Type   Attr      Idx    E Section Name        Object

    0x08000000   0x000000ec   Data   RO            3    RESET               startup_stm32f10x_md.o
    0x080000ec   0x00000000   Code   RO          497  * .ARM.Collect$$$$00000000  mc_w.l(entry.o)
    0x080000ec   0x00000004   Code   RO          816    .ARM.Collect$$$$00000001  mc_w.l(entry2.o)
    0x080000f0   0x00000004   Code   RO          819    .ARM.Collect$$$$00000004  mc_w.l(entry5.o)
    0x080000f4   0x00000000   Code   RO          821    .ARM.Collect$$$$00000008  mc_w.l(entry7b.o)
    0x080000f4   0x00000000   Code   RO          823    .ARM.Collect$$$$0000000A  mc_w.l(entry8b.o)
    0x080000f4   0x00000008   Code   RO          824    .ARM.Collect$$$$0000000B  mc_w.l(entry9a.o)
    0x080000fc   0x00000000   Code   RO          826    .ARM.Collect$$$$0000000D  mc_w.l(entry10a.o)
    0x080000fc   0x00000000   Code   RO          828    .ARM.Collect$$$$0000000F  mc_w.l(entry11a.o)
    0x080000fc   0x00000004   Code   RO          817    .ARM.Collect$$$$00002712  mc_w.l(entry2.o)
    0x08000100   0x00000024   Code   RO            4    .text               startup_stm32f10x_md.o
    0x08000124   0x00000164   Code   RO           10    .text               main.o
    0x08000288   0x0000001a   Code   RO          161    .text               stm32f10x_it.o
    0x080002a2   0x00000002   PAD
    0x080002a4   0x0000035c   Code   RO          188    .text               stm32f10x_gpio.o
    0x08000600   0x000003a8   Code   RO          200    .text               stm32f10x_rcc.o
    0x080009a8   0x00000408   Code   RO          214    .text               stm32f10x_usart.o
    0x08000db0   0x00000e1a   Code   RO          238    .text               stm32f10x_tim.o
    0x08001bca   0x00000002   PAD
    0x08001bcc   0x0000030c   Code   RO          250    .text               stm32f10x_spi.o
    0x08001ed8   0x000001e4   Code   RO          272    .text               system_stm32f10x.o
    0x080020bc   0x000000a8   Code   RO          296    .text               delay.o
    0x08002164   0x00000080   Code   RO          310    .text               hseconf.o
    0x080021e4   0x00000064   Code   RO          322    .text               led.o
    0x08002248   0x000000b4   Code   RO          346    .text               usart.o
    0x080022fc   0x00000284   Code   RO          358    .text               iic.o
    0x08002580   0x000007cc   Code   RO          370    .text               imu.o
    0x08002d4c   0x000005f8   Code   RO          386    .text               mpu6050.o
    0x08003344   0x000001b8   Code   RO          402    .text               motor.o
    0x080034fc   0x00000324   Code   RO          414    .text               24l01.o
    0x08003820   0x00000104   Code   RO          429    .text               spi.o
    0x08003924   0x000003a8   Code   RO          441    .text               pid.o
    0x08003ccc   0x00000024   Code   RO          500    .text               mc_w.l(memseta.o)
    0x08003cf0   0x000000b0   Code   RO          763    .text               mf_w.l(fadd.o)
    0x08003da0   0x00000064   Code   RO          765    .text               mf_w.l(fmul.o)
    0x08003e04   0x0000007c   Code   RO          767    .text               mf_w.l(fdiv.o)
    0x08003e80   0x0000014e   Code   RO          769    .text               mf_w.l(dadd.o)
    0x08003fce   0x000000e4   Code   RO          771    .text               mf_w.l(dmul.o)
    0x080040b2   0x000000de   Code   RO          773    .text               mf_w.l(ddiv.o)
    0x08004190   0x00000012   Code   RO          775    .text               mf_w.l(fflti.o)
    0x080041a2   0x0000000a   Code   RO          777    .text               mf_w.l(ffltui.o)
    0x080041ac   0x00000022   Code   RO          779    .text               mf_w.l(dflti.o)
    0x080041ce   0x00000032   Code   RO          781    .text               mf_w.l(ffixi.o)
    0x08004200   0x0000003e   Code   RO          783    .text               mf_w.l(dfixi.o)
    0x0800423e   0x00000026   Code   RO          785    .text               mf_w.l(f2d.o)
    0x08004264   0x00000030   Code   RO          787    .text               mf_w.l(cdcmple.o)
    0x08004294   0x00000030   Code   RO          789    .text               mf_w.l(cdrcmple.o)
    0x080042c4   0x00000038   Code   RO          791    .text               mf_w.l(d2f.o)
    0x080042fc   0x00000014   Code   RO          793    .text               mf_w.l(cfcmple.o)
    0x08004310   0x00000014   Code   RO          795    .text               mf_w.l(cfrcmple.o)
    0x08004324   0x0000002c   Code   RO          831    .text               mc_w.l(uidiv.o)
    0x08004350   0x0000001e   Code   RO          835    .text               mc_w.l(llshl.o)
    0x0800436e   0x00000020   Code   RO          837    .text               mc_w.l(llushr.o)
    0x0800438e   0x00000024   Code   RO          839    .text               mc_w.l(llsshr.o)
    0x080043b2   0x00000000   Code   RO          848    .text               mc_w.l(iusefp.o)
    0x080043b2   0x0000006e   Code   RO          849    .text               mf_w.l(fepilogue.o)
    0x08004420   0x000000ba   Code   RO          851    .text               mf_w.l(depilogue.o)
    0x080044da   0x0000002e   Code   RO          853    .text               mf_w.l(dscalb.o)
    0x08004508   0x000000a2   Code   RO          855    .text               mf_w.l(dsqrt.o)
    0x080045aa   0x00000002   PAD
    0x080045ac   0x00000024   Code   RO          859    .text               mc_w.l(init.o)
    0x080045d0   0x00000020   Code   RO          547    i.__0printf$1       mc_w.l(printf1.o)
    0x080045f0   0x00000028   Code   RO          811    i.__ARM_fpclassify  m_ws.l(fpclassify.o)
    0x08004618   0x000000aa   Code   RO          813    i.__kernel_poly     m_ws.l(poly.o)
    0x080046c2   0x00000006   Code   RO          798    i.__mathlib_dbl_infnan  m_ws.l(dunder.o)
    0x080046c8   0x00000004   Code   RO          799    i.__mathlib_dbl_infnan2  m_ws.l(dunder.o)
    0x080046cc   0x0000000c   Code   RO          800    i.__mathlib_dbl_invalid  m_ws.l(dunder.o)
    0x080046d8   0x00000010   Code   RO          803    i.__mathlib_dbl_underflow  m_ws.l(dunder.o)
    0x080046e8   0x0000000e   Code   RO          863    i.__scatterload_copy  mc_w.l(handlers.o)
    0x080046f6   0x00000002   Code   RO          864    i.__scatterload_null  mc_w.l(handlers.o)
    0x080046f8   0x0000000e   Code   RO          865    i.__scatterload_zeroinit  mc_w.l(handlers.o)
    0x08004706   0x00000002   PAD
    0x08004708   0x0000000c   Code   RO          843    i.__set_errno       mc_w.l(errno.o)
    0x08004714   0x00000154   Code   RO          554    i._printf_core      mc_w.l(printf1.o)
    0x08004868   0x00000270   Code   RO          462    i.asin              m_ws.l(asin.o)
    0x08004ad8   0x00000220   Code   RO          472    i.atan              m_ws.l(atan.o)
    0x08004cf8   0x00000180   Code   RO          482    i.atan2             m_ws.l(atan2.o)
    0x08004e78   0x0000004c   Code   RO          490    i.sqrt              m_ws.l(sqrt.o)
    0x08004ec4   0x0000000a   Data   RO          415    .constdata          24l01.o
    0x08004ece   0x00000002   PAD
    0x08004ed0   0x00000050   Data   RO          463    .constdata          m_ws.l(asin.o)
    0x08004f20   0x00000098   Data   RO          473    .constdata          m_ws.l(atan.o)
    0x08004fb8   0x00000008   Data   RO          815    .constdata          m_ws.l(qnan.o)
    0x08004fc0   0x00000020   Data   RO          861    Region$$Table       anon$$obj.o


    Execution Region RW_IRAM1 (Base: 0x20000000, Size: 0x00000550, Max: 0x00005000, ABSOLUTE)

    Base Addr    Size         Type   Attr      Idx    E Section Name        Object

    0x20000000   0x00000014   Data   RW          201    .data               stm32f10x_rcc.o
    0x20000014   0x00000014   Data   RW          273    .data               system_stm32f10x.o
    0x20000028   0x00000004   Data   RW          297    .data               delay.o
    0x2000002c   0x00000024   Data   RW          371    .data               imu.o
    0x20000050   0x00000075   Data   RW          388    .data               mpu6050.o
    0x200000c5   0x00000003   PAD
    0x200000c8   0x00000044   Data   RW          443    .data               pid.o
    0x2000010c   0x00000004   Data   RW          830    .data               mc_w.l(stdout.o)
    0x20000110   0x00000004   Data   RW          844    .data               mc_w.l(errno.o)
    0x20000114   0x0000000c   Zero   RW          387    .bss                mpu6050.o
    0x20000120   0x00000030   Zero   RW          442    .bss                pid.o
    0x20000150   0x00000400   Zero   RW            1    STACK               startup_stm32f10x_md.o


==============================================================================

Image component sizes


      Code (inc. data)   RO Data    RW Data    ZI Data      Debug   Object Name

       804         44         10          0          0       3635   24l01.o
       168          8          0          4          0       1085   delay.o
       128          6          0          0          0        548   hseconf.o
       644         14          0          0          0       1812   iic.o
      1996        104          0         36          0       3004   imu.o
       100          6          0          0          0        713   led.o
       356         62          0          0          0     259157   main.o
       440          4          0          0          0       2191   motor.o
      1528        178          0        117         12       3367   mpu6050.o
       936        102          0         68         48       1984   pid.o
       260         10          0          0          0       1117   spi.o
        36          8        236          0       1024        868   startup_stm32f10x_md.o
       860         38          0          0          0       5649   stm32f10x_gpio.o
        26          0          0          0          0       1214   stm32f10x_it.o
       936         40          0         20          0       8836   stm32f10x_rcc.o
       780         14          0          0          0       6526   stm32f10x_spi.o
      3610         88          0          0          0      22132   stm32f10x_tim.o
      1032         22          0          0          0       8372   stm32f10x_usart.o
       484         42          0         20          0       1871   system_stm32f10x.o
       180         10          0          0          0       1024   usart.o

    ----------------------------------------------------------------------
     15308        800        280        268       1084     335105   Object Totals
         0          0         32          0          0          0   (incl. Generated)
         4          0          2          3          0          0   (incl. Padding)

    ----------------------------------------------------------------------

      Code (inc. data)   RO Data    RW Data    ZI Data      Debug   Library Member Name

       624         52         80          0          0        168   asin.o
       544         70        152          0          0        124   atan.o
       384         38          0          0          0        144   atan2.o
        38          6          0          0          0        272   dunder.o
        40          0          0          0          0         68   fpclassify.o
       170          0          0          0          0         96   poly.o
         0          0          8          0          0          0   qnan.o
        76          0          0          0          0         84   sqrt.o
         0          0          0          0          0          0   entry.o
         0          0          0          0          0          0   entry10a.o
         0          0          0          0          0          0   entry11a.o
         8          4          0          0          0          0   entry2.o
         4          0          0          0          0          0   entry5.o
         0          0          0          0          0          0   entry7b.o
         0          0          0          0          0          0   entry8b.o
         8          4          0          0          0          0   entry9a.o
        12          6          0          4          0         68   errno.o
        30          0          0          0          0          0   handlers.o
        36          8          0          0          0         68   init.o
         0          0          0          0          0          0   iusefp.o
        30          0          0          0          0         68   llshl.o
        36          0          0          0          0         68   llsshr.o
        32          0          0          0          0         68   llushr.o
        36          0          0          0          0        108   memseta.o
       372         14          0          0          0        184   printf1.o
         0          0          0          4          0          0   stdout.o
        44          0          0          0          0         80   uidiv.o
        48          0          0          0          0         68   cdcmple.o
        48          0          0          0          0         68   cdrcmple.o
        20          0          0          0          0         68   cfcmple.o
        20          0          0          0          0         68   cfrcmple.o
        56          0          0          0          0         88   d2f.o
       334          0          0          0          0        148   dadd.o
       222          0          0          0          0        100   ddiv.o
       186          0          0          0          0        176   depilogue.o
        62          0          0          0          0         80   dfixi.o
        34          0          0          0          0         76   dflti.o
       228          0          0          0          0         96   dmul.o
        46          0          0          0          0         80   dscalb.o
       162          0          0          0          0        100   dsqrt.o
        38          0          0          0          0         68   f2d.o
       176          0          0          0          0        140   fadd.o
       124          0          0          0          0         88   fdiv.o
       110          0          0          0          0        168   fepilogue.o
        50          0          0          0          0         68   ffixi.o
        18          0          0          0          0         68   fflti.o
        10          0          0          0          0         68   ffltui.o
       100          0          0          0          0         76   fmul.o

    ----------------------------------------------------------------------
      4620        202        240          8          0       3628   Library Totals
         4          0          0          0          0          0   (incl. Padding)

    ----------------------------------------------------------------------

      Code (inc. data)   RO Data    RW Data    ZI Data      Debug   Library Name

      1876        166        240          0          0        956   m_ws.l
       648         36          0          8          0        712   mc_w.l
      2092          0          0          0          0       1960   mf_w.l

    ----------------------------------------------------------------------
      4620        202        240          8          0       3628   Library Totals

    ----------------------------------------------------------------------

==============================================================================


      Code (inc. data)   RO Data    RW Data    ZI Data      Debug   

     19928       1002        520        276       1084     335453   Grand Totals
     19928       1002        520        276       1084     335453   ELF Image Totals
     19928       1002        520        276          0          0   ROM Totals

==============================================================================

    Total RO  Size (Code + RO Data)                20448 (  19.97kB)
    Total RW  Size (RW Data + ZI Data)              1360 (   1.33kB)
    Total ROM Size (Code + RO Data + RW Data)      20724 (  20.24kB)

==============================================================================

