<html>
<body>
<pre>
<h1>礦ision Build Log</h1>
<h2>Tool Versions:</h2>
IDE-Version: μVision V5.15
Copyright (C) 2015 ARM Ltd and ARM Germany GmbH. All rights reserved.
License Information: RE SGF, FGF, LIC=----
 
Tool Versions:
Toolchain:       MDK-Lite  Version: 5.15.0
Toolchain Path:  C:\Keil_v5\ARM\ARMCC\Bin
C Compiler:      Armcc.exe V5.05 update 2 (build 169)
Assembler:       Armasm.exe V5.05 update 2 (build 169)
Linker/Locator:  ArmLink.exe V5.05 update 2 (build 169)
Library Manager: ArmAr.exe V5.05 update 2 (build 169)
Hex Converter:   FromElf.exe V5.05 update 2 (build 169)
CPU DLL:         SARMCM3.DLL V5.15.0
Dialog DLL:      DARMSTM.DLL V1.65.0.0
Target DLL:      Segger\JL2CM3.dll V2.99.15.0
Dialog DLL:      TARMSTM.DLL V1.64.0.0
 
<h2>Project:</h2>
D:\future\科研\Program for Dragon2\实验32 无线通信实验\USER\NRF24L01.uvprojx
Project File Date:  04/21/2015

<h2>Output:</h2>
*** Using Compiler 'V5.05 update 2 (build 169)', folder: 'C:\Keil_v5\ARM\ARMCC\Bin'
Rebuild target 'Target 1'
compiling main.c...
main.c(95): warning:  #223-D: function "strcpy" declared implicitly
                                strcpy(tmp_buf,"start");
main.c(100): warning:  #223-D: function "strcpy" declared implicitly
                                strcpy(tmp_buf,"stop");
main.c(106): warning:  #223-D: function "strcpy" declared implicitly
                                strcpy(tmp_buf,"+    ");
main.c(112): warning:  #223-D: function "strcpy" declared implicitly
                                strcpy(tmp_buf,"-    ");
main.c(14): warning:  #177-D: variable "mode" was declared but never referenced
        u8 key, mode;
main.c(15): warning:  #177-D: variable "t" was declared but never referenced
        u16 t = 0;
main.c(17): warning:  #177-D: variable "count" was declared but never referenced
        u32 count=0;
main.c: 7 warnings, 0 errors
compiling stm32f10x_it.c...
compiling system_stm32f10x.c...
compiling led.c...
compiling key.c...
compiling lcd.c...
compiling spi.c...
compiling 24l01.c...
compiling delay.c...
compiling sys.c...
compiling usart.c...
compiling core_cm3.c...
assembling startup_stm32f10x_hd.s...
compiling misc.c...
compiling stm32f10x_fsmc.c...
compiling stm32f10x_gpio.c...
compiling stm32f10x_rcc.c...
compiling stm32f10x_spi.c...
compiling stm32f10x_usart.c...
linking...
Program Size: Code=18564 RO-data=3048 RW-data=60 ZI-data=1844  
FromELF: creating hex file...
"..\OBJ\NRF24L01.axf" - 0 Error(s), 7 Warning(s).

<h2>Collection of Component include folders:</h2>
  D:\future\科研\Program for Dragon2\实验32 无线通信实验\USER\RTE
  C:\Keil_v5\ARM\PACK\Keil\STM32F1xx_DFP\1.1.0\Device\Include

<h2>Collection of Component Files used:</h2>
</pre>
</body>
</html>
