<html>
<body>
<pre>
<h1>µVision Build Log</h1>
<h2>Tool Versions:</h2>
IDE-Version: ¦ÌVision V5.15
Copyright (C) 2015 ARM Ltd and ARM Germany GmbH. All rights reserved.
License Information: RE SGF, FGF, LIC=YA3AR-KG3G9-VEZHA-152PN-H1EV6-CWPQ6
 
Tool Versions:
Toolchain:       MDK-ARM Standard  Version: 5.15.0
Toolchain Path:  C:\Keil_v5\ARM\ARMCC\Bin
C Compiler:      Armcc.exe V5.05 update 2 (build 169)
Assembler:       Armasm.exe V5.05 update 2 (build 169)
Linker/Locator:  ArmLink.exe V5.05 update 2 (build 169)
Library Manager: ArmAr.exe V5.05 update 2 (build 169)
Hex Converter:   FromElf.exe V5.05 update 2 (build 169)
CPU DLL:         SARMCM3.DLL V5.15.0
Dialog DLL:      DCM.DLL V1.13.2.0
Target DLL:      Segger\JL2CM3.dll V2.99.15.0
Dialog DLL:      TCM.DLL V1.14.5.0
 
<h2>Project:</h2>
D:\future\Sceince\recover\ANO\CONTROL\User\Project.uvprojx
Project File Date:  12/06/2016

<h2>Output:</h2>
*** Using Compiler 'V5.05 update 2 (build 169)', folder: 'C:\Keil_v5\ARM\ARMCC\Bin'
Rebuild target 'STM32_Project'
assembling startup_stm32f10x_md.s...
compiling main.c...
compiling stm32f10x_it.c...
compiling misc.c...
compiling stm32f10x_gpio.c...
compiling stm32f10x_rcc.c...
compiling stm32f10x_usart.c...
compiling stm32f10x_i2c.c...
compiling stm32f10x_tim.c...
compiling stm32f10x_dma.c...
compiling stm32f10x_adc.c...
compiling stm32f10x_spi.c...
compiling core_cm3.c...
compiling system_stm32f10x.c...
compiling config.c...
compiling delay.c...
compiling LED.c...
compiling adc.c...
compiling sys.c...
compiling usart.c...
compiling 24l01.c...
..\Hardware\24l01.c(174): warning:  #940-D: missing return statement at end of non-void function "NRF24L01_TxPacket_AP"
  }
..\Hardware\24l01.c(169): warning:  #177-D: variable "sta" was declared but never referenced
        u8 sta;
..\Hardware\24l01.c: 2 warnings, 0 errors
compiling spi.c...
compiling tim.c...
compiling nvic.c...
compiling Key.c...
compiling Rc.c...
..\Hardware\Rc.c(51): warning:  #177-D: variable "rc_throttle" was declared but never referenced
        static u16 rc_throttle = 0;
..\Hardware\Rc.c(52): warning:  #177-D: variable "gap" was declared but never referenced
        static u16 gap;
..\Hardware\Rc.c(64): warning:  #177-D: variable "middle" was declared but never referenced
        static u8 middle = 1;
..\Hardware\Rc.c: 3 warnings, 0 errors
linking...
Program Size: Code=16008 RO-data=280 RW-data=120 ZI-data=1248  
FromELF: creating hex file...
"..\Output\Project.axf" - 0 Error(s), 5 Warning(s).

<h2>Software Packages used:</h2>

Package Vendor: ARM
                http://www.keil.com/pack/ARM.CMSIS.4.3.0.pack
                ARM::CMSIS:CORE:4.1.0
                CMSIS (Cortex Microcontroller Software Interface Standard)
   * Component: CORE Version: 4.1.0

<h2>Collection of Component include folders:</h2>
  D:\future\Sceince\recover\ANO\CONTROL\User\RTE
  C:\Keil_v5\ARM\PACK\ARM\CMSIS\4.3.0\CMSIS\Include
  C:\Keil_v5\ARM\PACK\Keil\STM32F1xx_DFP\1.1.0\Device\Include

<h2>Collection of Component Files used:</h2>

   * Component: ARM::CMSIS:CORE:4.1.0
</pre>
</body>
</html>
