<html>
<body>
<pre>
<h1>礦ision Build Log</h1>
<h2>Tool Versions:</h2>
IDE-Version: μVision V5.15
Copyright (C) 2015 ARM Ltd and ARM Germany GmbH. All rights reserved.
License Information: RE SGF, FGF, LIC=----
 
Tool Versions:
Toolchain:       MDK-Lite  Version: 5.15.0
Toolchain Path:  C:\Keil_v5\ARM\ARMCC\Bin
C Compiler:      Armcc.exe V5.05 update 2 (build 169)
Assembler:       Armasm.exe V5.05 update 2 (build 169)
Linker/Locator:  ArmLink.exe V5.05 update 2 (build 169)
Library Manager: ArmAr.exe V5.05 update 2 (build 169)
Hex Converter:   FromElf.exe V5.05 update 2 (build 169)
CPU DLL:         SARMCM3.DLL V5.15.0
Dialog DLL:      DARMSTM.DLL V1.65.0.0
Target DLL:      Segger\JL2CM3.dll V2.99.15.0
Dialog DLL:      TARMSTM.DLL V1.64.0.0
 
<h2>Project:</h2>
D:\future\科研\Program for Dragon2\ANO\User\Project.uvprojx
Project File Date:  07/14/2015

<h2>Output:</h2>
*** Using Compiler 'V5.05 update 2 (build 169)', folder: 'C:\Keil_v5\ARM\ARMCC\Bin'
Rebuild target 'STM32_Project'
assembling startup_stm32f10x_md.s...
compiling main.c...
main.c(9): warning:  #177-D: variable "i" was declared but never referenced
        int i;          //璁?鏁?鍙?閲?
main.c(10): warning:  #177-D: variable "Send_Count" was declared but never referenced
        unsigned char Send_Count; //涓?鍙?闇�瑕?鍙?閫?鐨?鏁?鎹?涓?鏁?
main.c: 2 warnings, 0 errors
compiling stm32f10x_it.c...
compiling misc.c...
compiling stm32f10x_gpio.c...
compiling stm32f10x_rcc.c...
compiling stm32f10x_usart.c...
compiling stm32f10x_i2c.c...
compiling stm32f10x_tim.c...
compiling core_cm3.c...
compiling system_stm32f10x.c...
compiling config.c...
compiling delay.c...
compiling HSEconf.c...
compiling LED.c...
compiling sys.c...
compiling usart.c...
compiling IIC.c...
compiling IMU.C...
compiling MPU6050.c...
compiling DataScope.c...
..\Hardware\DataScope.c(47): warning:  #111-D: statement is unreachable
                 case 1:   DataScope_OutPut_Buffer[5]  =  5; return  6; break;   
..\Hardware\DataScope.c(48): warning:  #111-D: statement is unreachable
                 case 2:   DataScope_OutPut_Buffer[9]  =  9; return 10; break;
..\Hardware\DataScope.c(49): warning:  #111-D: statement is unreachable
                 case 3:   DataScope_OutPut_Buffer[13] = 13; return 14; break;
..\Hardware\DataScope.c(50): warning:  #111-D: statement is unreachable
                 case 4:   DataScope_OutPut_Buffer[17] = 17; return 18; break;
..\Hardware\DataScope.c(51): warning:  #111-D: statement is unreachable
                 case 5:   DataScope_OutPut_Buffer[21] = 21; return 22; break; 
..\Hardware\DataScope.c(52): warning:  #111-D: statement is unreachable
                 case 6:   DataScope_OutPut_Buffer[25] = 25; return 26; break;
..\Hardware\DataScope.c(53): warning:  #111-D: statement is unreachable
                 case 7:   DataScope_OutPut_Buffer[29] = 29; return 30; break;
..\Hardware\DataScope.c(54): warning:  #111-D: statement is unreachable
                 case 8:   DataScope_OutPut_Buffer[33] = 33; return 34; break;
..\Hardware\DataScope.c(55): warning:  #111-D: statement is unreachable
                 case 9:   DataScope_OutPut_Buffer[37] = 37; return 38; break;
..\Hardware\DataScope.c(56): warning:  #111-D: statement is unreachable
       case 10:  DataScope_OutPut_Buffer[41] = 41; return 42; break;
..\Hardware\DataScope.c: 10 warnings, 0 errors
compiling wave.c...
linking...
Program Size: Code=16732 RO-data=508 RW-data=204 ZI-data=1052  
FromELF: creating hex file...
"..\Output\Project.axf" - 0 Error(s), 12 Warning(s).

<h2>Software Packages used:</h2>

Package Vendor: ARM
                http://www.keil.com/pack/ARM.CMSIS.4.3.0.pack
                ARM::CMSIS:CORE:4.1.0
                CMSIS (Cortex Microcontroller Software Interface Standard)
   * Component: CORE Version: 4.1.0

<h2>Collection of Component include folders:</h2>
  D:\future\科研\Program for Dragon2\ANO\User\RTE
  C:\Keil_v5\ARM\PACK\ARM\CMSIS\4.3.0\CMSIS\Include
  C:\Keil_v5\ARM\PACK\Keil\STM32F1xx_DFP\1.1.0\Device\Include

<h2>Collection of Component Files used:</h2>

   * Component: ARM::CMSIS:CORE:4.1.0
</pre>
</body>
</html>
