<html>
<body>
<pre>
<h1>µVision Build Log</h1>
<h2>Tool Versions:</h2>
IDE-Version: ¶ÃVision V5.14.0.0
Copyright (C) 2015 ARM Ltd and ARM Germany GmbH. All rights reserved.
License Information: M K, D, LIC=8VR63-ATEKU-PZIWB-285A6-48UHB-IHFET
 
Tool Versions:
Toolchain:       MDK-ARM Standard  Version: 5.14.0.0
Toolchain Path:  E:\Program Files\MDK-ARM\ARM\ARMCC\Bin
C Compiler:      Armcc.exe V5.05 update 1 (build 106)
Assembler:       Armasm.exe V5.05 update 1 (build 106)
Linker/Locator:  ArmLink.exe V5.05 update 1 (build 106)
Library Manager: ArmAr.exe V5.05 update 1 (build 106)
Hex Converter:   FromElf.exe V5.05 update 1 (build 106)
CPU DLL:         SARMCM3.DLL V5.14.0.0
Dialog DLL:      DARMSTM.DLL V1.65.0.0
Target DLL:      Segger\JL2CM3.dll V2.99.13.0
Dialog DLL:      TARMSTM.DLL V1.64.0.0
 
<h2>Project:</h2>
D:\Postgraduate\Scientific\Program\Program for Dragon2\2015-04-18 MPU6050+IIC+USART+16M TIM34»Ì µ ±+TIM2 PWM\User\Project.uvproj
Project File Date:  04/18/2015

<h2>Output:</h2>
Rebuild target 'STM32_Project'
assembling startup_stm32f10x_md.s...
compiling main.c...
..\Hardware\MOTOR.h(6): warning:  #1295-D: Deprecated declaration MOT0_GPIO_init - give arg types
  void MOT0_GPIO_init();
..\Hardware\MOTOR.h(7): warning:  #1295-D: Deprecated declaration MOT0_PWM_init - give arg types
  void MOT0_PWM_init();
..\Hardware\MOTOR.h(8): warning:  #1295-D: Deprecated declaration MOT1_GPIO_init - give arg types
  void MOT1_GPIO_init();
..\Hardware\MOTOR.h(9): warning:  #1295-D: Deprecated declaration MOT1_PWM_init - give arg types
  void MOT1_PWM_init();
..\Hardware\MOTOR.h(10): warning:  #1295-D: Deprecated declaration MOT2_GPIO_init - give arg types
  void MOT2_GPIO_init();
..\Hardware\MOTOR.h(11): warning:  #1295-D: Deprecated declaration MOT2_PWM_init - give arg types
  void MOT2_PWM_init();
..\Hardware\MOTOR.h(12): warning:  #1295-D: Deprecated declaration MOT3_GPIO_init - give arg types
  void MOT3_GPIO_init();
..\Hardware\MOTOR.h(13): warning:  #1295-D: Deprecated declaration MOT3_PWM_init - give arg types
  void MOT3_PWM_init();
..\Hardware\MOTOR.h(14): warning:  #1295-D: Deprecated declaration MOT_GPIO_init - give arg types
  void MOT_GPIO_init();
..\Hardware\MOTOR.h(15): warning:  #1295-D: Deprecated declaration MOT_PWM_init - give arg types
  void MOT_PWM_init();
main.c: 10 warnings, 0 errors
compiling stm32f10x_it.c...
compiling misc.c...
compiling stm32f10x_gpio.c...
compiling stm32f10x_rcc.c...
compiling stm32f10x_usart.c...
compiling stm32f10x_i2c.c...
compiling stm32f10x_tim.c...
compiling core_cm3.c...
compiling system_stm32f10x.c...
compiling config.c...
..\Hardware\MOTOR.h(6): warning:  #1295-D: Deprecated declaration MOT0_GPIO_init - give arg types
  void MOT0_GPIO_init();
..\Hardware\MOTOR.h(7): warning:  #1295-D: Deprecated declaration MOT0_PWM_init - give arg types
  void MOT0_PWM_init();
..\Hardware\MOTOR.h(8): warning:  #1295-D: Deprecated declaration MOT1_GPIO_init - give arg types
  void MOT1_GPIO_init();
..\Hardware\MOTOR.h(9): warning:  #1295-D: Deprecated declaration MOT1_PWM_init - give arg types
  void MOT1_PWM_init();
..\Hardware\MOTOR.h(10): warning:  #1295-D: Deprecated declaration MOT2_GPIO_init - give arg types
  void MOT2_GPIO_init();
..\Hardware\MOTOR.h(11): warning:  #1295-D: Deprecated declaration MOT2_PWM_init - give arg types
  void MOT2_PWM_init();
..\Hardware\MOTOR.h(12): warning:  #1295-D: Deprecated declaration MOT3_GPIO_init - give arg types
  void MOT3_GPIO_init();
..\Hardware\MOTOR.h(13): warning:  #1295-D: Deprecated declaration MOT3_PWM_init - give arg types
  void MOT3_PWM_init();
..\Hardware\MOTOR.h(14): warning:  #1295-D: Deprecated declaration MOT_GPIO_init - give arg types
  void MOT_GPIO_init();
..\Hardware\MOTOR.h(15): warning:  #1295-D: Deprecated declaration MOT_PWM_init - give arg types
  void MOT_PWM_init();
..\Hardware\config.c: 10 warnings, 0 errors
compiling delay.c...
compiling HSEconf.c...
..\Hardware\MOTOR.h(6): warning:  #1295-D: Deprecated declaration MOT0_GPIO_init - give arg types
  void MOT0_GPIO_init();
..\Hardware\MOTOR.h(7): warning:  #1295-D: Deprecated declaration MOT0_PWM_init - give arg types
  void MOT0_PWM_init();
..\Hardware\MOTOR.h(8): warning:  #1295-D: Deprecated declaration MOT1_GPIO_init - give arg types
  void MOT1_GPIO_init();
..\Hardware\MOTOR.h(9): warning:  #1295-D: Deprecated declaration MOT1_PWM_init - give arg types
  void MOT1_PWM_init();
..\Hardware\MOTOR.h(10): warning:  #1295-D: Deprecated declaration MOT2_GPIO_init - give arg types
  void MOT2_GPIO_init();
..\Hardware\MOTOR.h(11): warning:  #1295-D: Deprecated declaration MOT2_PWM_init - give arg types
  void MOT2_PWM_init();
..\Hardware\MOTOR.h(12): warning:  #1295-D: Deprecated declaration MOT3_GPIO_init - give arg types
  void MOT3_GPIO_init();
..\Hardware\MOTOR.h(13): warning:  #1295-D: Deprecated declaration MOT3_PWM_init - give arg types
  void MOT3_PWM_init();
..\Hardware\MOTOR.h(14): warning:  #1295-D: Deprecated declaration MOT_GPIO_init - give arg types
  void MOT_GPIO_init();
..\Hardware\MOTOR.h(15): warning:  #1295-D: Deprecated declaration MOT_PWM_init - give arg types
  void MOT_PWM_init();
..\Hardware\HSEconf.c: 10 warnings, 0 errors
compiling LED.c...
..\Hardware\MOTOR.h(6): warning:  #1295-D: Deprecated declaration MOT0_GPIO_init - give arg types
  void MOT0_GPIO_init();
..\Hardware\MOTOR.h(7): warning:  #1295-D: Deprecated declaration MOT0_PWM_init - give arg types
  void MOT0_PWM_init();
..\Hardware\MOTOR.h(8): warning:  #1295-D: Deprecated declaration MOT1_GPIO_init - give arg types
  void MOT1_GPIO_init();
..\Hardware\MOTOR.h(9): warning:  #1295-D: Deprecated declaration MOT1_PWM_init - give arg types
  void MOT1_PWM_init();
..\Hardware\MOTOR.h(10): warning:  #1295-D: Deprecated declaration MOT2_GPIO_init - give arg types
  void MOT2_GPIO_init();
..\Hardware\MOTOR.h(11): warning:  #1295-D: Deprecated declaration MOT2_PWM_init - give arg types
  void MOT2_PWM_init();
..\Hardware\MOTOR.h(12): warning:  #1295-D: Deprecated declaration MOT3_GPIO_init - give arg types
  void MOT3_GPIO_init();
..\Hardware\MOTOR.h(13): warning:  #1295-D: Deprecated declaration MOT3_PWM_init - give arg types
  void MOT3_PWM_init();
..\Hardware\MOTOR.h(14): warning:  #1295-D: Deprecated declaration MOT_GPIO_init - give arg types
  void MOT_GPIO_init();
..\Hardware\MOTOR.h(15): warning:  #1295-D: Deprecated declaration MOT_PWM_init - give arg types
  void MOT_PWM_init();
..\Hardware\LED.c: 10 warnings, 0 errors
compiling sys.c...
compiling usart.c...
compiling IIC.c...
..\Hardware\MOTOR.h(6): warning:  #1295-D: Deprecated declaration MOT0_GPIO_init - give arg types
  void MOT0_GPIO_init();
..\Hardware\MOTOR.h(7): warning:  #1295-D: Deprecated declaration MOT0_PWM_init - give arg types
  void MOT0_PWM_init();
..\Hardware\MOTOR.h(8): warning:  #1295-D: Deprecated declaration MOT1_GPIO_init - give arg types
  void MOT1_GPIO_init();
..\Hardware\MOTOR.h(9): warning:  #1295-D: Deprecated declaration MOT1_PWM_init - give arg types
  void MOT1_PWM_init();
..\Hardware\MOTOR.h(10): warning:  #1295-D: Deprecated declaration MOT2_GPIO_init - give arg types
  void MOT2_GPIO_init();
..\Hardware\MOTOR.h(11): warning:  #1295-D: Deprecated declaration MOT2_PWM_init - give arg types
  void MOT2_PWM_init();
..\Hardware\MOTOR.h(12): warning:  #1295-D: Deprecated declaration MOT3_GPIO_init - give arg types
  void MOT3_GPIO_init();
..\Hardware\MOTOR.h(13): warning:  #1295-D: Deprecated declaration MOT3_PWM_init - give arg types
  void MOT3_PWM_init();
..\Hardware\MOTOR.h(14): warning:  #1295-D: Deprecated declaration MOT_GPIO_init - give arg types
  void MOT_GPIO_init();
..\Hardware\MOTOR.h(15): warning:  #1295-D: Deprecated declaration MOT_PWM_init - give arg types
  void MOT_PWM_init();
..\Hardware\IIC.c: 10 warnings, 0 errors
compiling IMU.C...
..\Hardware\MOTOR.h(6): warning:  #1295-D: Deprecated declaration MOT0_GPIO_init - give arg types
  void MOT0_GPIO_init();
..\Hardware\MOTOR.h(7): warning:  #1295-D: Deprecated declaration MOT0_PWM_init - give arg types
  void MOT0_PWM_init();
..\Hardware\MOTOR.h(8): warning:  #1295-D: Deprecated declaration MOT1_GPIO_init - give arg types
  void MOT1_GPIO_init();
..\Hardware\MOTOR.h(9): warning:  #1295-D: Deprecated declaration MOT1_PWM_init - give arg types
  void MOT1_PWM_init();
..\Hardware\MOTOR.h(10): warning:  #1295-D: Deprecated declaration MOT2_GPIO_init - give arg types
  void MOT2_GPIO_init();
..\Hardware\MOTOR.h(11): warning:  #1295-D: Deprecated declaration MOT2_PWM_init - give arg types
  void MOT2_PWM_init();
..\Hardware\MOTOR.h(12): warning:  #1295-D: Deprecated declaration MOT3_GPIO_init - give arg types
  void MOT3_GPIO_init();
..\Hardware\MOTOR.h(13): warning:  #1295-D: Deprecated declaration MOT3_PWM_init - give arg types
  void MOT3_PWM_init();
..\Hardware\MOTOR.h(14): warning:  #1295-D: Deprecated declaration MOT_GPIO_init - give arg types
  void MOT_GPIO_init();
..\Hardware\MOTOR.h(15): warning:  #1295-D: Deprecated declaration MOT_PWM_init - give arg types
  void MOT_PWM_init();
..\Hardware\IMU.C: 10 warnings, 0 errors
compiling MPU6050.c...
..\Hardware\MOTOR.h(6): warning:  #1295-D: Deprecated declaration MOT0_GPIO_init - give arg types
  void MOT0_GPIO_init();
..\Hardware\MOTOR.h(7): warning:  #1295-D: Deprecated declaration MOT0_PWM_init - give arg types
  void MOT0_PWM_init();
..\Hardware\MOTOR.h(8): warning:  #1295-D: Deprecated declaration MOT1_GPIO_init - give arg types
  void MOT1_GPIO_init();
..\Hardware\MOTOR.h(9): warning:  #1295-D: Deprecated declaration MOT1_PWM_init - give arg types
  void MOT1_PWM_init();
..\Hardware\MOTOR.h(10): warning:  #1295-D: Deprecated declaration MOT2_GPIO_init - give arg types
  void MOT2_GPIO_init();
..\Hardware\MOTOR.h(11): warning:  #1295-D: Deprecated declaration MOT2_PWM_init - give arg types
  void MOT2_PWM_init();
..\Hardware\MOTOR.h(12): warning:  #1295-D: Deprecated declaration MOT3_GPIO_init - give arg types
  void MOT3_GPIO_init();
..\Hardware\MOTOR.h(13): warning:  #1295-D: Deprecated declaration MOT3_PWM_init - give arg types
  void MOT3_PWM_init();
..\Hardware\MOTOR.h(14): warning:  #1295-D: Deprecated declaration MOT_GPIO_init - give arg types
  void MOT_GPIO_init();
..\Hardware\MOTOR.h(15): warning:  #1295-D: Deprecated declaration MOT_PWM_init - give arg types
  void MOT_PWM_init();
..\Hardware\MPU6050.c: 10 warnings, 0 errors
compiling MOTOR.c...
..\Hardware\MOTOR.h(6): warning:  #1295-D: Deprecated declaration MOT0_GPIO_init - give arg types
  void MOT0_GPIO_init();
..\Hardware\MOTOR.h(7): warning:  #1295-D: Deprecated declaration MOT0_PWM_init - give arg types
  void MOT0_PWM_init();
..\Hardware\MOTOR.h(8): warning:  #1295-D: Deprecated declaration MOT1_GPIO_init - give arg types
  void MOT1_GPIO_init();
..\Hardware\MOTOR.h(9): warning:  #1295-D: Deprecated declaration MOT1_PWM_init - give arg types
  void MOT1_PWM_init();
..\Hardware\MOTOR.h(10): warning:  #1295-D: Deprecated declaration MOT2_GPIO_init - give arg types
  void MOT2_GPIO_init();
..\Hardware\MOTOR.h(11): warning:  #1295-D: Deprecated declaration MOT2_PWM_init - give arg types
  void MOT2_PWM_init();
..\Hardware\MOTOR.h(12): warning:  #1295-D: Deprecated declaration MOT3_GPIO_init - give arg types
  void MOT3_GPIO_init();
..\Hardware\MOTOR.h(13): warning:  #1295-D: Deprecated declaration MOT3_PWM_init - give arg types
  void MOT3_PWM_init();
..\Hardware\MOTOR.h(14): warning:  #1295-D: Deprecated declaration MOT_GPIO_init - give arg types
  void MOT_GPIO_init();
..\Hardware\MOTOR.h(15): warning:  #1295-D: Deprecated declaration MOT_PWM_init - give arg types
  void MOT_PWM_init();
..\Hardware\MOTOR.c(136): warning:  #1-D: last line of file ends without a newline
  }
..\Hardware\MOTOR.c: 11 warnings, 0 errors
linking...
Program Size: Code=18692 RO-data=508 RW-data=208 ZI-data=1040  
FromELF: creating hex file...
"..\Output\Project.axf" - 0 Error(s), 81 Warning(s).
</pre>
</body>
</html>
