<html>
<body>
<pre>
<h1>µVision Build Log</h1>
<h2>Tool Versions:</h2>
IDE-Version: ¶ÃVision V5.14.0.0
Copyright (C) 2015 ARM Ltd and ARM Germany GmbH. All rights reserved.
License Information: M K, D, LIC=8VR63-ATEKU-PZIWB-285A6-48UHB-IHFET
 
Tool Versions:
Toolchain:       MDK-ARM Standard  Version: 5.14.0.0
Toolchain Path:  E:\Program Files\MDK-ARM\ARM\ARMCC\Bin
C Compiler:      Armcc.exe V5.05 update 1 (build 106)
Assembler:       Armasm.exe V5.05 update 1 (build 106)
Linker/Locator:  ArmLink.exe V5.05 update 1 (build 106)
Library Manager: ArmAr.exe V5.05 update 1 (build 106)
Hex Converter:   FromElf.exe V5.05 update 1 (build 106)
CPU DLL:         SARMCM3.DLL V5.14.0.0
Dialog DLL:      DARMSTM.DLL V1.65.0.0
Target DLL:      Segger\JL2CM3.dll V2.99.13.0
Dialog DLL:      TARMSTM.DLL V1.64.0.0
 
<h2>Project:</h2>
D:\Postgraduate\Scientific\Program\Program for Dragon2\2015-04-18 MPU6050+IIC+USART+16M TIM34»Ì µ ±\User\Project.uvproj
Project File Date:  04/16/2015

<h2>Output:</h2>
Rebuild target 'STM32_Project'
assembling startup_stm32f10x_md.s...
compiling main.c...
compiling stm32f10x_it.c...
compiling misc.c...
compiling stm32f10x_gpio.c...
compiling stm32f10x_rcc.c...
compiling stm32f10x_usart.c...
compiling stm32f10x_i2c.c...
compiling stm32f10x_tim.c...
compiling core_cm3.c...
compiling system_stm32f10x.c...
compiling config.c...
compiling delay.c...
compiling HSEconf.c...
compiling LED.c...
compiling sys.c...
compiling usart.c...
compiling IIC.c...
compiling IMU.C...
compiling MPU6050.c...
linking...
Program Size: Code=18276 RO-data=508 RW-data=208 ZI-data=1040  
FromELF: creating hex file...
"..\Output\Project.axf" - 0 Error(s), 0 Warning(s).
</pre>
</body>
</html>
